Component: ARM Compiler 5.06 update 7 (build 960) Tool: armlink [4d3601]

==============================================================================

Section Cross References

    event_groups.o(i.vEventGroupClearBitsCallback) refers to event_groups.o(i.xEventGroupClearBits) for xEventGroupClearBits
    event_groups.o(i.vEventGroupDelete) refers to tasks.o(i.vTaskSuspendAll) for vTaskSuspendAll
    event_groups.o(i.vEventGroupDelete) refers to tasks.o(i.vTaskRemoveFromUnorderedEventList) for vTaskRemoveFromUnorderedEventList
    event_groups.o(i.vEventGroupDelete) refers to heap_4.o(i.vPortFree) for vPortFree
    event_groups.o(i.vEventGroupDelete) refers to tasks.o(i.xTaskResumeAll) for xTaskResumeAll
    event_groups.o(i.vEventGroupSetBitsCallback) refers to event_groups.o(i.xEventGroupSetBits) for xEventGroupSetBits
    event_groups.o(i.xEventGroupClearBits) refers to port.o(i.vPortEnterCritical) for vPortEnterCritical
    event_groups.o(i.xEventGroupClearBits) refers to port.o(i.vPortExitCritical) for vPortExitCritical
    event_groups.o(i.xEventGroupCreate) refers to heap_4.o(i.pvPortMalloc) for pvPortMalloc
    event_groups.o(i.xEventGroupCreate) refers to list.o(i.vListInitialise) for vListInitialise
    event_groups.o(i.xEventGroupSetBits) refers to tasks.o(i.vTaskSuspendAll) for vTaskSuspendAll
    event_groups.o(i.xEventGroupSetBits) refers to tasks.o(i.vTaskRemoveFromUnorderedEventList) for vTaskRemoveFromUnorderedEventList
    event_groups.o(i.xEventGroupSetBits) refers to tasks.o(i.xTaskResumeAll) for xTaskResumeAll
    event_groups.o(i.xEventGroupSync) refers to tasks.o(i.xTaskGetSchedulerState) for xTaskGetSchedulerState
    event_groups.o(i.xEventGroupSync) refers to tasks.o(i.vTaskSuspendAll) for vTaskSuspendAll
    event_groups.o(i.xEventGroupSync) refers to event_groups.o(i.xEventGroupSetBits) for xEventGroupSetBits
    event_groups.o(i.xEventGroupSync) refers to tasks.o(i.vTaskPlaceOnUnorderedEventList) for vTaskPlaceOnUnorderedEventList
    event_groups.o(i.xEventGroupSync) refers to tasks.o(i.xTaskResumeAll) for xTaskResumeAll
    event_groups.o(i.xEventGroupSync) refers to tasks.o(i.uxTaskResetEventItemValue) for uxTaskResetEventItemValue
    event_groups.o(i.xEventGroupSync) refers to port.o(i.vPortEnterCritical) for vPortEnterCritical
    event_groups.o(i.xEventGroupSync) refers to port.o(i.vPortExitCritical) for vPortExitCritical
    event_groups.o(i.xEventGroupWaitBits) refers to tasks.o(i.xTaskGetSchedulerState) for xTaskGetSchedulerState
    event_groups.o(i.xEventGroupWaitBits) refers to tasks.o(i.vTaskSuspendAll) for vTaskSuspendAll
    event_groups.o(i.xEventGroupWaitBits) refers to event_groups.o(i.prvTestWaitCondition) for prvTestWaitCondition
    event_groups.o(i.xEventGroupWaitBits) refers to tasks.o(i.vTaskPlaceOnUnorderedEventList) for vTaskPlaceOnUnorderedEventList
    event_groups.o(i.xEventGroupWaitBits) refers to tasks.o(i.xTaskResumeAll) for xTaskResumeAll
    event_groups.o(i.xEventGroupWaitBits) refers to tasks.o(i.uxTaskResetEventItemValue) for uxTaskResetEventItemValue
    event_groups.o(i.xEventGroupWaitBits) refers to port.o(i.vPortEnterCritical) for vPortEnterCritical
    event_groups.o(i.xEventGroupWaitBits) refers to port.o(i.vPortExitCritical) for vPortExitCritical
    queue.o(i.pcQueueGetName) refers to queue.o(.bss) for xQueueRegistry
    queue.o(i.prvCopyDataFromQueue) refers to rt_memcpy_v6.o(.text) for __aeabi_memcpy
    queue.o(i.prvCopyDataToQueue) refers to tasks.o(i.xTaskPriorityDisinherit) for xTaskPriorityDisinherit
    queue.o(i.prvCopyDataToQueue) refers to rt_memcpy_v6.o(.text) for __aeabi_memcpy
    queue.o(i.prvInitialiseMutex) refers to queue.o(i.xQueueGenericSend) for xQueueGenericSend
    queue.o(i.prvInitialiseNewQueue) refers to queue.o(i.xQueueGenericReset) for xQueueGenericReset
    queue.o(i.prvIsQueueEmpty) refers to port.o(i.vPortEnterCritical) for vPortEnterCritical
    queue.o(i.prvIsQueueEmpty) refers to port.o(i.vPortExitCritical) for vPortExitCritical
    queue.o(i.prvIsQueueFull) refers to port.o(i.vPortEnterCritical) for vPortEnterCritical
    queue.o(i.prvIsQueueFull) refers to port.o(i.vPortExitCritical) for vPortExitCritical
    queue.o(i.prvUnlockQueue) refers to port.o(i.vPortEnterCritical) for vPortEnterCritical
    queue.o(i.prvUnlockQueue) refers to tasks.o(i.xTaskRemoveFromEventList) for xTaskRemoveFromEventList
    queue.o(i.prvUnlockQueue) refers to tasks.o(i.vTaskMissedYield) for vTaskMissedYield
    queue.o(i.prvUnlockQueue) refers to port.o(i.vPortExitCritical) for vPortExitCritical
    queue.o(i.uxQueueMessagesWaiting) refers to port.o(i.vPortEnterCritical) for vPortEnterCritical
    queue.o(i.uxQueueMessagesWaiting) refers to port.o(i.vPortExitCritical) for vPortExitCritical
    queue.o(i.uxQueueSpacesAvailable) refers to port.o(i.vPortEnterCritical) for vPortEnterCritical
[...]
    i.prvResetNextTaskUnblockTime            0x08003a14   Section        0  tasks.o(i.prvResetNextTaskUnblockTime)
    prvResetNextTaskUnblockTime              0x08003a15   Thumb Code    42  tasks.o(i.prvResetNextTaskUnblockTime)
    i.prvSampleTimeNow                       0x08003a48   Section        0  timers.o(i.prvSampleTimeNow)
    prvSampleTimeNow                         0x08003a49   Thumb Code    40  timers.o(i.prvSampleTimeNow)
    i.prvSwitchTimerLists                    0x08003a74   Section        0  timers.o(i.prvSwitchTimerLists)
    prvSwitchTimerLists                      0x08003a75   Thumb Code   156  timers.o(i.prvSwitchTimerLists)
    i.prvTaskExitError                       0x08003b18   Section        0  port.o(i.prvTaskExitError)
    prvTaskExitError                         0x08003b19   Thumb Code    62  port.o(i.prvTaskExitError)
    i.prvTimerTask                           0x08003b5c   Section        0  timers.o(i.prvTimerTask)
    prvTimerTask                             0x08003b5d   Thumb Code    26  timers.o(i.prvTimerTask)
    i.prvUnlockQueue                         0x08003b76   Section        0  queue.o(i.prvUnlockQueue)
    prvUnlockQueue                           0x08003b77   Thumb Code   126  queue.o(i.prvUnlockQueue)
    i.pvPortMalloc                           0x08003bf4   Section        0  heap_4.o(i.pvPortMalloc)
    i.pxPortInitialiseStack                  0x08003d40   Section        0  port.o(i.pxPortInitialiseStack)
    i.stdout_putchar                         0x08003d6c   Section        0  retarget_io.o(i.stdout_putchar)
    stdout_putchar                           0x08003d6d   Thumb Code    12  retarget_io.o(i.stdout_putchar)
    i.ulTaskNotifyTake                       0x08003d78   Section        0  tasks.o(i.ulTaskNotifyTake)
    i.uxListRemove                           0x08003dec   Section        0  list.o(i.uxListRemove)
    i.vApplicationIdleHook                   0x08003e14   Section        0  main.o(i.vApplicationIdleHook)
    i.vApplicationMallocFailedHook           0x08003e18   Section        0  main.o(i.vApplicationMallocFailedHook)
    i.vExternalInterruptTask                 0x08003e1c   Section        0  main.o(i.vExternalInterruptTask)
    i.vListInitialise                        0x08003e3c   Section        0  list.o(i.vListInitialise)
    i.vListInitialiseItem                    0x08003e56   Section        0  list.o(i.vListInitialiseItem)
    i.vListInsert                            0x08003e5c   Section        0  list.o(i.vListInsert)
    i.vListInsertEnd                         0x08003e90   Section        0  list.o(i.vListInsertEnd)
    i.vPortEnterCritical                     0x08003ea8   Section        0  port.o(i.vPortEnterCritical)
    i.vPortExitCritical                      0x08003f00   Section        0  port.o(i.vPortExitCritical)
    i.vPortFree                              0x08003f40   Section        0  heap_4.o(i.vPortFree)
    i.vPortSetupTimerInterrupt               0x08003fd8   Section        0  port.o(i.vPortSetupTimerInterrupt)
    i.vPortValidateInterruptPriority         0x08004000   Section        0  port.o(i.vPortValidateInterruptPriority)
    i.vQueueAddToRegistry                    0x0800407c   Section        0  queue.o(i.vQueueAddToRegistry)
    i.vQueueWaitForMessageRestricted         0x080040a8   Section        0  queue.o(i.vQueueWaitForMessageRestricted)
    i.vTaskDelay                             0x080040f4   Section        0  tasks.o(i.vTaskDelay)
    i.vTaskFinishSendDataFromUart3           0x08004150   Section        0  main.o(i.vTaskFinishSendDataFromUart3)
    i.vTaskInternalSetTimeOutState           0x08004160   Section        0  tasks.o(i.vTaskInternalSetTimeOutState)
    i.vTaskMissedYield                       0x08004178   Section        0  tasks.o(i.vTaskMissedYield)
    i.vTaskNotifyGiveFromISR                 0x08004184   Section        0  tasks.o(i.vTaskNotifyGiveFromISR)
    i.vTaskPlaceOnEventList                  0x08004278   Section        0  tasks.o(i.vTaskPlaceOnEventList)
    i.vTaskPlaceOnEventListRestricted        0x080042b4   Section        0  tasks.o(i.vTaskPlaceOnEventListRestricted)
    i.vTaskReceiveDataByUart2                0x080042f8   Section        0  main.o(i.vTaskReceiveDataByUart2)
    i.vTaskSendDataFromUart3                 0x080043a0   Section        0  main.o(i.vTaskSendDataFromUart3)
    i.vTaskStartScheduler                    0x080043cc   Section        0  tasks.o(i.vTaskStartScheduler)
    i.vTaskSuspendAll                        0x08004460   Section        0  tasks.o(i.vTaskSuspendAll)
    i.vTaskSwitchContext                     0x08004470   Section        0  tasks.o(i.vTaskSwitchContext)
    i.vTimerInterruptTask                    0x080044fc   Section        0  main.o(i.vTimerInterruptTask)
    i.xPortStartScheduler                    0x0800451c   Section        0  port.o(i.xPortStartScheduler)
    i.xQueueGenericCreate                    0x0800468c   Section        0  queue.o(i.xQueueGenericCreate)
    i.xQueueGenericReset                     0x080046e8   Section        0  queue.o(i.xQueueGenericReset)
    i.xQueueGenericSend                      0x08004780   Section        0  queue.o(i.xQueueGenericSend)
    i.xQueueGenericSendFromISR               0x08004930   Section        0  queue.o(i.xQueueGenericSendFromISR)
    i.xQueueReceive                          0x08004a30   Section        0  queue.o(i.xQueueReceive)
    i.xTaskCheckForTimeOut                   0x08004ba0   Section        0  tasks.o(i.xTaskCheckForTimeOut)
    i.xTaskCreate                            0x08004c30   Section        0  tasks.o(i.xTaskCreate)
    i.xTaskGetSchedulerState                 0x08004c90   Section        0  tasks.o(i.xTaskGetSchedulerState)
    i.xTaskGetTickCount                      0x08004cb0   Section        0  tasks.o(i.xTaskGetTickCount)
    i.xTaskIncrementTick                     0x08004cbc   Section        0  tasks.o(i.xTaskIncrementTick)
    i.xTaskPriorityDisinherit                0x08004e04   Section        0  tasks.o(i.xTaskPriorityDisinherit)
    i.xTaskRemoveFromEventList               0x08004ed0   Section        0  tasks.o(i.xTaskRemoveFromEventList)
    i.xTaskResumeAll                         0x08004f6c   Section        0  tasks.o(i.xTaskResumeAll)
    i.xTimerCreateTimerTask                  0x08005074   Section        0  timers.o(i.xTimerCreateTimerTask)
    i.xTimerGenericCommand                   0x080050cc   Section        0  timers.o(i.xTimerGenericCommand)
    x$fpl$fpinit                             0x08005150   Section       10  fpinit.o(x$fpl$fpinit)
    $v0                                      0x08005150   Number         0  fpinit.o(x$fpl$fpinit)
    .constdata                               0x0800515a   Section       23  retarget_io.o(.constdata)
    .constdata                               0x08005171   Section       24  system_stm32f4xx.o(.constdata)
    .data                                    0x20000000   Section       60  tasks.o(.data)
    pxDelayedTaskList                        0x20000004   Data           4  tasks.o(.data)
    pxOverflowDelayedTaskList                0x20000008   Data           4  tasks.o(.data)
    uxDeletedTasksWaitingCleanUp             0x2000000c   Data           4  tasks.o(.data)
    uxCurrentNumberOfTasks                   0x20000010   Data           4  tasks.o(.data)
    xTickCount                               0x20000014   Data           4  tasks.o(.data)
    uxTopReadyPriority                       0x20000018   Data           4  tasks.o(.data)
    xSchedulerRunning                        0x2000001c   Data           4  tasks.o(.data)
    uxPendedTicks                            0x20000020   Data           4  tasks.o(.data)
    xYieldPending                            0x20000024   Data           4  tasks.o(.data)
    xNumOfOverflows                          0x20000028   Data           4  tasks.o(.data)
    uxTaskNumber                             0x2000002c   Data           4  tasks.o(.data)
    xNextTaskUnblockTime                     0x20000030   Data           4  tasks.o(.data)
    xIdleTaskHandle                          0x20000034   Data           4  tasks.o(.data)
    uxSchedulerSuspended                     0x20000038   Data           4  tasks.o(.data)
    .data                                    0x2000003c   Section       20  timers.o(.data)
    pxCurrentTimerList                       0x2000003c   Data           4  timers.o(.data)
    pxOverflowTimerList                      0x20000040   Data           4  timers.o(.data)
    xTimerQueue                              0x20000044   Data           4  timers.o(.data)
    xTimerTaskHandle                         0x20000048   Data           4  timers.o(.data)
    xLastTime                                0x2000004c   Data           4  timers.o(.data)
    .data                                    0x20000050   Section       24  heap_4.o(.data)
    xStart                                   0x20000050   Data           8  heap_4.o(.data)
    pxEnd                                    0x20000058   Data           4  heap_4.o(.data)
    xFreeBytesRemaining                      0x2000005c   Data           4  heap_4.o(.data)
    xMinimumEverFreeBytesRemaining           0x20000060   Data           4  heap_4.o(.data)
    xBlockAllocatedBit                       0x20000064   Data           4  heap_4.o(.data)
    .data                                    0x20000068   Section       12  port.o(.data)
    uxCriticalNesting                        0x20000068   Data           4  port.o(.data)
    ucMaxSysCallPriority                     0x2000006c   Data           1  port.o(.data)
    ulMaxPRIGROUPValue                       0x20000070   Data           4  port.o(.data)
    .data                                    0x20000074   Section       81  main.o(.data)
    xcpCtoRxLength                           0x200000bb   Data           1  main.o(.data)
    xcpCtoRxInProgress                       0x200000bc   Data           1  main.o(.data)
    xcpCtoRxStartTime                        0x200000c0   Data           4  main.o(.data)
    numByte                                  0x200000c4   Data           1  main.o(.data)
    .data                                    0x200000c8   Section        9  stm32f4xx_hal.o(.data)
    .data                                    0x200000d4   Section        4  system_stm32f4xx.o(.data)
    .data                                    0x200000d8   Section        4  stdio_streams.o(.data)
    .data                                    0x200000dc   Section        4  stdio_streams.o(.data)
    .data                                    0x200000e0   Section        4  stdio_streams.o(.data)
    .bss                                     0x200000e4   Section       64  queue.o(.bss)
    .bss                                     0x20000124   Section      260  tasks.o(.bss)
    pxReadyTasksLists                        0x20000124   Data         160  tasks.o(.bss)
    xDelayedTaskList1                        0x200001c4   Data          20  tasks.o(.bss)
    xDelayedTaskList2                        0x200001d8   Data          20  tasks.o(.bss)
    xPendingReadyList                        0x200001ec   Data          20  tasks.o(.bss)
    xTasksWaitingTermination                 0x20000200   Data          20  tasks.o(.bss)
    xSuspendedTaskList                       0x20000214   Data          20  tasks.o(.bss)
    .bss                                     0x20000228   Section       40  timers.o(.bss)
    xActiveTimerList1                        0x20000228   Data          20  timers.o(.bss)
    xActiveTimerList2                        0x2000023c   Data          20  timers.o(.bss)
    .bss                                     0x20000250   Section    40960  heap_4.o(.bss)
    ucHeap                                   0x20000250   Data       40960  heap_4.o(.bss)
    .bss                                     0x2000a250   Section      769  main.o(.bss)
    xcpCtoReqPacket                          0x2000a510   Data          65  main.o(.bss)
    .bss                                     0x2000a554   Section       84  stdio_streams.o(.bss)
    .bss                                     0x2000a5a8   Section       84  stdio_streams.o(.bss)
    .bss                                     0x2000a5fc   Section       84  stdio_streams.o(.bss)
    .bss                                     0x2000a650   Section       96  libspace.o(.bss)
    HEAP                                     0x2000a6b0   Section      512  startup_stm32f407xx.o(HEAP)
    Heap_Mem                                 0x2000a6b0   Data         512  startup_stm32f407xx.o(HEAP)
    STACK                                    0x2000a8b0   Section     2048  startup_stm32f407xx.o(STACK)
    Stack_Mem                                0x2000a8b0   Data        2048  startup_stm32f407xx.o(STACK)
    __initial_sp                             0x2000b0b0   Data           0  startup_stm32f407xx.o(STACK)

    Global Symbols

    Symbol Name                              Value     Ov Type        Size  Object(Section)

    BuildAttributes$$THM_ISAv4$E$P$D$K$B$S$7EM$VFPi3$EXTD16$VFPS$VFMA$PE$A:L22UL41UL21$X:L11$S22US41US21$IEEE1$IW$USESV6$~STKCKD$USESV7$~SHL$OTIME$ROPI$EBA8$UX$STANDARDLIB$REQ8$PRES8$EABIv2 0x00000000   Number         0  anon$$obj.o ABSOLUTE
    __ARM_use_no_argv                        0x00000000   Number         0  main.o ABSOLUTE
    __ARM_exceptions_init                     - Undefined Weak Reference
    __alloca_initialize                       - Undefined Weak Reference
    __arm_fini_                               - Undefined Weak Reference
    __arm_preinit_                            - Undefined Weak Reference
    __cpp_initialize__aeabi_                  - Undefined Weak Reference
    __cxa_finalize                            - Undefined Weak Reference
    __rt_locale                               - Undefined Weak Reference
    __sigvec_lookup                           - Undefined Weak Reference
    __user_heap_extent                        - Undefined Weak Reference
    _atexit_init                              - Undefined Weak Reference
    _call_atexit_fns                          - Undefined Weak Reference
    _clock_init                               - Undefined Weak Reference
    _fp_trap_init                             - Undefined Weak Reference
    _fp_trap_shutdown                         - Undefined Weak Reference
    _get_lc_collate                           - Undefined Weak Reference
    _get_lc_ctype                             - Undefined Weak Reference
    _get_lc_monetary                          - Undefined Weak Reference
    _get_lc_numeric                           - Undefined Weak Reference
    _get_lc_time                              - Undefined Weak Reference
    _getenv_init                              - Undefined Weak Reference
    _handle_redirection                       - Undefined Weak Reference
    _mutex_acquire                            - Undefined Weak Reference
    _mutex_free                               - Undefined Weak Reference
    _mutex_release                            - Undefined Weak Reference
    _rand_init                                - Undefined Weak Reference
    _signal_finish                            - Undefined Weak Reference
    _signal_init                              - Undefined Weak Reference
    __Vectors_Size                           0x0000018c   Number         0  startup_stm32f407xx.o ABSOLUTE
    __Vectors                                0x08000000   Data           4  startup_stm32f407xx.o(RESET)
    __Vectors_End                            0x0800018c   Data           0  startup_stm32f407xx.o(RESET)
    __main                                   0x0800018d   Thumb Code     8  __main.o(!!!main)
    __scatterload                            0x08000195   Thumb Code     0  __scatter.o(!!!scatter)
    __scatterload_rt2                        0x08000195   Thumb Code    44  __scatter.o(!!!scatter)
    __scatterload_rt2_thumb_only             0x08000195   Thumb Code     0  __scatter.o(!!!scatter)
    __scatterload_null                       0x080001a3   Thumb Code     0  __scatter.o(!!!scatter)
    __scatterload_copy                       0x080001c9   Thumb Code    26  __scatter_copy.o(!!handler_copy)
    __scatterload_zeroinit                   0x080001e5   Thumb Code    28  __scatter_zi.o(!!handler_zi)
    __rt_lib_init                            0x08000201   Thumb Code     0  libinit.o(.ARM.Collect$$libinit$$00000000)
    __rt_lib_init_fp_1                       0x08000203   Thumb Code     0  libinit2.o(.ARM.Collect$$libinit$$00000001)
    __rt_lib_init_heap_2                     0x08000207   Thumb Code     0  libinit2.o(.ARM.Collect$$libinit$$00000005)
    __rt_lib_init_preinit_1                  0x08000207   Thumb Code     0  libinit2.o(.ARM.Collect$$libinit$$00000004)
    __rt_lib_init_atexit_1                   0x0800020f   Thumb Code     0  libinit2.o(.ARM.Collect$$libinit$$0000001B)
    __rt_lib_init_clock_1                    0x0800020f   Thumb Code     0  libinit2.o(.ARM.Collect$$libinit$$00000021)
    __rt_lib_init_fp_trap_1                  0x0800020f   Thumb Code     0  libinit2.o(.ARM.Collect$$libinit$$0000001F)
    __rt_lib_init_getenv_1                   0x0800020f   Thumb Code     0  libinit2.o(.ARM.Collect$$libinit$$00000023)
    __rt_lib_init_heap_1                     0x0800020f   Thumb Code     0  libinit2.o(.ARM.Collect$$libinit$$0000000A)
    __rt_lib_init_lc_collate_1               0x0800020f   Thumb Code     0  libinit2.o(.ARM.Collect$$libinit$$00000011)
    __rt_lib_init_lc_ctype_1                 0x0800020f   Thumb Code     0  libinit2.o(.ARM.Collect$$libinit$$00000013)
    __rt_lib_init_lc_monetary_1              0x0800020f   Thumb Code     0  libinit2.o(.ARM.Collect$$libinit$$00000015)
    __rt_lib_init_lc_numeric_1               0x0800020f   Thumb Code     0  libinit2.o(.ARM.Collect$$libinit$$00000017)
    __rt_lib_init_lc_time_1                  0x0800020f   Thumb Code     0  libinit2.o(.ARM.Collect$$libinit$$00000019)
    __rt_lib_init_rand_1                     0x0800020f   Thumb Code     0  libinit2.o(.ARM.Collect$$libinit$$0000000E)
    __rt_lib_init_signal_1                   0x0800020f   Thumb Code     0  libinit2.o(.ARM.Collect$$libinit$$0000001D)
    __rt_lib_init_stdio_2                    0x0800020f   Thumb Code     0  libinit2.o(.ARM.Collect$$libinit$$00000024)
    __rt_lib_init_user_alloc_1               0x0800020f   Thumb Code     0  libinit2.o(.ARM.Collect$$libinit$$0000000C)
    __rt_lib_init_alloca_1                   0x08000213   Thumb Code     0  libinit2.o(.ARM.Collect$$libinit$$0000002E)
    __rt_lib_init_argv_1                     0x08000213   Thumb Code     0  libinit2.o(.ARM.Collect$$libinit$$0000002C)
    __rt_lib_init_cpp_1                      0x08000213   Thumb Code     0  libinit2.o(.ARM.Collect$$libinit$$00000032)
    __rt_lib_init_exceptions_1               0x08000213   Thumb Code     0  libinit2.o(.ARM.Collect$$libinit$$00000030)
    __rt_lib_init_return                     0x08000213   Thumb Code     0  libinit2.o(.ARM.Collect$$libinit$$00000033)
    __rt_lib_init_stdio_1                    0x08000213   Thumb Code     0  libinit2.o(.ARM.Collect$$libinit$$00000025)
    __rt_lib_shutdown                        0x08000215   Thumb Code     0  libshutdown.o(.ARM.Collect$$libshutdown$$00000000)
    __rt_lib_shutdown_cpp_1                  0x08000217   Thumb Code     0  libshutdown2.o(.ARM.Collect$$libshutdown$$00000004)
    __rt_lib_shutdown_fini_1                 0x08000217   Thumb Code     0  libshutdown2.o(.ARM.Collect$$libshutdown$$00000002)
    __rt_lib_shutdown_stdio_2                0x08000217   Thumb Code     0  libshutdown2.o(.ARM.Collect$$libshutdown$$00000005)
    __rt_lib_shutdown_fp_trap_1              0x0800021b   Thumb Code     0  libshutdown2.o(.ARM.Collect$$libshutdown$$00000009)
    __rt_lib_shutdown_heap_1                 0x0800021b   Thumb Code     0  libshutdown2.o(.ARM.Collect$$libshutdown$$00000011)
    __rt_lib_shutdown_return                 0x0800021b   Thumb Code     0  libshutdown2.o(.ARM.Collect$$libshutdown$$00000012)
    __rt_lib_shutdown_signal_1               0x0800021b   Thumb Code     0  libshutdown2.o(.ARM.Collect$$libshutdown$$0000000C)
    __rt_lib_shutdown_stdio_1                0x0800021b   Thumb Code     0  libshutdown2.o(.ARM.Collect$$libshutdown$$00000006)
    __rt_lib_shutdown_user_alloc_1           0x0800021b   Thumb Code     0  libshutdown2.o(.ARM.Collect$$libshutdown$$0000000E)
    __rt_entry                               0x0800021d   Thumb Code     0  __rtentry.o(.ARM.Collect$$rtentry$$00000000)
    __rt_entry_presh_1                       0x0800021d   Thumb Code     0  __rtentry2.o(.ARM.Collect$$rtentry$$00000002)
    __rt_entry_sh                            0x0800021d   Thumb Code     0  __rtentry4.o(.ARM.Collect$$rtentry$$00000004)
    __rt_entry_li                            0x08000223   Thumb Code     0  __rtentry2.o(.ARM.Collect$$rtentry$$0000000A)
    __rt_entry_postsh_1                      0x08000223   Thumb Code     0  __rtentry2.o(.ARM.Collect$$rtentry$$00000009)
    __rt_entry_main                          0x08000227   Thumb Code     0  __rtentry2.o(.ARM.Collect$$rtentry$$0000000D)
    __rt_entry_postli_1                      0x08000227   Thumb Code     0  __rtentry2.o(.ARM.Collect$$rtentry$$0000000C)
    __rt_exit                                0x0800022f   Thumb Code     0  rtexit.o(.ARM.Collect$$rtexit$$00000000)
    __rt_exit_ls                             0x08000231   Thumb Code     0  rtexit2.o(.ARM.Collect$$rtexit$$00000003)
    __rt_exit_prels_1                        0x08000231   Thumb Code     0  rtexit2.o(.ARM.Collect$$rtexit$$00000002)
    __rt_exit_exit                           0x08000235   Thumb Code     0  rtexit2.o(.ARM.Collect$$rtexit$$00000004)
    SVC_Handler                              0x0800023d   Thumb Code    28  port.o(.emb_text)
    __asm___6_port_c_39a90d8d__prvStartFirstTask 0x0800025d   Thumb Code    36  port.o(.emb_text)
    __asm___6_port_c_39a90d8d__prvEnableVFP  0x08000285   Thumb Code    16  port.o(.emb_text)
    PendSV_Handler                           0x08000299   Thumb Code    88  port.o(.emb_text)
    vPortGetIPSR                             0x080002f5   Thumb Code     6  port.o(.emb_text)
    Reset_Handler                            0x080002fd   Thumb Code    12  startup_stm32f407xx.o(.text)
    _maybe_terminate_alloc                   0x080002fd   Thumb Code     0  maybetermalloc1.o(.emb_text)
    NMI_Handler                              0x08000309   Thumb Code     2  startup_stm32f407xx.o(.text)
    HardFault_Handler                        0x0800030b   Thumb Code     2  startup_stm32f407xx.o(.text)
    MemManage_Handler                        0x0800030d   Thumb Code     2  startup_stm32f407xx.o(.text)
    BusFault_Handler                         0x0800030f   Thumb Code     2  startup_stm32f407xx.o(.text)
    UsageFault_Handler                       0x08000311   Thumb Code     2  startup_stm32f407xx.o(.text)
    DebugMon_Handler                         0x08000315   Thumb Code     2  startup_stm32f407xx.o(.text)
    ADC_IRQHandler                           0x0800031b   Thumb Code     0  startup_stm32f407xx.o(.text)
    CAN1_RX0_IRQHandler                      0x0800031b   Thumb Code     0  startup_stm32f407xx.o(.text)
    CAN1_RX1_IRQHandler                      0x0800031b   Thumb Code     0  startup_stm32f407xx.o(.text)
    CAN1_SCE_IRQHandler                      0x0800031b   Thumb Code     0  startup_stm32f407xx.o(.text)
    CAN1_TX_IRQHandler                       0x0800031b   Thumb Code     0  startup_stm32f407xx.o(.text)
    CAN2_RX0_IRQHandler                      0x0800031b   Thumb Code     0  startup_stm32f407xx.o(.text)
    CAN2_RX1_IRQHandler                      0x0800031b   Thumb Code     0  startup_stm32f407xx.o(.text)
    CAN2_SCE_IRQHandler                      0x0800031b   Thumb Code     0  startup_stm32f407xx.o(.text)
    CAN2_TX_IRQHandler                       0x0800031b   Thumb Code     0  startup_stm32f407xx.o(.text)
    DMA1_Stream0_IRQHandler                  0x0800031b   Thumb Code     0  startup_stm32f407xx.o(.text)
    DMA1_Stream1_IRQHandler                  0x0800031b   Thumb Code     0  startup_stm32f407xx.o(.text)
    DMA1_Stream2_IRQHandler                  0x0800031b   Thumb Code     0  startup_stm32f407xx.o(.text)
    DMA1_Stream3_IRQHandler                  0x0800031b   Thumb Code     0  startup_stm32f407xx.o(.text)
    DMA1_Stream4_IRQHandler                  0x0800031b   Thumb Code     0  startup_stm32f407xx.o(.text)
    DMA1_Stream5_IRQHandler                  0x0800031b   Thumb Code     0  startup_stm32f407xx.o(.text)
    DMA1_Stream6_IRQHandler                  0x0800031b   Thumb Code     0  startup_stm32f407xx.o(.text)
    DMA1_Stream7_IRQHandler                  0x0800031b   Thumb Code     0  startup_stm32f407xx.o(.text)
    DMA2_Stream0_IRQHandler                  0x0800031b   Thumb Code     0  startup_stm32f407xx.o(.text)
    DMA2_Stream1_IRQHandler                  0x0800031b   Thumb Code     0  startup_stm32f407xx.o(.text)
    DMA2_Stream2_IRQHandler                  0x0800031b   Thumb Code     0  startup_stm32f407xx.o(.text)
    DMA2_Stream3_IRQHandler                  0x0800031b   Thumb Code     0  startup_stm32f407xx.o(.text)
    DMA2_Stream4_IRQHandler                  0x0800031b   Thumb Code     0  startup_stm32f407xx.o(.text)
    DMA2_Stream5_IRQHandler                  0x0800031b   Thumb Code     0  startup_stm32f407xx.o(.text)
    DMA2_Stream6_IRQHandler                  0x0800031b   Thumb Code     0  startup_stm32f407xx.o(.text)
    DMA2_Stream7_IRQHandler                  0x0800031b   Thumb Code     0  startup_stm32f407xx.o(.text)
    EXTI15_10_IRQHandler                     0x0800031b   Thumb Code     0  startup_stm32f407xx.o(.text)
    EXTI1_IRQHandler                         0x0800031b   Thumb Code     0  startup_stm32f407xx.o(.text)
    EXTI2_IRQHandler                         0x0800031b   Thumb Code     0  startup_stm32f407xx.o(.text)
    EXTI3_IRQHandler                         0x0800031b   Thumb Code     0  startup_stm32f407xx.o(.text)
    EXTI4_IRQHandler                         0x0800031b   Thumb Code     0  startup_stm32f407xx.o(.text)
    EXTI9_5_IRQHandler                       0x0800031b   Thumb Code     0  startup_stm32f407xx.o(.text)
    FLASH_IRQHandler                         0x0800031b   Thumb Code     0  startup_stm32f407xx.o(.text)
    FMC_IRQHandler                           0x0800031b   Thumb Code     0  startup_stm32f407xx.o(.text)
    FPU_IRQHandler                           0x0800031b   Thumb Code     0  startup_stm32f407xx.o(.text)
    HASH_RNG_IRQHandler                      0x0800031b   Thumb Code     0  startup_stm32f407xx.o(.text)
    I2C1_ER_IRQHandler                       0x0800031b   Thumb Code     0  startup_stm32f407xx.o(.text)
    I2C1_EV_IRQHandler                       0x0800031b   Thumb Code     0  startup_stm32f407xx.o(.text)
    I2C2_ER_IRQHandler                       0x0800031b   Thumb Code     0  startup_stm32f407xx.o(.text)
    I2C2_EV_IRQHandler                       0x0800031b   Thumb Code     0  startup_stm32f407xx.o(.text)
    I2C3_ER_IRQHandler                       0x0800031b   Thumb Code     0  startup_stm32f407xx.o(.text)
    I2C3_EV_IRQHandler                       0x0800031b   Thumb Code     0  startup_stm32f407xx.o(.text)
    OTG_FS_IRQHandler                        0x0800031b   Thumb Code     0  startup_stm32f407xx.o(.text)
    OTG_FS_WKUP_IRQHandler                   0x0800031b   Thumb Code     0  startup_stm32f407xx.o(.text)
    OTG_HS_EP1_IN_IRQHandler                 0x0800031b   Thumb Code     0  startup_stm32f407xx.o(.text)
    OTG_HS_EP1_OUT_IRQHandler                0x0800031b   Thumb Code     0  startup_stm32f407xx.o(.text)
    OTG_HS_IRQHandler                        0x0800031b   Thumb Code     0  startup_stm32f407xx.o(.text)
    OTG_HS_WKUP_IRQHandler                   0x0800031b   Thumb Code     0  startup_stm32f407xx.o(.text)
    PVD_IRQHandler                           0x0800031b   Thumb Code     0  startup_stm32f407xx.o(.text)
    RCC_IRQHandler                           0x0800031b   Thumb Code     0  startup_stm32f407xx.o(.text)
    RTC_Alarm_IRQHandler                     0x0800031b   Thumb Code     0  startup_stm32f407xx.o(.text)
    RTC_WKUP_IRQHandler                      0x0800031b   Thumb Code     0  startup_stm32f407xx.o(.text)
    SDIO_IRQHandler                          0x0800031b   Thumb Code     0  startup_stm32f407xx.o(.text)
    SPI1_IRQHandler                          0x0800031b   Thumb Code     0  startup_stm32f407xx.o(.text)
    SPI2_IRQHandler                          0x0800031b   Thumb Code     0  startup_stm32f407xx.o(.text)
    SPI3_IRQHandler                          0x0800031b   Thumb Code     0  startup_stm32f407xx.o(.text)
    TAMP_STAMP_IRQHandler                    0x0800031b   Thumb Code     0  startup_stm32f407xx.o(.text)
    TIM1_BRK_TIM9_IRQHandler                 0x0800031b   Thumb Code     0  startup_stm32f407xx.o(.text)
    TIM1_CC_IRQHandler                       0x0800031b   Thumb Code     0  startup_stm32f407xx.o(.text)
    TIM1_TRG_COM_TIM11_IRQHandler            0x0800031b   Thumb Code     0  startup_stm32f407xx.o(.text)
    TIM1_UP_TIM10_IRQHandler                 0x0800031b   Thumb Code     0  startup_stm32f407xx.o(.text)
    TIM3_IRQHandler                          0x0800031b   Thumb Code     0  startup_stm32f407xx.o(.text)
    TIM4_IRQHandler                          0x0800031b   Thumb Code     0  startup_stm32f407xx.o(.text)
    TIM5_IRQHandler                          0x0800031b   Thumb Code     0  startup_stm32f407xx.o(.text)
    TIM6_DAC_IRQHandler                      0x0800031b   Thumb Code     0  startup_stm32f407xx.o(.text)
    TIM7_IRQHandler                          0x0800031b   Thumb Code     0  startup_stm32f407xx.o(.text)
    TIM8_BRK_TIM12_IRQHandler                0x0800031b   Thumb Code     0  startup_stm32f407xx.o(.text)
    TIM8_CC_IRQHandler                       0x0800031b   Thumb Code     0  startup_stm32f407xx.o(.text)
    TIM8_TRG_COM_TIM14_IRQHandler            0x0800031b   Thumb Code     0  startup_stm32f407xx.o(.text)
    TIM8_UP_TIM13_IRQHandler                 0x0800031b   Thumb Code     0  startup_stm32f407xx.o(.text)
    UART4_IRQHandler                         0x0800031b   Thumb Code     0  startup_stm32f407xx.o(.text)
    UART5_IRQHandler                         0x0800031b   Thumb Code     0  startup_stm32f407xx.o(.text)
    USART1_IRQHandler                        0x0800031b   Thumb Code     0  startup_stm32f407xx.o(.text)
    USART6_IRQHandler                        0x0800031b   Thumb Code     0  startup_stm32f407xx.o(.text)
    WWDG_IRQHandler                          0x0800031b   Thumb Code     0  startup_stm32f407xx.o(.text)
    __user_initial_stackheap                 0x0800031d   Thumb Code     0  startup_stm32f407xx.o(.text)
    __aeabi_uldivmod                         0x08000345   Thumb Code     0  lludivv7m.o(.text)
    _ll_udiv                                 0x08000345   Thumb Code   238  lludivv7m.o(.text)
    __2printf                                0x08000435   Thumb Code    20  noretval__2printf.o(.text)
    __aeabi_memcpy                           0x0800044d   Thumb Code     0  rt_memcpy_v6.o(.text)
    __rt_memcpy                              0x0800044d   Thumb Code   138  rt_memcpy_v6.o(.text)
    _memcpy_lastbytes                        0x080004b3   Thumb Code     0  rt_memcpy_v6.o(.text)
    __aeabi_memset                           0x080004d7   Thumb Code    16  aeabi_memset.o(.text)
    __aeabi_memclr4                          0x080004e7   Thumb Code     0  rt_memclr_w.o(.text)
    __aeabi_memclr8                          0x080004e7   Thumb Code     0  rt_memclr_w.o(.text)
    __rt_memclr_w                            0x080004e7   Thumb Code    78  rt_memclr_w.o(.text)
    _memset_w                                0x080004eb   Thumb Code     0  rt_memclr_w.o(.text)
    strcmp                                   0x08000535   Thumb Code   128  strcmpv7m.o(.text)
    __use_two_region_memory                  0x080005b5   Thumb Code     2  heapauxi.o(.text)
    __rt_heap_escrow                         0x080005b7   Thumb Code     2  heapauxi.o(.text)
    __rt_heap_expand                         0x080005b9   Thumb Code     2  heapauxi.o(.text)
    _printf_char_file                        0x080005bd   Thumb Code    32  _printf_char_file.o(.text)
    __aeabi_memcpy4                          0x080005e1   Thumb Code     0  rt_memcpy_w.o(.text)
    __aeabi_memcpy8                          0x080005e1   Thumb Code     0  rt_memcpy_w.o(.text)
    __rt_memcpy_w                            0x080005e1   Thumb Code   100  rt_memcpy_w.o(.text)
    _memcpy_lastbytes_aligned                0x08000629   Thumb Code     0  rt_memcpy_w.o(.text)
    __aeabi_memclr                           0x08000645   Thumb Code     0  rt_memclr.o(.text)
    __rt_memclr                              0x08000645   Thumb Code    68  rt_memclr.o(.text)
    _memset                                  0x08000649   Thumb Code     0  rt_memclr.o(.text)
    _printf_char_common                      0x08000693   Thumb Code    32  _printf_char_common.o(.text)
    ferror                                   0x080006b9   Thumb Code     8  ferror.o(.text)
    _initio                                  0x080006c1   Thumb Code   210  initio.o(.text)
    _terminateio                             0x08000793   Thumb Code    56  initio.o(.text)
    __user_setup_stackheap                   0x080007f9   Thumb Code    74  sys_stackheap_outer.o(.text)
    free                                     0x08000843   Thumb Code    78  h1_free.o(.text)
    __printf                                 0x08000891   Thumb Code    40  __printf_nopercent.o(.text)
    __flsbuf                                 0x080008b9   Thumb Code   470  flsbuf.o(.text)
    __flsbuf_byte                            0x080008b9   Thumb Code     0  flsbuf.o(.text)
    __flsbuf_wide                            0x080008b9   Thumb Code     0  flsbuf.o(.text)
    setvbuf                                  0x08000a8f   Thumb Code    70  setvbuf.o(.text)
    freopen                                  0x08000ad5   Thumb Code   158  fopen.o(.text)
    fopen                                    0x08000b73   Thumb Code    74  fopen.o(.text)
    _fclose_internal                         0x08000bc1   Thumb Code    76  fclose.o(.text)
    fclose                                   0x08000bc1   Thumb Code     0  fclose.o(.text)
    exit                                     0x08000c0d   Thumb Code    18  exit.o(.text)
    __rt_SIGRTRED                            0x08000c1f   Thumb Code    14  defsig_rtred_outer.o(.text)
    __user_libspace                          0x08000c2d   Thumb Code     8  libspace.o(.text)
    __user_perproc_libspace                  0x08000c2d   Thumb Code     0  libspace.o(.text)
    __user_perthread_libspace                0x08000c2d   Thumb Code     0  libspace.o(.text)
    __rt_heap_descriptor                     0x08000c35   Thumb Code     8  rt_heap_descriptor_intlibspace.o(.text)
    __use_no_heap                            0x08000c3d   Thumb Code     2  hguard.o(.text)
    __heap$guard                             0x08000c3f   Thumb Code     2  hguard.o(.text)
    _terminate_user_alloc                    0x08000c41   Thumb Code     2  init_alloc.o(.text)
    _init_user_alloc                         0x08000c43   Thumb Code     2  init_alloc.o(.text)
    __Heap_Full                              0x08000c45   Thumb Code    34  init_alloc.o(.text)
    __Heap_Broken                            0x08000c67   Thumb Code     6  init_alloc.o(.text)
    _init_alloc                              0x08000c6d   Thumb Code    94  init_alloc.o(.text)
    malloc                                   0x08000ccb   Thumb Code    94  h1_alloc.o(.text)
    _fseek                                   0x08000d29   Thumb Code   242  fseek.o(.text)
    fseek                                    0x08000d29   Thumb Code     0  fseek.o(.text)
    _seterr                                  0x08000e21   Thumb Code    20  stdio.o(.text)
    _writebuf                                0x08000e35   Thumb Code    84  stdio.o(.text)
    _fflush                                  0x08000e89   Thumb Code    70  stdio.o(.text)
    _deferredlazyseek                        0x08000ecf   Thumb Code    60  stdio.o(.text)
    __sig_exit                               0x08000f11   Thumb Code    10  defsig_exit.o(.text)
    __rt_SIGRTRED_inner                      0x08000f1d   Thumb Code    14  defsig_rtred_inner.o(.text)
    _sys_exit                                0x08000f51   Thumb Code     8  sys_exit.o(.text)
    __Heap_Initialize                        0x08000f5d   Thumb Code    10  h1_init.o(.text)
    __Heap_DescSize                          0x08000f67   Thumb Code     4  h1_init.o(.text)
    __Heap_ProvideMemory                     0x08000f6b   Thumb Code    52  h1_extend.o(.text)
    _ftell_internal                          0x08000f9f   Thumb Code    66  ftell.o(.text)
    ftell                                    0x08000f9f   Thumb Code     0  ftell.o(.text)
    __default_signal_display                 0x08000fe1   Thumb Code    50  defsig_general.o(.text)
    __rt_SIGRTMEM                            0x08001013   Thumb Code    14  defsig_rtmem_outer.o(.text)
    _ttywrch                                 0x08001021   Thumb Code    14  sys_wrch.o(.text)
    __I$use$semihosting                      0x0800102f   Thumb Code     0  use_no_semi.o(.text)
    __use_no_semihosting_swi                 0x0800102f   Thumb Code     2  use_no_semi.o(.text)
    __aeabi_errno_addr                       0x08001031   Thumb Code     8  rt_errno_addr_intlibspace.o(.text)
    __errno$intlibspace                      0x08001031   Thumb Code     0  rt_errno_addr_intlibspace.o(.text)
    __rt_errno_addr$intlibspace              0x08001031   Thumb Code     0  rt_errno_addr_intlibspace.o(.text)
    __semihosting_library_function           0x08001031   Thumb Code     0  indicate_semi.o(.text)
    __rt_SIGRTMEM_inner                      0x08001039   Thumb Code    22  defsig_rtmem_inner.o(.text)
    BootActivate                             0x08001089   Thumb Code    36  boot.o(i.BootActivate)
    EXTI0_IRQHandler                         0x080010b5   Thumb Code    20  main.o(i.EXTI0_IRQHandler)
    Error_Handler                            0x080010cd   Thumb Code     6  main.o(i.Error_Handler)
    HAL_DMA_Abort_IT                         0x080010d3   Thumb Code    40  stm32f4xx_hal_dma.o(i.HAL_DMA_Abort_IT)
    HAL_GPIO_EXTI_Callback                   0x080010fb   Thumb Code     2  stm32f4xx_hal_gpio.o(i.HAL_GPIO_EXTI_Callback)
    HAL_GPIO_EXTI_IRQHandler                 0x080010fd   Thumb Code    24  stm32f4xx_hal_gpio.o(i.HAL_GPIO_EXTI_IRQHandler)
    HAL_GPIO_Init                            0x08001119   Thumb Code   466  stm32f4xx_hal_gpio.o(i.HAL_GPIO_Init)
    HAL_GPIO_TogglePin                       0x08001319   Thumb Code    18  stm32f4xx_hal_gpio.o(i.HAL_GPIO_TogglePin)
    HAL_GPIO_WritePin                        0x0800132b   Thumb Code    12  stm32f4xx_hal_gpio.o(i.HAL_GPIO_WritePin)
    HAL_GetTick                              0x08001339   Thumb Code     6  stm32f4xx_hal.o(i.HAL_GetTick)
    HAL_Init                                 0x08001345   Thumb Code    44  stm32f4xx_hal.o(i.HAL_Init)
    HAL_InitTick                             0x08001375   Thumb Code    64  stm32f4xx_hal.o(i.HAL_InitTick)
    HAL_MspInit                              0x080013c1   Thumb Code   242  main.o(i.HAL_MspInit)
    HAL_NVIC_EnableIRQ                       0x080014c1   Thumb Code    40  stm32f4xx_hal_cortex.o(i.HAL_NVIC_EnableIRQ)
    HAL_NVIC_SetPriority                     0x080014e9   Thumb Code   124  stm32f4xx_hal_cortex.o(i.HAL_NVIC_SetPriority)
    HAL_NVIC_SetPriorityGrouping             0x08001565   Thumb Code    32  stm32f4xx_hal_cortex.o(i.HAL_NVIC_SetPriorityGrouping)
    HAL_RCC_ClockConfig                      0x0800158d   Thumb Code   368  stm32f4xx_hal_rcc.o(i.HAL_RCC_ClockConfig)
    HAL_RCC_GetHCLKFreq                      0x08001711   Thumb Code     6  stm32f4xx_hal_rcc.o(i.HAL_RCC_GetHCLKFreq)
    HAL_RCC_GetPCLK1Freq                     0x0800171d   Thumb Code    22  stm32f4xx_hal_rcc.o(i.HAL_RCC_GetPCLK1Freq)
    HAL_RCC_GetPCLK2Freq                     0x0800173d   Thumb Code    22  stm32f4xx_hal_rcc.o(i.HAL_RCC_GetPCLK2Freq)
    HAL_RCC_GetSysClockFreq                  0x0800175d   Thumb Code   162  stm32f4xx_hal_rcc.o(i.HAL_RCC_GetSysClockFreq)
    HAL_RCC_OscConfig                        0x0800180d   Thumb Code  1152  stm32f4xx_hal_rcc.o(i.HAL_RCC_OscConfig)
    HAL_SYSTICK_Config                       0x08001c95   Thumb Code    52  stm32f4xx_hal_cortex.o(i.HAL_SYSTICK_Config)
    HAL_TIMEx_BreakCallback                  0x08001cc9   Thumb Code     2  stm32f4xx_hal_tim_ex.o(i.HAL_TIMEx_BreakCallback)
    HAL_TIMEx_CommutCallback                 0x08001ccb   Thumb Code     2  stm32f4xx_hal_tim_ex.o(i.HAL_TIMEx_CommutCallback)
    HAL_TIMEx_MasterConfigSynchronization    0x08001ccd   Thumb Code   150  stm32f4xx_hal_tim_ex.o(i.HAL_TIMEx_MasterConfigSynchronization)
    HAL_TIM_Base_Init                        0x08001d81   Thumb Code    52  stm32f4xx_hal_tim.o(i.HAL_TIM_Base_Init)
    HAL_TIM_Base_MspInit                     0x08001db5   Thumb Code    62  main.o(i.HAL_TIM_Base_MspInit)
    HAL_TIM_Base_Start_IT_modified           0x08001df9   Thumb Code   138  main.o(i.HAL_TIM_Base_Start_IT_modified)
    HAL_TIM_ConfigClockSource                0x08001ea1   Thumb Code   264  stm32f4xx_hal_tim.o(i.HAL_TIM_ConfigClockSource)
    HAL_TIM_IC_CaptureCallback               0x08001fa9   Thumb Code     2  stm32f4xx_hal_tim.o(i.HAL_TIM_IC_CaptureCallback)
    HAL_TIM_IRQHandler                       0x08001fab   Thumb Code   406  stm32f4xx_hal_tim.o(i.HAL_TIM_IRQHandler)
    HAL_TIM_OC_DelayElapsedCallback          0x08002141   Thumb Code     2  stm32f4xx_hal_tim.o(i.HAL_TIM_OC_DelayElapsedCallback)
    HAL_TIM_PWM_PulseFinishedCallback        0x08002143   Thumb Code     2  stm32f4xx_hal_tim.o(i.HAL_TIM_PWM_PulseFinishedCallback)
    HAL_TIM_PeriodElapsedCallback            0x08002145   Thumb Code     2  stm32f4xx_hal_tim.o(i.HAL_TIM_PeriodElapsedCallback)
    HAL_TIM_TriggerCallback                  0x08002147   Thumb Code     2  stm32f4xx_hal_tim.o(i.HAL_TIM_TriggerCallback)
    HAL_UART_ErrorCallback                   0x08002149   Thumb Code     2  stm32f4xx_hal_uart.o(i.HAL_UART_ErrorCallback)
    HAL_UART_IRQHandler                      0x0800214d   Thumb Code   336  stm32f4xx_hal_uart.o(i.HAL_UART_IRQHandler)
    HAL_UART_Init                            0x080022a1   Thumb Code   114  stm32f4xx_hal_uart.o(i.HAL_UART_Init)
    HAL_UART_MspInit                         0x08002313   Thumb Code     2  stm32f4xx_hal_uart.o(i.HAL_UART_MspInit)
    HAL_UART_Receive_IT                      0x08002315   Thumb Code   112  stm32f4xx_hal_uart.o(i.HAL_UART_Receive_IT)
    HAL_UART_RxCpltCallback                  0x08002385   Thumb Code     2  stm32f4xx_hal_uart.o(i.HAL_UART_RxCpltCallback)
    HAL_UART_Transmit_IT                     0x08002387   Thumb Code    88  stm32f4xx_hal_uart.o(i.HAL_UART_Transmit_IT)
    HAL_UART_TxCpltCallback                  0x080023df   Thumb Code     2  stm32f4xx_hal_uart.o(i.HAL_UART_TxCpltCallback)
    ITM_SendChar                             0x080023e1   Thumb Code    42  retarget_io.o(i.ITM_SendChar)
    SysTick_Handler                          0x08002505   Thumb Code    46  port.o(i.SysTick_Handler)
    SystemClock_Config                       0x08002539   Thumb Code   168  main.o(i.SystemClock_Config)
    SystemInit                               0x080025e9   Thumb Code    82  system_stm32f4xx.o(i.SystemInit)
    TIM2_IRQHandler                          0x0800264d   Thumb Code    20  main.o(i.TIM2_IRQHandler)
    TIM_Base_SetConfig                       0x08002669   Thumb Code   170  stm32f4xx_hal_tim.o(i.TIM_Base_SetConfig)
    TIM_ETR_SetConfig                        0x08002741   Thumb Code    22  stm32f4xx_hal_tim.o(i.TIM_ETR_SetConfig)
    TimerGet                                 0x080027b7   Thumb Code     8  boot.o(i.TimerGet)
    USART2_IRQHandler                        0x08002d09   Thumb Code    70  main.o(i.USART2_IRQHandler)
    USART3_IRQHandler                        0x08002d61   Thumb Code    20  main.o(i.USART3_IRQHandler)
    _sys_close                               0x08002dc5   Thumb Code    38  retarget_io.o(i._sys_close)
    _sys_flen                                0x08002deb   Thumb Code    36  retarget_io.o(i._sys_flen)
    _sys_istty                               0x08002e0f   Thumb Code    36  retarget_io.o(i._sys_istty)
    _sys_open                                0x08002e35   Thumb Code    80  retarget_io.o(i._sys_open)
    _sys_seek                                0x08002e9d   Thumb Code    44  retarget_io.o(i._sys_seek)
    _sys_write                               0x08002ec9   Thumb Code    70  retarget_io.o(i._sys_write)
    fputc                                    0x08002f0f   Thumb Code    26  fputc.o(i.fputc)
    initGPIOs                                0x08002f29   Thumb Code   358  main.o(i.initGPIOs)
    main                                     0x080030a1   Thumb Code   160  main.o(i.main)
    pvPortMalloc                             0x08003bf5   Thumb Code   312  heap_4.o(i.pvPortMalloc)
    pxPortInitialiseStack                    0x08003d41   Thumb Code    38  port.o(i.pxPortInitialiseStack)
    ulTaskNotifyTake                         0x08003d79   Thumb Code   108  tasks.o(i.ulTaskNotifyTake)
    uxListRemove                             0x08003ded   Thumb Code    40  list.o(i.uxListRemove)
    vApplicationIdleHook                     0x08003e15   Thumb Code     4  main.o(i.vApplicationIdleHook)
    vApplicationMallocFailedHook             0x08003e19   Thumb Code     4  main.o(i.vApplicationMallocFailedHook)
    vExternalInterruptTask                   0x08003e1d   Thumb Code    26  main.o(i.vExternalInterruptTask)
    vListInitialise                          0x08003e3d   Thumb Code    26  list.o(i.vListInitialise)
    vListInitialiseItem                      0x08003e57   Thumb Code     6  list.o(i.vListInitialiseItem)
    vListInsert                              0x08003e5d   Thumb Code    52  list.o(i.vListInsert)
    vListInsertEnd                           0x08003e91   Thumb Code    24  list.o(i.vListInsertEnd)
    vPortEnterCritical                       0x08003ea9   Thumb Code    78  port.o(i.vPortEnterCritical)
    vPortExitCritical                        0x08003f01   Thumb Code    58  port.o(i.vPortExitCritical)
    vPortFree                                0x08003f41   Thumb Code   144  heap_4.o(i.vPortFree)
    vPortSetupTimerInterrupt                 0x08003fd9   Thumb Code    36  port.o(i.vPortSetupTimerInterrupt)
    vPortValidateInterruptPriority           0x08004001   Thumb Code   110  port.o(i.vPortValidateInterruptPriority)
    vQueueAddToRegistry                      0x0800407d   Thumb Code    38  queue.o(i.vQueueAddToRegistry)
    vQueueWaitForMessageRestricted           0x080040a9   Thumb Code    74  queue.o(i.vQueueWaitForMessageRestricted)
    vTaskDelay                               0x080040f5   Thumb Code    84  tasks.o(i.vTaskDelay)
    vTaskFinishSendDataFromUart3             0x08004151   Thumb Code    14  main.o(i.vTaskFinishSendDataFromUart3)
    vTaskInternalSetTimeOutState             0x08004161   Thumb Code    14  tasks.o(i.vTaskInternalSetTimeOutState)
    vTaskMissedYield                         0x08004179   Thumb Code     8  tasks.o(i.vTaskMissedYield)
    vTaskNotifyGiveFromISR                   0x08004185   Thumb Code   218  tasks.o(i.vTaskNotifyGiveFromISR)
    vTaskPlaceOnEventList                    0x08004279   Thumb Code    54  tasks.o(i.vTaskPlaceOnEventList)
    vTaskPlaceOnEventListRestricted          0x080042b5   Thumb Code    62  tasks.o(i.vTaskPlaceOnEventListRestricted)
    vTaskReceiveDataByUart2                  0x080042f9   Thumb Code   142  main.o(i.vTaskReceiveDataByUart2)
    vTaskSendDataFromUart3                   0x080043a1   Thumb Code    34  main.o(i.vTaskSendDataFromUart3)
    vTaskStartScheduler                      0x080043cd   Thumb Code   120  tasks.o(i.vTaskStartScheduler)
    vTaskSuspendAll                          0x08004461   Thumb Code    12  tasks.o(i.vTaskSuspendAll)
    vTaskSwitchContext                       0x08004471   Thumb Code   120  tasks.o(i.vTaskSwitchContext)
    vTimerInterruptTask                      0x080044fd   Thumb Code    26  main.o(i.vTimerInterruptTask)
    xPortStartScheduler                      0x0800451d   Thumb Code   338  port.o(i.xPortStartScheduler)
    xQueueGenericCreate                      0x0800468d   Thumb Code    92  queue.o(i.xQueueGenericCreate)
    xQueueGenericReset                       0x080046e9   Thumb Code   148  queue.o(i.xQueueGenericReset)
    xQueueGenericSend                        0x08004781   Thumb Code   428  queue.o(i.xQueueGenericSend)
    xQueueGenericSendFromISR                 0x08004931   Thumb Code   254  queue.o(i.xQueueGenericSendFromISR)
    xQueueReceive                            0x08004a31   Thumb Code   362  queue.o(i.xQueueReceive)
    xTaskCheckForTimeOut                     0x08004ba1   Thumb Code   136  tasks.o(i.xTaskCheckForTimeOut)
    xTaskCreate                              0x08004c31   Thumb Code    96  tasks.o(i.xTaskCreate)
    xTaskGetSchedulerState                   0x08004c91   Thumb Code    24  tasks.o(i.xTaskGetSchedulerState)
    xTaskGetTickCount                        0x08004cb1   Thumb Code     6  tasks.o(i.xTaskGetTickCount)
    xTaskIncrementTick                       0x08004cbd   Thumb Code   284  tasks.o(i.xTaskIncrementTick)
    xTaskPriorityDisinherit                  0x08004e05   Thumb Code   192  tasks.o(i.xTaskPriorityDisinherit)
    xTaskRemoveFromEventList                 0x08004ed1   Thumb Code   130  tasks.o(i.xTaskRemoveFromEventList)
    xTaskResumeAll                           0x08004f6d   Thumb Code   226  tasks.o(i.xTaskResumeAll)
    xTimerCreateTimerTask                    0x08005075   Thumb Code    68  timers.o(i.xTimerCreateTimerTask)
    xTimerGenericCommand                     0x080050cd   Thumb Code   128  timers.o(i.xTimerGenericCommand)
    _fp_init                                 0x08005151   Thumb Code    10  fpinit.o(x$fpl$fpinit)
    __fplib_config_fpu_vfp                   0x08005159   Thumb Code     0  fpinit.o(x$fpl$fpinit)
    __fplib_config_pureend_doubles           0x08005159   Thumb Code     0  fpinit.o(x$fpl$fpinit)
    __stdin_name                             0x0800515a   Data           7  retarget_io.o(.constdata)
    __stdout_name                            0x08005161   Data           8  retarget_io.o(.constdata)
    __stderr_name                            0x08005169   Data           8  retarget_io.o(.constdata)
    AHBPrescTable                            0x08005171   Data          16  system_stm32f4xx.o(.constdata)
    APBPrescTable                            0x08005181   Data           8  system_stm32f4xx.o(.constdata)
    Region$$Table$$Base                      0x0800518c   Number         0  anon$$obj.o(Region$$Table)
    Region$$Table$$Limit                     0x080051ac   Number         0  anon$$obj.o(Region$$Table)
    pxCurrentTCB                             0x20000000   Data           4  tasks.o(.data)
    timerHandle                              0x20000074   Data           4  main.o(.data)
    buttonHandle                             0x20000078   Data           4  main.o(.data)
    uart3Handle                              0x2000007c   Data           4  main.o(.data)
    endUart3Handle                           0x20000080   Data           4  main.o(.data)
    uart2Handle                              0x20000084   Data           4  main.o(.data)
    uart3_receivingBuffer                    0x20000088   Data           1  main.o(.data)
    pData                                    0x20000089   Data          50  main.o(.data)
    uwTick                                   0x200000c8   Data           4  stm32f4xx_hal.o(.data)
    uwTickPrio                               0x200000cc   Data           4  stm32f4xx_hal.o(.data)
    uwTickFreq                               0x200000d0   Data           1  stm32f4xx_hal.o(.data)
    SystemCoreClock                          0x200000d4   Data           4  system_stm32f4xx.o(.data)
    __aeabi_stdin                            0x200000d8   Data           4  stdio_streams.o(.data)
    __aeabi_stdout                           0x200000dc   Data           4  stdio_streams.o(.data)
    __aeabi_stderr                           0x200000e0   Data           4  stdio_streams.o(.data)
    xQueueRegistry                           0x200000e4   Data          64  queue.o(.bss)
    htim2                                    0x2000a250   Data          64  main.o(.bss)
    huart2                                   0x2000a290   Data          64  main.o(.bss)
    huart3                                   0x2000a2d0   Data          64  main.o(.bss)
    uart2_receivingBuffer                    0x2000a310   Data         512  main.o(.bss)
    __stdin                                  0x2000a554   Data          84  stdio_streams.o(.bss)
    __stdout                                 0x2000a5a8   Data          84  stdio_streams.o(.bss)
    __stderr                                 0x2000a5fc   Data          84  stdio_streams.o(.bss)
    __libspace_start                         0x2000a650   Data          96  libspace.o(.bss)
    __temporary_stack_top$libspace           0x2000a6b0   Data           0  libspace.o(.bss)



==============================================================================

Memory Map of the image

  Image Entry point : 0x0800018d

  Load Region LR_IROM1 (Base: 0x08000000, Size: 0x00005290, Max: 0x00100000, ABSOLUTE)

    Execution Region ER_IROM1 (Exec base: 0x08000000, Load base: 0x08000000, Size: 0x000051ac, Max: 0x00100000, ABSOLUTE)

    Exec Addr    Load Addr    Size         Type   Attr      Idx    E Section Name        Object

    0x08000000   0x08000000   0x0000018c   Data   RO         4030    RESET               startup_stm32f407xx.o
    0x0800018c   0x0800018c   0x00000008   Code   RO         4092  * !!!main             c_w.l(__main.o)
    0x08000194   0x08000194   0x00000034   Code   RO         4443    !!!scatter          c_w.l(__scatter.o)
    0x080001c8   0x080001c8   0x0000001a   Code   RO         4445    !!handler_copy      c_w.l(__scatter_copy.o)
    0x080001e2   0x080001e2   0x00000002   PAD
    0x080001e4   0x080001e4   0x0000001c   Code   RO         4447    !!handler_zi        c_w.l(__scatter_zi.o)
    0x08000200   0x08000200   0x00000002   Code   RO         4234    .ARM.Collect$$libinit$$00000000  c_w.l(libinit.o)
    0x08000202   0x08000202   0x00000004   Code   RO         4235    .ARM.Collect$$libinit$$00000001  c_w.l(libinit2.o)
    0x08000206   0x08000206   0x00000000   Code   RO         4238    .ARM.Collect$$libinit$$00000004  c_w.l(libinit2.o)
    0x08000206   0x08000206   0x00000008   Code   RO         4239    .ARM.Collect$$libinit$$00000005  c_w.l(libinit2.o)
    0x0800020e   0x0800020e   0x00000000   Code   RO         4241    .ARM.Collect$$libinit$$0000000A  c_w.l(libinit2.o)
    0x0800020e   0x0800020e   0x00000000   Code   RO         4243    .ARM.Collect$$libinit$$0000000C  c_w.l(libinit2.o)
    0x0800020e   0x0800020e   0x00000000   Code   RO         4245    .ARM.Collect$$libinit$$0000000E  c_w.l(libinit2.o)
    0x0800020e   0x0800020e   0x00000000   Code   RO         4248    .ARM.Collect$$libinit$$00000011  c_w.l(libinit2.o)
    0x0800020e   0x0800020e   0x00000000   Code   RO         4250    .ARM.Collect$$libinit$$00000013  c_w.l(libinit2.o)
    0x0800020e   0x0800020e   0x00000000   Code   RO         4252    .ARM.Collect$$libinit$$00000015  c_w.l(libinit2.o)
    0x0800020e   0x0800020e   0x00000000   Code   RO         4254    .ARM.Collect$$libinit$$00000017  c_w.l(libinit2.o)
    0x0800020e   0x0800020e   0x00000000   Code   RO         4256    .ARM.Collect$$libinit$$00000019  c_w.l(libinit2.o)
    0x0800020e   0x0800020e   0x00000000   Code   RO         4258    .ARM.Collect$$libinit$$0000001B  c_w.l(libinit2.o)
    0x0800020e   0x0800020e   0x00000000   Code   RO         4260    .ARM.Collect$$libinit$$0000001D  c_w.l(libinit2.o)
    0x0800020e   0x0800020e   0x00000000   Code   RO         4262    .ARM.Collect$$libinit$$0000001F  c_w.l(libinit2.o)
    0x0800020e   0x0800020e   0x00000000   Code   RO         4264    .ARM.Collect$$libinit$$00000021  c_w.l(libinit2.o)
    0x0800020e   0x0800020e   0x00000000   Code   RO         4266    .ARM.Collect$$libinit$$00000023  c_w.l(libinit2.o)
    0x0800020e   0x0800020e   0x00000004   Code   RO         4267    .ARM.Collect$$libinit$$00000024  c_w.l(libinit2.o)
    0x08000212   0x08000212   0x00000000   Code   RO         4268    .ARM.Collect$$libinit$$00000025  c_w.l(libinit2.o)
    0x08000212   0x08000212   0x00000000   Code   RO         4272    .ARM.Collect$$libinit$$0000002C  c_w.l(libinit2.o)
    0x08000212   0x08000212   0x00000000   Code   RO         4274    .ARM.Collect$$libinit$$0000002E  c_w.l(libinit2.o)
    0x08000212   0x08000212   0x00000000   Code   RO         4276    .ARM.Collect$$libinit$$00000030  c_w.l(libinit2.o)
    0x08000212   0x08000212   0x00000000   Code   RO         4278    .ARM.Collect$$libinit$$00000032  c_w.l(libinit2.o)
    0x08000212   0x08000212   0x00000002   Code   RO         4279    .ARM.Collect$$libinit$$00000033  c_w.l(libinit2.o)
    0x08000214   0x08000214   0x00000002   Code   RO         4424    .ARM.Collect$$libshutdown$$00000000  c_w.l(libshutdown.o)
    0x08000216   0x08000216   0x00000000   Code   RO         4281    .ARM.Collect$$libshutdown$$00000002  c_w.l(libshutdown2.o)
    0x08000216   0x08000216   0x00000000   Code   RO         4283    .ARM.Collect$$libshutdown$$00000004  c_w.l(libshutdown2.o)
    0x08000216   0x08000216   0x00000004   Code   RO         4284    .ARM.Collect$$libshutdown$$00000005  c_w.l(libshutdown2.o)
    0x0800021a   0x0800021a   0x00000000   Code   RO         4285    .ARM.Collect$$libshutdown$$00000006  c_w.l(libshutdown2.o)
    0x0800021a   0x0800021a   0x00000000   Code   RO         4288    .ARM.Collect$$libshutdown$$00000009  c_w.l(libshutdown2.o)
    0x0800021a   0x0800021a   0x00000000   Code   RO         4291    .ARM.Collect$$libshutdown$$0000000C  c_w.l(libshutdown2.o)
    0x0800021a   0x0800021a   0x00000000   Code   RO         4293    .ARM.Collect$$libshutdown$$0000000E  c_w.l(libshutdown2.o)
    0x0800021a   0x0800021a   0x00000000   Code   RO         4296    .ARM.Collect$$libshutdown$$00000011  c_w.l(libshutdown2.o)
    0x0800021a   0x0800021a   0x00000002   Code   RO         4297    .ARM.Collect$$libshutdown$$00000012  c_w.l(libshutdown2.o)
    0x0800021c   0x0800021c   0x00000000   Code   RO         4094    .ARM.Collect$$rtentry$$00000000  c_w.l(__rtentry.o)
    0x0800021c   0x0800021c   0x00000000   Code   RO         4112    .ARM.Collect$$rtentry$$00000002  c_w.l(__rtentry2.o)
    0x0800021c   0x0800021c   0x00000006   Code   RO         4124    .ARM.Collect$$rtentry$$00000004  c_w.l(__rtentry4.o)
    0x08000222   0x08000222   0x00000000   Code   RO         4114    .ARM.Collect$$rtentry$$00000009  c_w.l(__rtentry2.o)
    0x08000222   0x08000222   0x00000004   Code   RO         4115    .ARM.Collect$$rtentry$$0000000A  c_w.l(__rtentry2.o)
    0x08000226   0x08000226   0x00000000   Code   RO         4117    .ARM.Collect$$rtentry$$0000000C  c_w.l(__rtentry2.o)
    0x08000226   0x08000226   0x00000008   Code   RO         4118    .ARM.Collect$$rtentry$$0000000D  c_w.l(__rtentry2.o)
    0x0800022e   0x0800022e   0x00000002   Code   RO         4303    .ARM.Collect$$rtexit$$00000000  c_w.l(rtexit.o)
    0x08000230   0x08000230   0x00000000   Code   RO         4359    .ARM.Collect$$rtexit$$00000002  c_w.l(rtexit2.o)
    0x08000230   0x08000230   0x00000004   Code   RO         4360    .ARM.Collect$$rtexit$$00000003  c_w.l(rtexit2.o)
    0x08000234   0x08000234   0x00000006   Code   RO         4361    .ARM.Collect$$rtexit$$00000004  c_w.l(rtexit2.o)
    0x0800023a   0x0800023a   0x00000002   PAD
    0x0800023c   0x0800023c   0x000000be   Code   RO         1116    .emb_text           port.o
    0x080002fa   0x080002fa   0x00000002   PAD
    0x080002fc   0x080002fc   0x00000000   Code   RO         4365    .emb_text           c_w.l(maybetermalloc1.o)
    0x080002fc   0x080002fc   0x00000048   Code   RO         4031    .text               startup_stm32f407xx.o
    0x08000344   0x08000344   0x000000ee   Code   RO         4074    .text               c_w.l(lludivv7m.o)
    0x08000432   0x08000432   0x00000002   PAD
    0x08000434   0x08000434   0x00000018   Code   RO         4078    .text               c_w.l(noretval__2printf.o)
    0x0800044c   0x0800044c   0x0000008a   Code   RO         4080    .text               c_w.l(rt_memcpy_v6.o)
    0x080004d6   0x080004d6   0x00000010   Code   RO         4084    .text               c_w.l(aeabi_memset.o)
    0x080004e6   0x080004e6   0x0000004e   Code   RO         4086    .text               c_w.l(rt_memclr_w.o)
    0x08000534   0x08000534   0x00000080   Code   RO         4088    .text               c_w.l(strcmpv7m.o)
    0x080005b4   0x080005b4   0x00000006   Code   RO         4090    .text               c_w.l(heapauxi.o)
    0x080005ba   0x080005ba   0x00000002   PAD
    0x080005bc   0x080005bc   0x00000024   Code   RO         4099    .text               c_w.l(_printf_char_file.o)
    0x080005e0   0x080005e0   0x00000064   Code   RO         4107    .text               c_w.l(rt_memcpy_w.o)
    0x08000644   0x08000644   0x00000044   Code   RO         4109    .text               c_w.l(rt_memclr.o)
    0x08000688   0x08000688   0x00000030   Code   RO         4128    .text               c_w.l(_printf_char_common.o)
    0x080006b8   0x080006b8   0x00000008   Code   RO         4130    .text               c_w.l(ferror.o)
    0x080006c0   0x080006c0   0x00000138   Code   RO         4136    .text               c_w.l(initio.o)
    0x080007f8   0x080007f8   0x0000004a   Code   RO         4146    .text               c_w.l(sys_stackheap_outer.o)
    0x08000842   0x08000842   0x0000004e   Code   RO         4150    .text               c_w.l(h1_free.o)
    0x08000890   0x08000890   0x00000028   Code   RO         4204    .text               c_w.l(__printf_nopercent.o)
    0x080008b8   0x080008b8   0x000001d6   Code   RO         4206    .text               c_w.l(flsbuf.o)
    0x08000a8e   0x08000a8e   0x00000046   Code   RO         4208    .text               c_w.l(setvbuf.o)
    0x08000ad4   0x08000ad4   0x000000ec   Code   RO         4211    .text               c_w.l(fopen.o)
    0x08000bc0   0x08000bc0   0x0000004c   Code   RO         4213    .text               c_w.l(fclose.o)
    0x08000c0c   0x08000c0c   0x00000012   Code   RO         4219    .text               c_w.l(exit.o)
    0x08000c1e   0x08000c1e   0x0000000e   Code   RO         4225    .text               c_w.l(defsig_rtred_outer.o)
    0x08000c2c   0x08000c2c   0x00000008   Code   RO         4300    .text               c_w.l(libspace.o)
    0x08000c34   0x08000c34   0x00000008   Code   RO         4310    .text               c_w.l(rt_heap_descriptor_intlibspace.o)
    0x08000c3c   0x08000c3c   0x00000004   Code   RO         4312    .text               c_w.l(hguard.o)
    0x08000c40   0x08000c40   0x0000008a   Code   RO         4314    .text               c_w.l(init_alloc.o)
    0x08000cca   0x08000cca   0x0000005e   Code   RO         4320    .text               c_w.l(h1_alloc.o)
    0x08000d28   0x08000d28   0x000000f8   Code   RO         4336    .text               c_w.l(fseek.o)
    0x08000e20   0x08000e20   0x000000f0   Code   RO         4338    .text               c_w.l(stdio.o)
    0x08000f10   0x08000f10   0x0000000a   Code   RO         4344    .text               c_w.l(defsig_exit.o)
    0x08000f1a   0x08000f1a   0x00000002   PAD
    0x08000f1c   0x08000f1c   0x00000034   Code   RO         4348    .text               c_w.l(defsig_rtred_inner.o)
    0x08000f50   0x08000f50   0x0000000c   Code   RO         4356    .text               c_w.l(sys_exit.o)
    0x08000f5c   0x08000f5c   0x0000000e   Code   RO         4367    .text               c_w.l(h1_init.o)
    0x08000f6a   0x08000f6a   0x00000034   Code   RO         4369    .text               c_w.l(h1_extend.o)
    0x08000f9e   0x08000f9e   0x00000042   Code   RO         4379    .text               c_w.l(ftell.o)
    0x08000fe0   0x08000fe0   0x00000032   Code   RO         4387    .text               c_w.l(defsig_general.o)
    0x08001012   0x08001012   0x0000000e   Code   RO         4389    .text               c_w.l(defsig_rtmem_outer.o)
    0x08001020   0x08001020   0x0000000e   Code   RO         4402    .text               c_w.l(sys_wrch.o)
    0x0800102e   0x0800102e   0x00000002   Code   RO         4406    .text               c_w.l(use_no_semi.o)
    0x08001030   0x08001030   0x00000000   Code   RO         4408    .text               c_w.l(indicate_semi.o)
    0x08001030   0x08001030   0x00000008   Code   RO         4412    .text               c_w.l(rt_errno_addr_intlibspace.o)
    0x08001038   0x08001038   0x00000050   Code   RO         4418    .text               c_w.l(defsig_rtmem_inner.o)
    0x08001088   0x08001088   0x0000002c   Code   RO         1474    i.BootActivate      boot.o
    0x080010b4   0x080010b4   0x00000018   Code   RO         1197    i.EXTI0_IRQHandler  main.o
    0x080010cc   0x080010cc   0x00000006   Code   RO         1198    i.Error_Handler     main.o
    0x080010d2   0x080010d2   0x00000028   Code   RO         1956    i.HAL_DMA_Abort_IT  stm32f4xx_hal_dma.o
    0x080010fa   0x080010fa   0x00000002   Code   RO         2100    i.HAL_GPIO_EXTI_Callback  stm32f4xx_hal_gpio.o
    0x080010fc   0x080010fc   0x0000001c   Code   RO         2101    i.HAL_GPIO_EXTI_IRQHandler  stm32f4xx_hal_gpio.o
    0x08001118   0x08001118   0x00000200   Code   RO         2102    i.HAL_GPIO_Init     stm32f4xx_hal_gpio.o
    0x08001318   0x08001318   0x00000012   Code   RO         2105    i.HAL_GPIO_TogglePin  stm32f4xx_hal_gpio.o
    0x0800132a   0x0800132a   0x0000000c   Code   RO         2106    i.HAL_GPIO_WritePin  stm32f4xx_hal_gpio.o
    0x08001336   0x08001336   0x00000002   PAD
    0x08001338   0x08001338   0x0000000c   Code   RO         1639    i.HAL_GetTick       stm32f4xx_hal.o
    0x08001344   0x08001344   0x00000030   Code   RO         1646    i.HAL_Init          stm32f4xx_hal.o
    0x08001374   0x08001374   0x0000004c   Code   RO         1647    i.HAL_InitTick      stm32f4xx_hal.o
    0x080013c0   0x080013c0   0x00000100   Code   RO         1199    i.HAL_MspInit       main.o
    0x080014c0   0x080014c0   0x00000028   Code   RO         1817    i.HAL_NVIC_EnableIRQ  stm32f4xx_hal_cortex.o
    0x080014e8   0x080014e8   0x0000007c   Code   RO         1823    i.HAL_NVIC_SetPriority  stm32f4xx_hal_cortex.o
    0x08001564   0x08001564   0x00000028   Code   RO         1824    i.HAL_NVIC_SetPriorityGrouping  stm32f4xx_hal_cortex.o
    0x0800158c   0x0800158c   0x00000184   Code   RO         2340    i.HAL_RCC_ClockConfig  stm32f4xx_hal_rcc.o
    0x08001710   0x08001710   0x0000000c   Code   RO         2345    i.HAL_RCC_GetHCLKFreq  stm32f4xx_hal_rcc.o
    0x0800171c   0x0800171c   0x00000020   Code   RO         2347    i.HAL_RCC_GetPCLK1Freq  stm32f4xx_hal_rcc.o
    0x0800173c   0x0800173c   0x00000020   Code   RO         2348    i.HAL_RCC_GetPCLK2Freq  stm32f4xx_hal_rcc.o
    0x0800175c   0x0800175c   0x000000b0   Code   RO         2349    i.HAL_RCC_GetSysClockFreq  stm32f4xx_hal_rcc.o
    0x0800180c   0x0800180c   0x00000488   Code   RO         2352    i.HAL_RCC_OscConfig  stm32f4xx_hal_rcc.o
    0x08001c94   0x08001c94   0x00000034   Code   RO         1828    i.HAL_SYSTICK_Config  stm32f4xx_hal_cortex.o
    0x08001cc8   0x08001cc8   0x00000002   Code   RO         3183    i.HAL_TIMEx_BreakCallback  stm32f4xx_hal_tim_ex.o
    0x08001cca   0x08001cca   0x00000002   Code   RO         3184    i.HAL_TIMEx_CommutCallback  stm32f4xx_hal_tim_ex.o
    0x08001ccc   0x08001ccc   0x000000b4   Code   RO         3201    i.HAL_TIMEx_MasterConfigSynchronization  stm32f4xx_hal_tim_ex.o
    0x08001d80   0x08001d80   0x00000034   Code   RO         2497    i.HAL_TIM_Base_Init  stm32f4xx_hal_tim.o
    0x08001db4   0x08001db4   0x00000044   Code   RO         1200    i.HAL_TIM_Base_MspInit  main.o
    0x08001df8   0x08001df8   0x000000a8   Code   RO         1201    i.HAL_TIM_Base_Start_IT_modified  main.o
    0x08001ea0   0x08001ea0   0x00000108   Code   RO         2506    i.HAL_TIM_ConfigClockSource  stm32f4xx_hal_tim.o
    0x08001fa8   0x08001fa8   0x00000002   Code   RO         2526    i.HAL_TIM_IC_CaptureCallback  stm32f4xx_hal_tim.o
    0x08001faa   0x08001faa   0x00000196   Code   RO         2540    i.HAL_TIM_IRQHandler  stm32f4xx_hal_tim.o
    0x08002140   0x08002140   0x00000002   Code   RO         2543    i.HAL_TIM_OC_DelayElapsedCallback  stm32f4xx_hal_tim.o
    0x08002142   0x08002142   0x00000002   Code   RO         2570    i.HAL_TIM_PWM_PulseFinishedCallback  stm32f4xx_hal_tim.o
    0x08002144   0x08002144   0x00000002   Code   RO         2578    i.HAL_TIM_PeriodElapsedCallback  stm32f4xx_hal_tim.o
    0x08002146   0x08002146   0x00000002   Code   RO         2583    i.HAL_TIM_TriggerCallback  stm32f4xx_hal_tim.o
    0x08002148   0x08002148   0x00000002   Code   RO         3455    i.HAL_UART_ErrorCallback  stm32f4xx_hal_uart.o
    0x0800214a   0x0800214a   0x00000002   PAD
    0x0800214c   0x0800214c   0x00000154   Code   RO         3458    i.HAL_UART_IRQHandler  stm32f4xx_hal_uart.o
    0x080022a0   0x080022a0   0x00000072   Code   RO         3459    i.HAL_UART_Init     stm32f4xx_hal_uart.o
    0x08002312   0x08002312   0x00000002   Code   RO         3461    i.HAL_UART_MspInit  stm32f4xx_hal_uart.o
    0x08002314   0x08002314   0x00000070   Code   RO         3464    i.HAL_UART_Receive_IT  stm32f4xx_hal_uart.o
    0x08002384   0x08002384   0x00000002   Code   RO         3465    i.HAL_UART_RxCpltCallback  stm32f4xx_hal_uart.o
    0x08002386   0x08002386   0x00000058   Code   RO         3469    i.HAL_UART_Transmit_IT  stm32f4xx_hal_uart.o
    0x080023de   0x080023de   0x00000002   Code   RO         3470    i.HAL_UART_TxCpltCallback  stm32f4xx_hal_uart.o
    0x080023e0   0x080023e0   0x00000030   Code   RO         1542    i.ITM_SendChar      retarget_io.o
    0x08002410   0x08002410   0x00000008   Code   RO         1202    i.Init              main.o
    0x08002418   0x08002418   0x0000006c   Code   RO         1203    i.MX_TIM2_Init      main.o
    0x08002484   0x08002484   0x00000040   Code   RO         1204    i.MX_USART2_UART_Init  main.o
    0x080024c4   0x080024c4   0x00000040   Code   RO         1205    i.MX_USART3_UART_Init  main.o
    0x08002504   0x08002504   0x00000034   Code   RO         1117    i.SysTick_Handler   port.o
    0x08002538   0x08002538   0x000000b0   Code   RO         1206    i.SystemClock_Config  main.o
    0x080025e8   0x080025e8   0x00000064   Code   RO         4039    i.SystemInit        system_stm32f4xx.o
    0x0800264c   0x0800264c   0x0000001c   Code   RO         1207    i.TIM2_IRQHandler   main.o
    0x08002668   0x08002668   0x000000d8   Code   RO         2585    i.TIM_Base_SetConfig  stm32f4xx_hal_tim.o
    0x08002740   0x08002740   0x00000016   Code   RO         2596    i.TIM_ETR_SetConfig  stm32f4xx_hal_tim.o
    0x08002756   0x08002756   0x00000012   Code   RO         2597    i.TIM_ITRx_SetConfig  stm32f4xx_hal_tim.o
    0x08002768   0x08002768   0x00000026   Code   RO         2603    i.TIM_TI1_ConfigInputStage  stm32f4xx_hal_tim.o
    0x0800278e   0x0800278e   0x00000028   Code   RO         2605    i.TIM_TI2_ConfigInputStage  stm32f4xx_hal_tim.o
    0x080027b6   0x080027b6   0x00000008   Code   RO         1480    i.TimerGet          boot.o
    0x080027be   0x080027be   0x00000014   Code   RO         3472    i.UART_DMAAbortOnError  stm32f4xx_hal_uart.o
    0x080027d2   0x080027d2   0x00000020   Code   RO         3482    i.UART_EndRxTransfer  stm32f4xx_hal_uart.o
    0x080027f2   0x080027f2   0x00000020   Code   RO         3483    i.UART_EndTransmit_IT  stm32f4xx_hal_uart.o
    0x08002812   0x08002812   0x000000a6   Code   RO         3485    i.UART_Receive_IT   stm32f4xx_hal_uart.o
    0x080028b8   0x080028b8   0x000003e8   Code   RO         3486    i.UART_SetConfig    stm32f4xx_hal_uart.o
    0x08002ca0   0x08002ca0   0x00000068   Code   RO         3487    i.UART_Transmit_IT  stm32f4xx_hal_uart.o
    0x08002d08   0x08002d08   0x00000058   Code   RO         1208    i.USART2_IRQHandler  main.o
    0x08002d60   0x08002d60   0x0000001c   Code   RO         1209    i.USART3_IRQHandler  main.o
    0x08002d7c   0x08002d7c   0x00000010   Code   RO         1210    i.VectorBase_Config  main.o
    0x08002d8c   0x08002d8c   0x00000010   Code   RO         1830    i.__NVIC_GetPriorityGrouping  stm32f4xx_hal_cortex.o
    0x08002d9c   0x08002d9c   0x00000028   Code   RO         1831    i.__NVIC_SetPriority  stm32f4xx_hal_cortex.o
    0x08002dc4   0x08002dc4   0x00000026   Code   RO         1543    i._sys_close        retarget_io.o
    0x08002dea   0x08002dea   0x00000024   Code   RO         1544    i._sys_flen         retarget_io.o
    0x08002e0e   0x08002e0e   0x00000024   Code   RO         1545    i._sys_istty        retarget_io.o
    0x08002e32   0x08002e32   0x00000002   PAD
    0x08002e34   0x08002e34   0x00000068   Code   RO         1546    i._sys_open         retarget_io.o
    0x08002e9c   0x08002e9c   0x0000002c   Code   RO         1548    i._sys_seek         retarget_io.o
    0x08002ec8   0x08002ec8   0x00000046   Code   RO         1549    i._sys_write        retarget_io.o
    0x08002f0e   0x08002f0e   0x0000001a   Code   RO         4133    i.fputc             c_w.l(fputc.o)
    0x08002f28   0x08002f28   0x00000178   Code   RO         1211    i.initGPIOs         main.o
    0x080030a0   0x080030a0   0x0000017c   Code   RO         1212    i.main              main.o
    0x0800321c   0x0800321c   0x00000098   Code   RO          561    i.prvAddCurrentTaskToDelayedList  tasks.o
    0x080032b4   0x080032b4   0x000000b8   Code   RO          562    i.prvAddNewTaskToReadyList  tasks.o
    0x0800336c   0x0800336c   0x00000064   Code   RO          913    i.prvCheckForValidListAndQueue  timers.o
    0x080033d0   0x080033d0   0x00000048   Code   RO          563    i.prvCheckTasksWaitingTermination  tasks.o
    0x08003418   0x08003418   0x0000002a   Code   RO          190    i.prvCopyDataFromQueue  queue.o
    0x08003442   0x08003442   0x0000007e   Code   RO          191    i.prvCopyDataToQueue  queue.o
    0x080034c0   0x080034c0   0x00000012   Code   RO          564    i.prvDeleteTCB      tasks.o
    0x080034d2   0x080034d2   0x00000002   PAD
    0x080034d4   0x080034d4   0x00000028   Code   RO          914    i.prvGetNextExpireTime  timers.o
    0x080034fc   0x080034fc   0x0000007c   Code   RO         1067    i.prvHeapInit       heap_4.o
    0x08003578   0x08003578   0x0000002c   Code   RO          565    i.prvIdleTask       tasks.o
    0x080035a4   0x080035a4   0x0000002a   Code   RO          194    i.prvInitialiseNewQueue  queue.o
    0x080035ce   0x080035ce   0x000000c0   Code   RO          566    i.prvInitialiseNewTask  tasks.o
    0x0800368e   0x0800368e   0x00000002   PAD
    0x08003690   0x08003690   0x00000068   Code   RO          567    i.prvInitialiseTaskLists  tasks.o
    0x080036f8   0x080036f8   0x00000068   Code   RO         1068    i.prvInsertBlockIntoFreeList  heap_4.o
    0x08003760   0x08003760   0x00000058   Code   RO          916    i.prvInsertTimerInActiveList  timers.o
    0x080037b8   0x080037b8   0x0000001a   Code   RO          195    i.prvIsQueueEmpty   queue.o
    0x080037d2   0x080037d2   0x0000001e   Code   RO          196    i.prvIsQueueFull    queue.o
    0x080037f0   0x080037f0   0x00000074   Code   RO          917    i.prvProcessExpiredTimer  timers.o
    0x08003864   0x08003864   0x0000013c   Code   RO          918    i.prvProcessReceivedCommands  timers.o
    0x080039a0   0x080039a0   0x00000074   Code   RO          919    i.prvProcessTimerOrBlockTask  timers.o
    0x08003a14   0x08003a14   0x00000034   Code   RO          569    i.prvResetNextTaskUnblockTime  tasks.o
    0x08003a48   0x08003a48   0x0000002c   Code   RO          920    i.prvSampleTimeNow  timers.o
    0x08003a74   0x08003a74   0x000000a4   Code   RO          921    i.prvSwitchTimerLists  timers.o
    0x08003b18   0x08003b18   0x00000044   Code   RO         1118    i.prvTaskExitError  port.o
    0x08003b5c   0x08003b5c   0x0000001a   Code   RO          922    i.prvTimerTask      timers.o
    0x08003b76   0x08003b76   0x0000007e   Code   RO          197    i.prvUnlockQueue    queue.o
    0x08003bf4   0x08003bf4   0x0000014c   Code   RO         1069    i.pvPortMalloc      heap_4.o
    0x08003d40   0x08003d40   0x0000002c   Code   RO         1119    i.pxPortInitialiseStack  port.o
    0x08003d6c   0x08003d6c   0x0000000c   Code   RO         1550    i.stdout_putchar    retarget_io.o
    0x08003d78   0x08003d78   0x00000074   Code   RO          573    i.ulTaskNotifyTake  tasks.o
    0x08003dec   0x08003dec   0x00000028   Code   RO          150    i.uxListRemove      list.o
    0x08003e14   0x08003e14   0x00000004   Code   RO         1213    i.vApplicationIdleHook  main.o
    0x08003e18   0x08003e18   0x00000004   Code   RO         1214    i.vApplicationMallocFailedHook  main.o
    0x08003e1c   0x08003e1c   0x00000020   Code   RO         1217    i.vExternalInterruptTask  main.o
    0x08003e3c   0x08003e3c   0x0000001a   Code   RO          151    i.vListInitialise   list.o
    0x08003e56   0x08003e56   0x00000006   Code   RO          152    i.vListInitialiseItem  list.o
    0x08003e5c   0x08003e5c   0x00000034   Code   RO          153    i.vListInsert       list.o
    0x08003e90   0x08003e90   0x00000018   Code   RO          154    i.vListInsertEnd    list.o
    0x08003ea8   0x08003ea8   0x00000058   Code   RO         1121    i.vPortEnterCritical  port.o
    0x08003f00   0x08003f00   0x00000040   Code   RO         1122    i.vPortExitCritical  port.o
    0x08003f40   0x08003f40   0x00000098   Code   RO         1070    i.vPortFree         heap_4.o
    0x08003fd8   0x08003fd8   0x00000028   Code   RO         1123    i.vPortSetupTimerInterrupt  port.o
    0x08004000   0x08004000   0x0000007c   Code   RO         1124    i.vPortValidateInterruptPriority  port.o
    0x0800407c   0x0800407c   0x0000002c   Code   RO          203    i.vQueueAddToRegistry  queue.o
    0x080040a8   0x080040a8   0x0000004a   Code   RO          207    i.vQueueWaitForMessageRestricted  queue.o
    0x080040f2   0x080040f2   0x00000002   PAD
    0x080040f4   0x080040f4   0x0000005c   Code   RO          580    i.vTaskDelay        tasks.o
    0x08004150   0x08004150   0x0000000e   Code   RO         1218    i.vTaskFinishSendDataFromUart3  main.o
    0x0800415e   0x0800415e   0x00000002   PAD
    0x08004160   0x08004160   0x00000018   Code   RO          585    i.vTaskInternalSetTimeOutState  tasks.o
    0x08004178   0x08004178   0x0000000c   Code   RO          586    i.vTaskMissedYield  tasks.o
    0x08004184   0x08004184   0x000000f4   Code   RO          587    i.vTaskNotifyGiveFromISR  tasks.o
    0x08004278   0x08004278   0x0000003c   Code   RO          588    i.vTaskPlaceOnEventList  tasks.o
    0x080042b4   0x080042b4   0x00000044   Code   RO          589    i.vTaskPlaceOnEventListRestricted  tasks.o
    0x080042f8   0x080042f8   0x000000a8   Code   RO         1219    i.vTaskReceiveDataByUart2  main.o
    0x080043a0   0x080043a0   0x0000002c   Code   RO         1220    i.vTaskSendDataFromUart3  main.o
    0x080043cc   0x080043cc   0x00000094   Code   RO          597    i.vTaskStartScheduler  tasks.o
    0x08004460   0x08004460   0x00000010   Code   RO          599    i.vTaskSuspendAll   tasks.o
    0x08004470   0x08004470   0x0000008c   Code   RO          600    i.vTaskSwitchContext  tasks.o
    0x080044fc   0x080044fc   0x00000020   Code   RO         1221    i.vTimerInterruptTask  main.o
    0x0800451c   0x0800451c   0x00000170   Code   RO         1125    i.xPortStartScheduler  port.o
    0x0800468c   0x0800468c   0x0000005c   Code   RO          209    i.xQueueGenericCreate  queue.o
    0x080046e8   0x080046e8   0x00000098   Code   RO          210    i.xQueueGenericReset  queue.o
    0x08004780   0x08004780   0x000001b0   Code   RO          211    i.xQueueGenericSend  queue.o
    0x08004930   0x08004930   0x000000fe   Code   RO          212    i.xQueueGenericSendFromISR  queue.o
    0x08004a2e   0x08004a2e   0x00000002   PAD
    0x08004a30   0x08004a30   0x00000170   Code   RO          219    i.xQueueReceive     queue.o
    0x08004ba0   0x08004ba0   0x00000090   Code   RO          601    i.xTaskCheckForTimeOut  tasks.o
    0x08004c30   0x08004c30   0x00000060   Code   RO          602    i.xTaskCreate       tasks.o
    0x08004c90   0x08004c90   0x00000020   Code   RO          606    i.xTaskGetSchedulerState  tasks.o
    0x08004cb0   0x08004cb0   0x0000000c   Code   RO          607    i.xTaskGetTickCount  tasks.o
    0x08004cbc   0x08004cbc   0x00000148   Code   RO          609    i.xTaskIncrementTick  tasks.o
    0x08004e04   0x08004e04   0x000000cc   Code   RO          612    i.xTaskPriorityDisinherit  tasks.o
    0x08004ed0   0x08004ed0   0x0000009c   Code   RO          614    i.xTaskRemoveFromEventList  tasks.o
    0x08004f6c   0x08004f6c   0x00000108   Code   RO          615    i.xTaskResumeAll    tasks.o
    0x08005074   0x08005074   0x00000058   Code   RO          929    i.xTimerCreateTimerTask  timers.o
    0x080050cc   0x080050cc   0x00000084   Code   RO          930    i.xTimerGenericCommand  timers.o
    0x08005150   0x08005150   0x0000000a   Code   RO         4354    x$fpl$fpinit        fz_wm.l(fpinit.o)
    0x0800515a   0x0800515a   0x00000017   Data   RO         1551    .constdata          retarget_io.o
    0x08005171   0x08005171   0x00000018   Data   RO         4040    .constdata          system_stm32f4xx.o
    0x08005189   0x08005189   0x00000003   PAD
    0x0800518c   0x0800518c   0x00000020   Data   RO         4441    Region$$Table       anon$$obj.o


    Execution Region RW_IRAM1 (Exec base: 0x20000000, Load base: 0x080051ac, Size: 0x0000b0b0, Max: 0x00020000, ABSOLUTE)

    Exec Addr    Load Addr    Size         Type   Attr      Idx    E Section Name        Object

    0x20000000   0x080051ac   0x0000003c   Data   RW          618    .data               tasks.o
    0x2000003c   0x080051e8   0x00000014   Data   RW          936    .data               timers.o
    0x20000050   0x080051fc   0x00000018   Data   RW         1075    .data               heap_4.o
    0x20000068   0x08005214   0x0000000c   Data   RW         1126    .data               port.o
    0x20000074   0x08005220   0x00000051   Data   RW         1223    .data               main.o
    0x200000c5   0x08005271   0x00000003   PAD
    0x200000c8   0x08005274   0x00000009   Data   RW         1653    .data               stm32f4xx_hal.o
    0x200000d1   0x0800527d   0x00000003   PAD
    0x200000d4   0x08005280   0x00000004   Data   RW         4041    .data               system_stm32f4xx.o
    0x200000d8   0x08005284   0x00000004   Data   RW         4104    .data               c_w.l(stdio_streams.o)
    0x200000dc   0x08005288   0x00000004   Data   RW         4105    .data               c_w.l(stdio_streams.o)
    0x200000e0   0x0800528c   0x00000004   Data   RW         4106    .data               c_w.l(stdio_streams.o)
    0x200000e4        -       0x00000040   Zero   RW          223    .bss                queue.o
    0x20000124        -       0x00000104   Zero   RW          617    .bss                tasks.o
    0x20000228        -       0x00000028   Zero   RW          935    .bss                timers.o
    0x20000250        -       0x0000a000   Zero   RW         1074    .bss                heap_4.o
    0x2000a250        -       0x00000301   Zero   RW         1222    .bss                main.o
    0x2000a551   0x08005290   0x00000003   PAD
    0x2000a554        -       0x00000054   Zero   RW         4101    .bss                c_w.l(stdio_streams.o)
    0x2000a5a8        -       0x00000054   Zero   RW         4102    .bss                c_w.l(stdio_streams.o)
    0x2000a5fc        -       0x00000054   Zero   RW         4103    .bss                c_w.l(stdio_streams.o)
    0x2000a650        -       0x00000060   Zero   RW         4301    .bss                c_w.l(libspace.o)
    0x2000a6b0        -       0x00000200   Zero   RW         4029    HEAP                startup_stm32f407xx.o
    0x2000a8b0        -       0x00000800   Zero   RW         4028    STACK               startup_stm32f407xx.o


==============================================================================

Image component sizes


      Code (inc. data)   RO Data    RW Data    ZI Data      Debug   Object Name

        52          8          0          0          0      31209   boot.o
         0          0          0          0          0      14996   croutine.o
         0          0          0          0          0       9716   event_groups.o
       712         62          0         24      40960       5115   heap_4.o
       148          0          0          0          0       3574   list.o
      2156        410          0         81        769     695014   main.o
      1038         98          0         12          0      12565   port.o
      1808         20          0          0         64      17194   queue.o
       388         30         23          0          0       7266   retarget_io.o
        72         30        396          0       2560        868   startup_stm32f407xx.o
       136         22          0          9          0       8851   stm32f4xx_hal.o
       312         22          0          0          0      35035   stm32f4xx_hal_cortex.o
        40          0          0          0          0       1467   stm32f4xx_hal_dma.o
       572         50          0          0          0       4789   stm32f4xx_hal_gpio.o
      1800         84          0          0          0       6348   stm32f4xx_hal_rcc.o
      1066         46          0          0          0      10727   stm32f4xx_hal_tim.o
       184         30          0          0          0       2989   stm32f4xx_hal_tim_ex.o
      2016         12          0          0          0      11383   stm32f4xx_hal_uart.o
       100         18         24          4          0       1511   system_stm32f4xx.o
      2974        382          0         60        260      28014   tasks.o
      1230        108          0         20         40      23735   timers.o

    ----------------------------------------------------------------------
     16822       1432        478        216      44656     932366   Object Totals
         0          0         32          0          0          0   (incl. Generated)
        18          0          3          6          3          0   (incl. Padding)

    ----------------------------------------------------------------------

      Code (inc. data)   RO Data    RW Data    ZI Data      Debug   Library Member Name

         8          0          0          0          0         68   __main.o
        40          0          0          0          0         84   __printf_nopercent.o
         0          0          0          0          0          0   __rtentry.o
        12          0          0          0          0          0   __rtentry2.o
         6          0          0          0          0          0   __rtentry4.o
        52          8          0          0          0          0   __scatter.o
        26          0          0          0          0          0   __scatter_copy.o
        28          0          0          0          0          0   __scatter_zi.o
        48          6          0          0          0         96   _printf_char_common.o
        36          4          0          0          0         80   _printf_char_file.o
        16          0          0          0          0         68   aeabi_memset.o
        10          0          0          0          0         68   defsig_exit.o
        50          0          0          0          0         88   defsig_general.o
        80         58          0          0          0         76   defsig_rtmem_inner.o
        14          0          0          0          0         80   defsig_rtmem_outer.o
        52         38          0          0          0         76   defsig_rtred_inner.o
        14          0          0          0          0         80   defsig_rtred_outer.o
        18          0          0          0          0         80   exit.o
        76          0          0          0          0         88   fclose.o
         8          0          0          0          0         68   ferror.o
       470          0          0          0          0         88   flsbuf.o
       236          4          0          0          0        128   fopen.o
        26          0          0          0          0         68   fputc.o
       248          6          0          0          0         84   fseek.o
        66          0          0          0          0         76   ftell.o
        94          0          0          0          0         80   h1_alloc.o
        52          0          0          0          0         68   h1_extend.o
        78          0          0          0          0         80   h1_free.o
        14          0          0          0          0         84   h1_init.o
         6          0          0          0          0        152   heapauxi.o
         4          0          0          0          0        136   hguard.o
         0          0          0          0          0          0   indicate_semi.o
       138          0          0          0          0        168   init_alloc.o
       312         46          0          0          0        112   initio.o
         2          0          0          0          0          0   libinit.o
        18          0          0          0          0          0   libinit2.o
         2          0          0          0          0          0   libshutdown.o
         6          0          0          0          0          0   libshutdown2.o
         8          4          0          0         96         68   libspace.o
       238          0          0          0          0        100   lludivv7m.o
         0          0          0          0          0          0   maybetermalloc1.o
        24          4          0          0          0         84   noretval__2printf.o
         8          4          0          0          0         68   rt_errno_addr_intlibspace.o
         8          4          0          0          0         68   rt_heap_descriptor_intlibspace.o
        68          0          0          0          0         68   rt_memclr.o
        78          0          0          0          0         80   rt_memclr_w.o
       138          0          0          0          0         68   rt_memcpy_v6.o
       100          0          0          0          0         80   rt_memcpy_w.o
         2          0          0          0          0          0   rtexit.o
        10          0          0          0          0          0   rtexit2.o
        70          0          0          0          0         80   setvbuf.o
       240          6          0          0          0        156   stdio.o
         0          0          0         12        252          0   stdio_streams.o
       128          0          0          0          0         68   strcmpv7m.o
        12          4          0          0          0         68   sys_exit.o
        74          0          0          0          0         80   sys_stackheap_outer.o
        14          0          0          0          0         76   sys_wrch.o
         2          0          0          0          0         68   use_no_semi.o
        10          0          0          0          0        116   fpinit.o

    ----------------------------------------------------------------------
      3608        196          0         12        348       3820   Library Totals
        10          0          0          0          0          0   (incl. Padding)

    ----------------------------------------------------------------------

      Code (inc. data)   RO Data    RW Data    ZI Data      Debug   Library Name

      3588        196          0         12        348       3704   c_w.l
        10          0          0          0          0        116   fz_wm.l

    ----------------------------------------------------------------------
      3608        196          0         12        348       3820   Library Totals

    ----------------------------------------------------------------------

==============================================================================


      Code (inc. data)   RO Data    RW Data    ZI Data      Debug   

     20430       1628        478        228      45004     919406   Grand Totals
     20430       1628        478        228      45004     919406   ELF Image Totals
     20430       1628        478        228          0          0   ROM Totals

==============================================================================

    Total RO  Size (Code + RO Data)                20908 (  20.42kB)
    Total RW  Size (RW Data + ZI Data)             45232 (  44.17kB)
    Total ROM Size (Code + RO Data + RW Data)      21136 (  20.64kB)

==============================================================================

