<html>
<body>
<pre>
<h1>µVision Build Log</h1>
<h2>Tool Versions:</h2>
IDE-Version: µVision V5.34.0.0
Copyright (C) 2021 ARM Ltd and ARM Germany GmbH. All rights reserved.
License Information: Vinh Vi, VF, LIC=----
 
Tool Versions:
Toolchain:       MDK-Lite  Version: 5.34.0.0
Toolchain Path:  C:\Keil_v5\ARM\ARMCC\Bin
C Compiler:      Armcc.exe V5.06 update 7 (build 960)
Assembler:       Armasm.exe V5.06 update 7 (build 960)
Linker/Locator:  ArmLink.exe V5.06 update 7 (build 960)
Library Manager: ArmAr.exe V5.06 update 7 (build 960)
Hex Converter:   FromElf.exe V5.06 update 7 (build 960)
CPU DLL:         SARMCM3.DLL V5.34.0.0
Dialog DLL:      DCM.DLL V1.17.3.0
Target DLL:      STLink\ST-LINKIII-KEIL_SWO.dll V3.0.8.0
Dialog DLL:      TCM.DLL V1.48.0.0
 
<h2>Project:</h2>
C:\workspace\working\study\openblt_v011200\Target\Demo\ARMCM4_STM32F4_Olimex_STM32P405_Keil\Boot\ide\stm32f405.uvprojx
Project File Date:  07/20/2021

<h2>Output:</h2>
*** Using Compiler 'V5.06 update 7 (build 960)', folder: 'C:\Keil_v5\ARM\ARMCC\Bin'
Rebuild target 'Target'
compiling usbd_ioreq.c...
compiling stm32f4xx_hal.c...
compiling stm32f4xx_hal_cortex.c...
compiling usbd_core.c...
compiling usbd_ctlreq.c...
compiling stm32f4xx_hal_can.c...
compiling mmc.c...
compiling stm32f4xx_hal_exti.c...
compiling stm32f4xx_hal_flash_ex.c...
compiling stm32f4xx_hal_flash.c...
compiling stm32f4xx_hal_flash_ramfunc.c...
compiling stm32f4xx_hal_dma.c...
compiling stm32f4xx_hal_dma_ex.c...
compiling stm32f4xx_hal_gpio.c...
compiling stm32f4xx_hal_pcd_ex.c...
compiling stm32f4xx_hal_pwr_ex.c...
compiling stm32f4xx_hal_pwr.c...
compiling stm32f4xx_hal_rcc.c...
compiling stm32f4xx_hal_pcd.c...
compiling stm32f4xx_hal_rcc_ex.c...
compiling stm32f4xx_hal_tim.c...
compiling stm32f4xx_hal_tim_ex.c...
compiling stm32f4xx_ll_exti.c...
compiling stm32f4xx_ll_dma.c...
compiling stm32f4xx_ll_gpio.c...
compiling stm32f4xx_ll_spi.c...
compiling stm32f4xx_ll_rcc.c...
compiling stm32f4xx_ll_usart.c...
compiling system_stm32f4xx.c...
compiling stm32f4xx_ll_utils.c...
compiling stm32f4xx_ll_usb.c...
compiling hooks.c...
compiling led.c...
compiling main.c...
assembling startup_stm32f405xx.s...
compiling asserts.c...
compiling usbd_bulk.c...
compiling backdoor.c...
compiling boot.c...
compiling cop.c...
compiling net.c...
compiling com.c...
compiling usbd_desc.c...
compiling usbd_conf.c...
compiling file.c...
compiling xcp.c...
compiling nvm.c...
compiling cpu_comp.c...
compiling cpu.c...
compiling can.c...
compiling timer.c...
compiling flash.c...
compiling rs232.c...
compiling unicode.c...
compiling usb.c...
compiling ff.c...
linking...
Program Size: Code=28822 RO-data=2002 RW-data=252 ZI-data=9068  
After Build - User command #1: fromelf --m32 --output=..\bin\openblt_olimex_stm32p405.srec ..\bin\openblt_olimex_stm32p405.axf
"..\bin\openblt_olimex_stm32p405.axf" - 0 Error(s), 0 Warning(s).

<h2>Software Packages used:</h2>

Package Vendor: Keil
                http://www.keil.com/pack/Keil.STM32F4xx_DFP.2.15.0.pack
                Keil.STM32F4xx_DFP.2.15.0
                STMicroelectronics STM32F4 Series Device Support, Drivers and Examples

<h2>Collection of Component include folders:</h2>
  .\RTE\_Target
  C:\Users\viquo\AppData\Local\Arm\Packs\Keil\STM32F4xx_DFP\2.15.0\Drivers\CMSIS\Device\ST\STM32F4xx\Include

<h2>Collection of Component Files used:</h2>
Build Time Elapsed:  00:00:04
</pre>
</body>
</html>
