Component: ARM Compiler 5.06 update 7 (build 960) Tool: armlink [4d3601]

==============================================================================

Section Cross References

    mmc.o(i.deselect_card) refers to mmc.o(i.xchg_spi) for xchg_spi
    mmc.o(i.disk_initialize) refers to mmc.o(i.power_on) for power_on
    mmc.o(i.disk_initialize) refers to mmc.o(i.send_cmd) for send_cmd
    mmc.o(i.disk_initialize) refers to timer.o(i.TimerGet) for TimerGet
    mmc.o(i.disk_initialize) refers to mmc.o(i.xchg_spi) for xchg_spi
    mmc.o(i.disk_initialize) refers to cop.o(i.CopService) for CopService
    mmc.o(i.disk_initialize) refers to mmc.o(i.deselect_card) for deselect_card
    mmc.o(i.disk_initialize) refers to stm32f4xx_ll_spi.o(i.LL_SPI_Init) for LL_SPI_Init
    mmc.o(i.disk_initialize) refers to mmc.o(.data) for .data
    mmc.o(i.disk_ioctl) refers to mmc.o(i.select_card) for select_card
    mmc.o(i.disk_ioctl) refers to mmc.o(i.send_cmd) for send_cmd
    mmc.o(i.disk_ioctl) refers to mmc.o(i.rcvr_datablock) for rcvr_datablock
    mmc.o(i.disk_ioctl) refers to mmc.o(i.xchg_spi) for xchg_spi
    mmc.o(i.disk_ioctl) refers to cop.o(i.CopService) for CopService
    mmc.o(i.disk_ioctl) refers to mmc.o(i.deselect_card) for deselect_card
    mmc.o(i.disk_ioctl) refers to mmc.o(.data) for .data
    mmc.o(i.disk_read) refers to mmc.o(i.send_cmd) for send_cmd
    mmc.o(i.disk_read) refers to mmc.o(i.rcvr_datablock) for rcvr_datablock
    mmc.o(i.disk_read) refers to cop.o(i.CopService) for CopService
    mmc.o(i.disk_read) refers to mmc.o(i.deselect_card) for deselect_card
    mmc.o(i.disk_read) refers to mmc.o(.data) for .data
    mmc.o(i.disk_status) refers to mmc.o(.data) for .data
    mmc.o(i.disk_write) refers to mmc.o(i.send_cmd) for send_cmd
    mmc.o(i.disk_write) refers to mmc.o(i.xmit_datablock) for xmit_datablock
    mmc.o(i.disk_write) refers to cop.o(i.CopService) for CopService
    mmc.o(i.disk_write) refers to mmc.o(i.deselect_card) for deselect_card
    mmc.o(i.disk_write) refers to mmc.o(.data) for .data
    mmc.o(i.power_on) refers to stm32f4xx_ll_gpio.o(i.LL_GPIO_Init) for LL_GPIO_Init
    mmc.o(i.power_on) refers to stm32f4xx_ll_spi.o(i.LL_SPI_Init) for LL_SPI_Init
    mmc.o(i.power_on) refers to mmc.o(i.send_initial_clock_train) for send_initial_clock_train
    mmc.o(i.rcvr_datablock) refers to timer.o(i.TimerGet) for TimerGet
    mmc.o(i.rcvr_datablock) refers to mmc.o(i.xchg_spi) for xchg_spi
    mmc.o(i.rcvr_datablock) refers to cop.o(i.CopService) for CopService
    mmc.o(i.rcvr_datablock) refers to mmc.o(i.rcvr_spi_m) for rcvr_spi_m
    mmc.o(i.rcvr_spi_m) refers to mmc.o(i.xchg_spi) for xchg_spi
    mmc.o(i.select_card) refers to mmc.o(i.xchg_spi) for xchg_spi
    mmc.o(i.select_card) refers to mmc.o(i.wait_ready) for wait_ready
    mmc.o(i.select_card) refers to mmc.o(i.deselect_card) for deselect_card
    mmc.o(i.send_cmd) refers to mmc.o(i.deselect_card) for deselect_card
    mmc.o(i.send_cmd) refers to mmc.o(i.select_card) for select_card
    mmc.o(i.send_cmd) refers to mmc.o(i.xchg_spi) for xchg_spi
    mmc.o(i.send_cmd) refers to cop.o(i.CopService) for CopService
    mmc.o(i.send_initial_clock_train) refers to stm32f4xx_ll_gpio.o(i.LL_GPIO_Init) for LL_GPIO_Init
    mmc.o(i.send_initial_clock_train) refers to timer.o(i.TimerGet) for TimerGet
    mmc.o(i.wait_ready) refers to timer.o(i.TimerGet) for TimerGet
    mmc.o(i.wait_ready) refers to mmc.o(i.xchg_spi) for xchg_spi
    mmc.o(i.wait_ready) refers to cop.o(i.CopService) for CopService
    mmc.o(i.xchg_spi) refers to timer.o(i.TimerGet) for TimerGet
    mmc.o(i.xchg_spi) refers to cop.o(i.CopService) for CopService
    mmc.o(i.xmit_datablock) refers to mmc.o(i.wait_ready) for wait_ready
    mmc.o(i.xmit_datablock) refers to mmc.o(i.xchg_spi) for xchg_spi
    mmc.o(i.xmit_datablock) refers to cop.o(i.CopService) for CopService
    usbd_core.o(i.USBD_DeInit) refers to usbd_conf.o(i.USBD_LL_Stop) for USBD_LL_Stop
    usbd_core.o(i.USBD_DeInit) refers to usbd_conf.o(i.USBD_LL_DeInit) for USBD_LL_DeInit
    usbd_core.o(i.USBD_Init) refers to usbd_conf.o(i.USBD_LL_Init) for USBD_LL_Init
    usbd_core.o(i.USBD_LL_DataInStage) refers to usbd_ioreq.o(i.USBD_CtlContinueSendData) for USBD_CtlContinueSendData
    usbd_core.o(i.USBD_LL_DataInStage) refers to usbd_conf.o(i.USBD_LL_PrepareReceive) for USBD_LL_PrepareReceive
    usbd_core.o(i.USBD_LL_DataInStage) refers to usbd_ioreq.o(i.USBD_CtlReceiveStatus) for USBD_CtlReceiveStatus
    usbd_core.o(i.USBD_LL_DataOutStage) refers to usbd_ioreq.o(i.USBD_CtlContinueRx) for USBD_CtlContinueRx
    usbd_core.o(i.USBD_LL_DataOutStage) refers to usbd_ioreq.o(i.USBD_CtlSendStatus) for USBD_CtlSendStatus
    usbd_core.o(i.USBD_LL_Reset) refers to usbd_conf.o(i.USBD_LL_OpenEP) for USBD_LL_OpenEP
    usbd_core.o(i.USBD_LL_SetupStage) refers to usbd_ctlreq.o(i.USBD_ParseSetupRequest) for USBD_ParseSetupRequest
[...]
    EXTI3_IRQHandler                         0x08000251   Thumb Code     0  startup_stm32f405xx.o(.text)
    EXTI4_IRQHandler                         0x08000251   Thumb Code     0  startup_stm32f405xx.o(.text)
    EXTI9_5_IRQHandler                       0x08000251   Thumb Code     0  startup_stm32f405xx.o(.text)
    FLASH_IRQHandler                         0x08000251   Thumb Code     0  startup_stm32f405xx.o(.text)
    FMC_IRQHandler                           0x08000251   Thumb Code     0  startup_stm32f405xx.o(.text)
    FPU_IRQHandler                           0x08000251   Thumb Code     0  startup_stm32f405xx.o(.text)
    HASH_RNG_IRQHandler                      0x08000251   Thumb Code     0  startup_stm32f405xx.o(.text)
    I2C1_ER_IRQHandler                       0x08000251   Thumb Code     0  startup_stm32f405xx.o(.text)
    I2C1_EV_IRQHandler                       0x08000251   Thumb Code     0  startup_stm32f405xx.o(.text)
    I2C2_ER_IRQHandler                       0x08000251   Thumb Code     0  startup_stm32f405xx.o(.text)
    I2C2_EV_IRQHandler                       0x08000251   Thumb Code     0  startup_stm32f405xx.o(.text)
    I2C3_ER_IRQHandler                       0x08000251   Thumb Code     0  startup_stm32f405xx.o(.text)
    I2C3_EV_IRQHandler                       0x08000251   Thumb Code     0  startup_stm32f405xx.o(.text)
    OTG_FS_IRQHandler                        0x08000251   Thumb Code     0  startup_stm32f405xx.o(.text)
    OTG_FS_WKUP_IRQHandler                   0x08000251   Thumb Code     0  startup_stm32f405xx.o(.text)
    OTG_HS_EP1_IN_IRQHandler                 0x08000251   Thumb Code     0  startup_stm32f405xx.o(.text)
    OTG_HS_EP1_OUT_IRQHandler                0x08000251   Thumb Code     0  startup_stm32f405xx.o(.text)
    OTG_HS_IRQHandler                        0x08000251   Thumb Code     0  startup_stm32f405xx.o(.text)
    OTG_HS_WKUP_IRQHandler                   0x08000251   Thumb Code     0  startup_stm32f405xx.o(.text)
    PVD_IRQHandler                           0x08000251   Thumb Code     0  startup_stm32f405xx.o(.text)
    RCC_IRQHandler                           0x08000251   Thumb Code     0  startup_stm32f405xx.o(.text)
    RTC_Alarm_IRQHandler                     0x08000251   Thumb Code     0  startup_stm32f405xx.o(.text)
    RTC_WKUP_IRQHandler                      0x08000251   Thumb Code     0  startup_stm32f405xx.o(.text)
    SDIO_IRQHandler                          0x08000251   Thumb Code     0  startup_stm32f405xx.o(.text)
    SPI1_IRQHandler                          0x08000251   Thumb Code     0  startup_stm32f405xx.o(.text)
    SPI2_IRQHandler                          0x08000251   Thumb Code     0  startup_stm32f405xx.o(.text)
    SPI3_IRQHandler                          0x08000251   Thumb Code     0  startup_stm32f405xx.o(.text)
    TAMP_STAMP_IRQHandler                    0x08000251   Thumb Code     0  startup_stm32f405xx.o(.text)
    TIM1_BRK_TIM9_IRQHandler                 0x08000251   Thumb Code     0  startup_stm32f405xx.o(.text)
    TIM1_CC_IRQHandler                       0x08000251   Thumb Code     0  startup_stm32f405xx.o(.text)
    TIM1_TRG_COM_TIM11_IRQHandler            0x08000251   Thumb Code     0  startup_stm32f405xx.o(.text)
    TIM1_UP_TIM10_IRQHandler                 0x08000251   Thumb Code     0  startup_stm32f405xx.o(.text)
    TIM2_IRQHandler                          0x08000251   Thumb Code     0  startup_stm32f405xx.o(.text)
    TIM3_IRQHandler                          0x08000251   Thumb Code     0  startup_stm32f405xx.o(.text)
    TIM4_IRQHandler                          0x08000251   Thumb Code     0  startup_stm32f405xx.o(.text)
    TIM5_IRQHandler                          0x08000251   Thumb Code     0  startup_stm32f405xx.o(.text)
    TIM6_DAC_IRQHandler                      0x08000251   Thumb Code     0  startup_stm32f405xx.o(.text)
    TIM7_IRQHandler                          0x08000251   Thumb Code     0  startup_stm32f405xx.o(.text)
    TIM8_BRK_TIM12_IRQHandler                0x08000251   Thumb Code     0  startup_stm32f405xx.o(.text)
    TIM8_CC_IRQHandler                       0x08000251   Thumb Code     0  startup_stm32f405xx.o(.text)
    TIM8_TRG_COM_TIM14_IRQHandler            0x08000251   Thumb Code     0  startup_stm32f405xx.o(.text)
    TIM8_UP_TIM13_IRQHandler                 0x08000251   Thumb Code     0  startup_stm32f405xx.o(.text)
    UART4_IRQHandler                         0x08000251   Thumb Code     0  startup_stm32f405xx.o(.text)
    UART5_IRQHandler                         0x08000251   Thumb Code     0  startup_stm32f405xx.o(.text)
    USART1_IRQHandler                        0x08000251   Thumb Code     0  startup_stm32f405xx.o(.text)
    USART2_IRQHandler                        0x08000251   Thumb Code     0  startup_stm32f405xx.o(.text)
    USART3_IRQHandler                        0x08000251   Thumb Code     0  startup_stm32f405xx.o(.text)
    USART6_IRQHandler                        0x08000251   Thumb Code     0  startup_stm32f405xx.o(.text)
    WWDG_IRQHandler                          0x08000251   Thumb Code     0  startup_stm32f405xx.o(.text)
    __user_initial_stackheap                 0x08000255   Thumb Code     0  startup_stm32f405xx.o(.text)
    __rt_ctype_table                         0x08000279   Thumb Code    16  rt_ctype_table.o(.text)
    toupper                                  0x08000289   Thumb Code    30  toupper.o(.text)
    __aeabi_memcpy4                          0x080002a7   Thumb Code     0  rt_memcpy_w.o(.text)
    __aeabi_memcpy8                          0x080002a7   Thumb Code     0  rt_memcpy_w.o(.text)
    __rt_memcpy_w                            0x080002a7   Thumb Code   100  rt_memcpy_w.o(.text)
    _memcpy_lastbytes_aligned                0x080002ef   Thumb Code     0  rt_memcpy_w.o(.text)
    __aeabi_memclr4                          0x0800030b   Thumb Code     0  rt_memclr_w.o(.text)
    __aeabi_memclr8                          0x0800030b   Thumb Code     0  rt_memclr_w.o(.text)
    __rt_memclr_w                            0x0800030b   Thumb Code    78  rt_memclr_w.o(.text)
    _memset_w                                0x0800030f   Thumb Code     0  rt_memclr_w.o(.text)
    __use_two_region_memory                  0x08000359   Thumb Code     2  heapauxi.o(.text)
    __rt_heap_escrow$2region                 0x0800035b   Thumb Code     2  heapauxi.o(.text)
    __rt_heap_expand$2region                 0x0800035d   Thumb Code     2  heapauxi.o(.text)
    __rt_locale                              0x08000361   Thumb Code     8  rt_locale_intlibspace.o(.text)
    __user_libspace                          0x08000369   Thumb Code     8  libspace.o(.text)
    __user_perproc_libspace                  0x08000369   Thumb Code     0  libspace.o(.text)
    __user_perthread_libspace                0x08000369   Thumb Code     0  libspace.o(.text)
    strcmp                                   0x08000371   Thumb Code   128  strcmpv7m.o(.text)
    __user_setup_stackheap                   0x080003f1   Thumb Code    74  sys_stackheap_outer.o(.text)
    exit                                     0x0800043b   Thumb Code    18  exit.o(.text)
    _sys_exit                                0x0800044d   Thumb Code     8  sys_exit.o(.text)
    __I$use$semihosting                      0x08000459   Thumb Code     0  use_no_semi.o(.text)
    __use_no_semihosting_swi                 0x08000459   Thumb Code     2  use_no_semi.o(.text)
    AssertFailure                            0x0800045b   Thumb Code     6  asserts.o(i.AssertFailure)
    __semihosting_library_function           0x0800045b   Thumb Code     0  indicate_semi.o(.text)
    BackDoorCheck                            0x08000461   Thumb Code    66  backdoor.o(i.BackDoorCheck)
    BackDoorGetExtension                     0x080004a9   Thumb Code     6  backdoor.o(i.BackDoorGetExtension)
    BackDoorInit                             0x080004b5   Thumb Code    20  backdoor.o(i.BackDoorInit)
    BackDoorRestartTimer                     0x080004cd   Thumb Code    18  backdoor.o(i.BackDoorRestartTimer)
    BackDoorSetExtension                     0x080004e5   Thumb Code     6  backdoor.o(i.BackDoorSetExtension)
    BootInit                                 0x080004f1   Thumb Code    34  boot.o(i.BootInit)
    BootTask                                 0x08000513   Thumb Code    26  boot.o(i.BootTask)
    CanInit                                  0x080005a9   Thumb Code   148  can.o(i.CanInit)
    CanReceivePacket                         0x0800066d   Thumb Code    48  can.o(i.CanReceivePacket)
    CanTransmitPacket                        0x080006a1   Thumb Code    72  can.o(i.CanTransmitPacket)
    ComFree                                  0x080006ed   Thumb Code     4  com.o(i.ComFree)
    ComGetActiveInterfaceMaxRxLen            0x080006f1   Thumb Code    34  com.o(i.ComGetActiveInterfaceMaxRxLen)
    ComGetActiveInterfaceMaxTxLen            0x08000719   Thumb Code    34  com.o(i.ComGetActiveInterfaceMaxTxLen)
    ComInit                                  0x08000741   Thumb Code    34  com.o(i.ComInit)
    ComIsConnected                           0x08000769   Thumb Code    16  com.o(i.ComIsConnected)
    ComTask                                  0x08000779   Thumb Code    82  com.o(i.ComTask)
    ComTransmitPacket                        0x080007d5   Thumb Code    56  com.o(i.ComTransmitPacket)
    CopInit                                  0x08000811   Thumb Code     4  cop.o(i.CopInit)
    CopInitHook                              0x08000815   Thumb Code     6  hooks.o(i.CopInitHook)
    CopService                               0x0800081b   Thumb Code     4  cop.o(i.CopService)
    CopServiceHook                           0x0800081f   Thumb Code     4  hooks.o(i.CopServiceHook)
    CpuInit                                  0x08000823   Thumb Code     4  cpu.o(i.CpuInit)
    CpuIrqDisable                            0x08000827   Thumb Code     4  cpu_comp.o(i.CpuIrqDisable)
    CpuIrqEnable                             0x0800082b   Thumb Code     4  cpu_comp.o(i.CpuIrqEnable)
    CpuMemCopy                               0x0800082f   Thumb Code    30  cpu.o(i.CpuMemCopy)
    CpuStartUserProgram                      0x0800084d   Thumb Code    62  cpu.o(i.CpuStartUserProgram)
    CpuUserProgramStartHook                  0x08000895   Thumb Code    20  hooks.o(i.CpuUserProgramStartHook)
    FLASH_Erase_Sector                       0x080008ad   Thumb Code    74  stm32f4xx_hal_flash_ex.o(i.FLASH_Erase_Sector)
    FLASH_FlushCaches                        0x080008fd   Thumb Code    80  stm32f4xx_hal_flash_ex.o(i.FLASH_FlushCaches)
    FLASH_WaitForLastOperation               0x08000a71   Thumb Code    72  stm32f4xx_hal_flash.o(i.FLASH_WaitForLastOperation)
    FileFirmwareUpdateCompletedHook          0x08000ac1   Thumb Code    58  hooks.o(i.FileFirmwareUpdateCompletedHook)
    FileFirmwareUpdateErrorHook              0x08000b09   Thumb Code    18  hooks.o(i.FileFirmwareUpdateErrorHook)
    FileFirmwareUpdateLogHook                0x08000b21   Thumb Code    86  hooks.o(i.FileFirmwareUpdateLogHook)
    FileFirmwareUpdateStartedHook            0x08000b81   Thumb Code    32  hooks.o(i.FileFirmwareUpdateStartedHook)
    FileGetFirmwareFilenameHook              0x08000bb5   Thumb Code     4  hooks.o(i.FileGetFirmwareFilenameHook)
    FileHandleFirmwareUpdateRequest          0x08000bbd   Thumb Code    34  file.o(i.FileHandleFirmwareUpdateRequest)
    FileInit                                 0x08000be5   Thumb Code    36  file.o(i.FileInit)
    FileIsFirmwareUpdateRequestedHook        0x08000c31   Thumb Code    46  hooks.o(i.FileIsFirmwareUpdateRequestedHook)
    FileIsIdle                               0x08000c65   Thumb Code    14  file.o(i.FileIsIdle)
    FileSrecGetLineType                      0x08000d1b   Thumb Code    56  file.o(i.FileSrecGetLineType)
    FileSrecParseLine                        0x08000d55   Thumb Code   330  file.o(i.FileSrecParseLine)
    FileSrecVerifyChecksum                   0x08000ebd   Thumb Code    58  file.o(i.FileSrecVerifyChecksum)
    FileTask                                 0x08000ef9   Thumb Code   822  file.o(i.FileTask)
    FlashDone                                0x08001465   Thumb Code    42  flash.o(i.FlashDone)
    FlashErase                               0x08001499   Thumb Code   128  flash.o(i.FlashErase)
    FlashGetUserProgBaseAddress              0x08001565   Thumb Code     4  flash.o(i.FlashGetUserProgBaseAddress)
    FlashInit                                0x0800156d   Thumb Code    16  flash.o(i.FlashInit)
    FlashVerifyChecksum                      0x080015e1   Thumb Code    44  flash.o(i.FlashVerifyChecksum)
    FlashWrite                               0x08001611   Thumb Code    74  flash.o(i.FlashWrite)
    FlashWriteChecksum                       0x080016b9   Thumb Code    62  flash.o(i.FlashWriteChecksum)
    HAL_CAN_AddTxMessage                     0x08001701   Thumb Code   220  stm32f4xx_hal_can.o(i.HAL_CAN_AddTxMessage)
    HAL_CAN_ConfigFilter                     0x080017dd   Thumb Code   262  stm32f4xx_hal_can.o(i.HAL_CAN_ConfigFilter)
    HAL_CAN_GetRxMessage                     0x080018e9   Thumb Code   232  stm32f4xx_hal_can.o(i.HAL_CAN_GetRxMessage)
    HAL_CAN_Init                             0x080019d1   Thumb Code   282  stm32f4xx_hal_can.o(i.HAL_CAN_Init)
    HAL_CAN_IsTxMessagePending               0x08001aeb   Thumb Code    30  stm32f4xx_hal_can.o(i.HAL_CAN_IsTxMessagePending)
    HAL_CAN_MspInit                          0x08001b09   Thumb Code     2  stm32f4xx_hal_can.o(i.HAL_CAN_MspInit)
    HAL_CAN_Start                            0x08001b0b   Thumb Code    86  stm32f4xx_hal_can.o(i.HAL_CAN_Start)
    HAL_DeInit                               0x08001b61   Thumb Code    48  stm32f4xx_hal.o(i.HAL_DeInit)
    HAL_Delay                                0x08001b95   Thumb Code    32  stm32f4xx_hal.o(i.HAL_Delay)
    HAL_FLASHEx_Erase                        0x08001bb9   Thumb Code   144  stm32f4xx_hal_flash_ex.o(i.HAL_FLASHEx_Erase)
    HAL_FLASH_Lock                           0x08001c51   Thumb Code    14  stm32f4xx_hal_flash.o(i.HAL_FLASH_Lock)
    HAL_FLASH_Program                        0x08001c65   Thumb Code   116  stm32f4xx_hal_flash.o(i.HAL_FLASH_Program)
    HAL_FLASH_Unlock                         0x08001ce1   Thumb Code    32  stm32f4xx_hal_flash.o(i.HAL_FLASH_Unlock)
    HAL_GetTick                              0x08001d0d   Thumb Code     4  timer.o(i.HAL_GetTick)
    HAL_Init                                 0x08001d11   Thumb Code    48  stm32f4xx_hal.o(i.HAL_Init)
    HAL_InitTick                             0x08001d45   Thumb Code    54  stm32f4xx_hal.o(i.HAL_InitTick)
    HAL_MspDeInit                            0x08001d85   Thumb Code   104  main.o(i.HAL_MspDeInit)
    HAL_MspInit                              0x08001e01   Thumb Code   232  main.o(i.HAL_MspInit)
    HAL_NVIC_SetPriority                     0x08001efd   Thumb Code    60  stm32f4xx_hal_cortex.o(i.HAL_NVIC_SetPriority)
    HAL_NVIC_SetPriorityGrouping             0x08001f3d   Thumb Code    26  stm32f4xx_hal_cortex.o(i.HAL_NVIC_SetPriorityGrouping)
    HAL_PCDEx_LPM_Callback                   0x08001f61   Thumb Code     2  stm32f4xx_hal_pcd_ex.o(i.HAL_PCDEx_LPM_Callback)
    HAL_PCDEx_SetRxFiFo                      0x08001f63   Thumb Code     8  stm32f4xx_hal_pcd_ex.o(i.HAL_PCDEx_SetRxFiFo)
    HAL_PCDEx_SetTxFiFo                      0x08001f6b   Thumb Code    68  stm32f4xx_hal_pcd_ex.o(i.HAL_PCDEx_SetTxFiFo)
    HAL_PCD_ConnectCallback                  0x08001faf   Thumb Code    22  usbd_conf.o(i.HAL_PCD_ConnectCallback)
    HAL_PCD_DataInStageCallback              0x08001fc5   Thumb Code    18  usbd_conf.o(i.HAL_PCD_DataInStageCallback)
    HAL_PCD_DataOutStageCallback             0x08001fd7   Thumb Code    20  usbd_conf.o(i.HAL_PCD_DataOutStageCallback)
    HAL_PCD_DeInit                           0x08001feb   Thumb Code    36  stm32f4xx_hal_pcd.o(i.HAL_PCD_DeInit)
    HAL_PCD_DevConnect                       0x0800200f   Thumb Code    60  stm32f4xx_hal_pcd.o(i.HAL_PCD_DevConnect)
    HAL_PCD_DevDisconnect                    0x0800204b   Thumb Code    36  stm32f4xx_hal_pcd.o(i.HAL_PCD_DevDisconnect)
    HAL_PCD_DisconnectCallback               0x0800206f   Thumb Code    22  usbd_conf.o(i.HAL_PCD_DisconnectCallback)
    HAL_PCD_EP_Close                         0x08002085   Thumb Code    76  stm32f4xx_hal_pcd.o(i.HAL_PCD_EP_Close)
    HAL_PCD_EP_ClrStall                      0x080020d1   Thumb Code    92  stm32f4xx_hal_pcd.o(i.HAL_PCD_EP_ClrStall)
    HAL_PCD_EP_GetRxCount                    0x0800212d   Thumb Code    18  stm32f4xx_hal_pcd.o(i.HAL_PCD_EP_GetRxCount)
    HAL_PCD_EP_Open                          0x0800213f   Thumb Code    96  stm32f4xx_hal_pcd.o(i.HAL_PCD_EP_Open)
    HAL_PCD_EP_Receive                       0x0800219f   Thumb Code    72  stm32f4xx_hal_pcd.o(i.HAL_PCD_EP_Receive)
    HAL_PCD_EP_SetStall                      0x080021e7   Thumb Code   116  stm32f4xx_hal_pcd.o(i.HAL_PCD_EP_SetStall)
    HAL_PCD_EP_Transmit                      0x0800225b   Thumb Code    64  stm32f4xx_hal_pcd.o(i.HAL_PCD_EP_Transmit)
    HAL_PCD_IRQHandler                       0x0800229d   Thumb Code  1086  stm32f4xx_hal_pcd.o(i.HAL_PCD_IRQHandler)
    HAL_PCD_ISOINIncompleteCallback          0x080026e5   Thumb Code     8  usbd_conf.o(i.HAL_PCD_ISOINIncompleteCallback)
    HAL_PCD_ISOOUTIncompleteCallback         0x080026ed   Thumb Code     8  usbd_conf.o(i.HAL_PCD_ISOOUTIncompleteCallback)
    HAL_PCD_Init                             0x080026f5   Thumb Code   226  stm32f4xx_hal_pcd.o(i.HAL_PCD_Init)
    HAL_PCD_MspDeInit                        0x080027d7   Thumb Code     2  stm32f4xx_hal_pcd.o(i.HAL_PCD_MspDeInit)
    HAL_PCD_MspInit                          0x080027d9   Thumb Code     2  stm32f4xx_hal_pcd.o(i.HAL_PCD_MspInit)
    HAL_PCD_ResetCallback                    0x080027db   Thumb Code    32  usbd_conf.o(i.HAL_PCD_ResetCallback)
    HAL_PCD_ResumeCallback                   0x080027fb   Thumb Code    20  usbd_conf.o(i.HAL_PCD_ResumeCallback)
    HAL_PCD_SOFCallback                      0x0800280f   Thumb Code     8  usbd_conf.o(i.HAL_PCD_SOFCallback)
    HAL_PCD_SetAddress                       0x08002817   Thumb Code    40  stm32f4xx_hal_pcd.o(i.HAL_PCD_SetAddress)
    HAL_PCD_SetupStageCallback               0x0800283f   Thumb Code    14  usbd_conf.o(i.HAL_PCD_SetupStageCallback)
    HAL_PCD_Start                            0x0800284d   Thumb Code    66  stm32f4xx_hal_pcd.o(i.HAL_PCD_Start)
    HAL_PCD_Stop                             0x0800288f   Thumb Code    60  stm32f4xx_hal_pcd.o(i.HAL_PCD_Stop)
    HAL_PCD_SuspendCallback                  0x080028cd   Thumb Code    48  usbd_conf.o(i.HAL_PCD_SuspendCallback)
    HAL_RCC_GetHCLKFreq                      0x08002901   Thumb Code     6  stm32f4xx_hal_rcc.o(i.HAL_RCC_GetHCLKFreq)
    HAL_SYSTICK_Config                       0x0800290d   Thumb Code    40  stm32f4xx_hal_cortex.o(i.HAL_SYSTICK_Config)
    LL_GPIO_DeInit                           0x08002995   Thumb Code   160  stm32f4xx_ll_gpio.o(i.LL_GPIO_DeInit)
    LL_GPIO_Init                             0x08002a59   Thumb Code   282  stm32f4xx_ll_gpio.o(i.LL_GPIO_Init)
    LL_RCC_DeInit                            0x08002b75   Thumb Code   130  stm32f4xx_ll_rcc.o(i.LL_RCC_DeInit)
    LL_RCC_GetSystemClocksFreq               0x08002c09   Thumb Code    32  stm32f4xx_ll_rcc.o(i.LL_RCC_GetSystemClocksFreq)
    LL_SPI_Init                              0x08002c39   Thumb Code   100  stm32f4xx_ll_spi.o(i.LL_SPI_Init)
    LL_SetSystemCoreClock                    0x08002c9d   Thumb Code     6  stm32f4xx_ll_utils.o(i.LL_SetSystemCoreClock)
    LL_USART_Init                            0x08002ca9   Thumb Code   136  stm32f4xx_ll_usart.o(i.LL_USART_Init)
    LedBlinkExit                             0x08002e09   Thumb Code    14  led.o(i.LedBlinkExit)
    LedBlinkInit                             0x08002e21   Thumb Code     6  led.o(i.LedBlinkInit)
    LedBlinkTask                             0x08002e2d   Thumb Code    54  led.o(i.LedBlinkTask)
    NvmDone                                  0x08002e71   Thumb Code    20  nvm.o(i.NvmDone)
    NvmErase                                 0x08002e85   Thumb Code     4  nvm.o(i.NvmErase)
    NvmGetUserProgBaseAddress                0x08002e89   Thumb Code     4  nvm.o(i.NvmGetUserProgBaseAddress)
    NvmInit                                  0x08002e8d   Thumb Code     4  nvm.o(i.NvmInit)
    NvmVerifyChecksum                        0x08002e91   Thumb Code     4  nvm.o(i.NvmVerifyChecksum)
    NvmWrite                                 0x08002e95   Thumb Code     4  nvm.o(i.NvmWrite)
    RCC_GetHCLKClockFreq                     0x08003009   Thumb Code    18  stm32f4xx_ll_rcc.o(i.RCC_GetHCLKClockFreq)
    RCC_GetPCLK1ClockFreq                    0x08003025   Thumb Code    20  stm32f4xx_ll_rcc.o(i.RCC_GetPCLK1ClockFreq)
    RCC_GetPCLK2ClockFreq                    0x08003041   Thumb Code    20  stm32f4xx_ll_rcc.o(i.RCC_GetPCLK2ClockFreq)
    RCC_GetSystemClockFreq                   0x0800305d   Thumb Code    30  stm32f4xx_ll_rcc.o(i.RCC_GetSystemClockFreq)
    RCC_PLL_GetFreqDomain_SYS                0x08003089   Thumb Code    68  stm32f4xx_ll_rcc.o(i.RCC_PLL_GetFreqDomain_SYS)
    Rs232Init                                0x080030d5   Thumb Code    56  rs232.o(i.Rs232Init)
    Rs232ReceivePacket                       0x0800312d   Thumb Code   116  rs232.o(i.Rs232ReceivePacket)
    Rs232TransmitPacket                      0x080031d5   Thumb Code    48  rs232.o(i.Rs232TransmitPacket)
    SysTick_Handler                          0x08003231   Thumb Code     2  timer.o(i.SysTick_Handler)
    SystemInit                               0x0800331d   Thumb Code    66  system_stm32f4xx.o(i.SystemInit)
    TimerGet                                 0x08003371   Thumb Code    12  timer.o(i.TimerGet)
    TimerInit                                0x08003381   Thumb Code    28  timer.o(i.TimerInit)
    TimerReset                               0x080033a5   Thumb Code    14  timer.o(i.TimerReset)
    TimerUpdate                              0x080033b5   Thumb Code    20  timer.o(i.TimerUpdate)
    USBD_Bulk_GetDeviceQualifierDescriptor   0x080033fd   Thumb Code     8  usbd_bulk.o(i.USBD_Bulk_GetDeviceQualifierDescriptor)
    USBD_Bulk_GetRxBufferPtr                 0x08003415   Thumb Code     4  usbd_bulk.o(i.USBD_Bulk_GetRxBufferPtr)
    USBD_ClrClassConfig                      0x080034c5   Thumb Code    14  usbd_core.o(i.USBD_ClrClassConfig)
    USBD_CtlContinueRx                       0x080034d3   Thumb Code    16  usbd_ioreq.o(i.USBD_CtlContinueRx)
    USBD_CtlContinueSendData                 0x080034e3   Thumb Code    16  usbd_ioreq.o(i.USBD_CtlContinueSendData)
    USBD_CtlError                            0x080034f3   Thumb Code    22  usbd_ctlreq.o(i.USBD_CtlError)
    USBD_CtlReceiveStatus                    0x08003509   Thumb Code    22  usbd_ioreq.o(i.USBD_CtlReceiveStatus)
    USBD_CtlSendData                         0x0800351f   Thumb Code    26  usbd_ioreq.o(i.USBD_CtlSendData)
    USBD_CtlSendStatus                       0x08003539   Thumb Code    22  usbd_ioreq.o(i.USBD_CtlSendStatus)
    USBD_DeInit                              0x0800354f   Thumb Code    38  usbd_core.o(i.USBD_DeInit)
    USBD_FS_ConfigStrDescriptor              0x08003575   Thumb Code    16  usbd_desc.o(i.USBD_FS_ConfigStrDescriptor)
    USBD_FS_DeviceDescriptor                 0x08003591   Thumb Code     8  usbd_desc.o(i.USBD_FS_DeviceDescriptor)
    USBD_FS_InterfaceStrDescriptor           0x0800359d   Thumb Code    16  usbd_desc.o(i.USBD_FS_InterfaceStrDescriptor)
    USBD_FS_LangIDStrDescriptor              0x080035c9   Thumb Code     8  usbd_desc.o(i.USBD_FS_LangIDStrDescriptor)
    USBD_FS_ManufacturerStrDescriptor        0x080035d5   Thumb Code    16  usbd_desc.o(i.USBD_FS_ManufacturerStrDescriptor)
    USBD_FS_ProductStrDescriptor             0x080035f9   Thumb Code    16  usbd_desc.o(i.USBD_FS_ProductStrDescriptor)
    USBD_FS_SerialStrDescriptor              0x08003621   Thumb Code    16  usbd_desc.o(i.USBD_FS_SerialStrDescriptor)
    USBD_GetString                           0x08003725   Thumb Code    70  usbd_ctlreq.o(i.USBD_GetString)
    USBD_Init                                0x0800376b   Thumb Code    42  usbd_core.o(i.USBD_Init)
    USBD_LL_ClearStallEP                     0x08003795   Thumb Code    32  usbd_conf.o(i.USBD_LL_ClearStallEP)
    USBD_LL_CloseEP                          0x080037b5   Thumb Code    32  usbd_conf.o(i.USBD_LL_CloseEP)
    USBD_LL_DataInStage                      0x080037d5   Thumb Code   170  usbd_core.o(i.USBD_LL_DataInStage)
    USBD_LL_DataOutStage                     0x0800387f   Thumb Code   106  usbd_core.o(i.USBD_LL_DataOutStage)
    USBD_LL_DeInit                           0x080038e9   Thumb Code    32  usbd_conf.o(i.USBD_LL_DeInit)
    USBD_LL_DevConnected                     0x08003909   Thumb Code     4  usbd_core.o(i.USBD_LL_DevConnected)
    USBD_LL_DevDisconnected                  0x0800390d   Thumb Code    22  usbd_core.o(i.USBD_LL_DevDisconnected)
    USBD_LL_GetRxDataSize                    0x08003923   Thumb Code     8  usbd_conf.o(i.USBD_LL_GetRxDataSize)
    USBD_LL_Init                             0x0800392d   Thumb Code   100  usbd_conf.o(i.USBD_LL_Init)
    USBD_LL_IsStallEP                        0x080039a5   Thumb Code    32  usbd_conf.o(i.USBD_LL_IsStallEP)
    USBD_LL_IsoINIncomplete                  0x080039c5   Thumb Code     4  usbd_core.o(i.USBD_LL_IsoINIncomplete)
    USBD_LL_IsoOUTIncomplete                 0x080039c9   Thumb Code     4  usbd_core.o(i.USBD_LL_IsoOUTIncomplete)
    USBD_LL_OpenEP                           0x080039cd   Thumb Code    38  usbd_conf.o(i.USBD_LL_OpenEP)
    USBD_LL_PrepareReceive                   0x080039f3   Thumb Code    32  usbd_conf.o(i.USBD_LL_PrepareReceive)
    USBD_LL_Reset                            0x08003a13   Thumb Code    62  usbd_core.o(i.USBD_LL_Reset)
    USBD_LL_Resume                           0x08003a51   Thumb Code    12  usbd_core.o(i.USBD_LL_Resume)
    USBD_LL_SOF                              0x08003a5d   Thumb Code    24  usbd_core.o(i.USBD_LL_SOF)
    USBD_LL_SetSpeed                         0x08003a75   Thumb Code     6  usbd_core.o(i.USBD_LL_SetSpeed)
    USBD_LL_SetUSBAddress                    0x08003a7b   Thumb Code    32  usbd_conf.o(i.USBD_LL_SetUSBAddress)
    USBD_LL_SetupStage                       0x08003a9b   Thumb Code    90  usbd_core.o(i.USBD_LL_SetupStage)
    USBD_LL_StallEP                          0x08003af5   Thumb Code    32  usbd_conf.o(i.USBD_LL_StallEP)
    USBD_LL_Start                            0x08003b15   Thumb Code    32  usbd_conf.o(i.USBD_LL_Start)
    USBD_LL_Stop                             0x08003b35   Thumb Code    32  usbd_conf.o(i.USBD_LL_Stop)
    USBD_LL_Suspend                          0x08003b55   Thumb Code    18  usbd_core.o(i.USBD_LL_Suspend)
    USBD_LL_Transmit                         0x08003b67   Thumb Code    32  usbd_conf.o(i.USBD_LL_Transmit)
    USBD_ParseSetupRequest                   0x08003b87   Thumb Code    40  usbd_ctlreq.o(i.USBD_ParseSetupRequest)
    USBD_RegisterClass                       0x08003baf   Thumb Code    16  usbd_core.o(i.USBD_RegisterClass)
    USBD_SetClassConfig                      0x08003bbf   Thumb Code    22  usbd_core.o(i.USBD_SetClassConfig)
    USBD_Start                               0x08003c49   Thumb Code    10  usbd_core.o(i.USBD_Start)
    USBD_StdDevReq                           0x08003c53   Thumb Code   242  usbd_ctlreq.o(i.USBD_StdDevReq)
    USBD_StdEPReq                            0x08003d45   Thumb Code   220  usbd_ctlreq.o(i.USBD_StdEPReq)
    USBD_StdItfReq                           0x08003e21   Thumb Code    52  usbd_ctlreq.o(i.USBD_StdItfReq)
    USB_ActivateEndpoint                     0x08003e55   Thumb Code   122  stm32f4xx_ll_usb.o(i.USB_ActivateEndpoint)
    USB_ActivateSetup                        0x08003ed5   Thumb Code    52  stm32f4xx_ll_usb.o(i.USB_ActivateSetup)
    USB_CoreInit                             0x08003f09   Thumb Code   112  stm32f4xx_ll_usb.o(i.USB_CoreInit)
    USB_DeactivateEndpoint                   0x08003fb1   Thumb Code   118  stm32f4xx_ll_usb.o(i.USB_DeactivateEndpoint)
    USB_DevConnect                           0x08004031   Thumb Code    24  stm32f4xx_ll_usb.o(i.USB_DevConnect)
    USB_DevDisconnect                        0x08004049   Thumb Code    24  stm32f4xx_ll_usb.o(i.USB_DevDisconnect)
    USB_DevInit                              0x08004061   Thumb Code   374  stm32f4xx_ll_usb.o(i.USB_DevInit)
    USB_DisableGlobalInt                     0x080041e9   Thumb Code    12  stm32f4xx_ll_usb.o(i.USB_DisableGlobalInt)
    USB_EP0StartXfer                         0x080041f5   Thumb Code   276  stm32f4xx_ll_usb.o(i.USB_EP0StartXfer)
    USB_EP0_OutStart                         0x0800430d   Thumb Code    84  stm32f4xx_ll_usb.o(i.USB_EP0_OutStart)
    USB_EPClearStall                         0x08004365   Thumb Code    88  stm32f4xx_ll_usb.o(i.USB_EPClearStall)
    USB_EPSetStall                           0x080043bd   Thumb Code    88  stm32f4xx_ll_usb.o(i.USB_EPSetStall)
    USB_EPStartXfer                          0x08004415   Thumb Code   480  stm32f4xx_ll_usb.o(i.USB_EPStartXfer)
    USB_EnableGlobalInt                      0x080045f9   Thumb Code    12  stm32f4xx_ll_usb.o(i.USB_EnableGlobalInt)
    USB_FlushRxFifo                          0x08004605   Thumb Code    28  stm32f4xx_ll_usb.o(i.USB_FlushRxFifo)
    USB_FlushTxFifo                          0x08004625   Thumb Code    32  stm32f4xx_ll_usb.o(i.USB_FlushTxFifo)
    USB_GetDevSpeed                          0x08004649   Thumb Code    26  stm32f4xx_ll_usb.o(i.USB_GetDevSpeed)
    USB_GetMode                              0x08004663   Thumb Code     8  stm32f4xx_ll_usb.o(i.USB_GetMode)
    USB_ReadDevAllInEpInterrupt              0x0800466b   Thumb Code    14  stm32f4xx_ll_usb.o(i.USB_ReadDevAllInEpInterrupt)
    USB_ReadDevAllOutEpInterrupt             0x08004679   Thumb Code    14  stm32f4xx_ll_usb.o(i.USB_ReadDevAllOutEpInterrupt)
    USB_ReadDevInEPInterrupt                 0x08004687   Thumb Code    36  stm32f4xx_ll_usb.o(i.USB_ReadDevInEPInterrupt)
    USB_ReadDevOutEPInterrupt                0x080046ab   Thumb Code    16  stm32f4xx_ll_usb.o(i.USB_ReadDevOutEPInterrupt)
    USB_ReadInterrupts                       0x080046bb   Thumb Code     8  stm32f4xx_ll_usb.o(i.USB_ReadInterrupts)
    USB_ReadPacket                           0x080046c3   Thumb Code    30  stm32f4xx_ll_usb.o(i.USB_ReadPacket)
    USB_SetCurrentMode                       0x080046e1   Thumb Code    46  stm32f4xx_ll_usb.o(i.USB_SetCurrentMode)
    USB_SetDevAddress                        0x0800470f   Thumb Code    34  stm32f4xx_ll_usb.o(i.USB_SetDevAddress)
    USB_SetTurnaroundTime                    0x08004731   Thumb Code   158  stm32f4xx_ll_usb.o(i.USB_SetTurnaroundTime)
    USB_StopDevice                           0x08004819   Thumb Code    66  stm32f4xx_ll_usb.o(i.USB_StopDevice)
    USB_WritePacket                          0x0800485b   Thumb Code    36  stm32f4xx_ll_usb.o(i.USB_WritePacket)
    UsbConnectHook                           0x08004881   Thumb Code    84  hooks.o(i.UsbConnectHook)
    UsbEnterLowPowerModeHook                 0x080048e1   Thumb Code     2  hooks.o(i.UsbEnterLowPowerModeHook)
    UsbFree                                  0x080049fd   Thumb Code    28  usb.o(i.UsbFree)
    UsbInit                                  0x08004a1d   Thumb Code   156  usb.o(i.UsbInit)
    UsbLeaveLowPowerModeHook                 0x08004af1   Thumb Code     2  hooks.o(i.UsbLeaveLowPowerModeHook)
    UsbReceivePacket                         0x08004b05   Thumb Code   108  usb.o(i.UsbReceivePacket)
    UsbReceivePipeBulkOUT                    0x08004b7d   Thumb Code    82  usb.o(i.UsbReceivePipeBulkOUT)
    UsbTransmitPacket                        0x08004c0d   Thumb Code    72  usb.o(i.UsbTransmitPacket)
    UsbTransmitPipeBulkIN                    0x08004c7d   Thumb Code   112  usb.o(i.UsbTransmitPipeBulkIN)
    XcpInit                                  0x08004db9   Thumb Code    22  xcp.o(i.XcpInit)
    XcpIsConnected                           0x08004dd5   Thumb Code    12  xcp.o(i.XcpIsConnected)
    XcpPacketReceived                        0x08004de5   Thumb Code   504  xcp.o(i.XcpPacketReceived)
    XcpPacketTransmitted                     0x08004fe5   Thumb Code    10  xcp.o(i.XcpPacketTransmitted)
    disk_initialize                          0x080058c9   Thumb Code   360  mmc.o(i.disk_initialize)
    disk_ioctl                               0x08005a3d   Thumb Code   452  mmc.o(i.disk_ioctl)
    disk_read                                0x08005c05   Thumb Code   120  mmc.o(i.disk_read)
    disk_status                              0x08005c81   Thumb Code    12  mmc.o(i.disk_status)
    disk_write                               0x08005c91   Thumb Code   148  mmc.o(i.disk_write)
    f_close                                  0x08005d29   Thumb Code    30  ff.o(i.f_close)
    f_gets                                   0x08005d47   Thumb Code    72  ff.o(i.f_gets)
    f_lseek                                  0x08005d8f   Thumb Code   308  ff.o(i.f_lseek)
    f_mount                                  0x08005ec5   Thumb Code    72  ff.o(i.f_mount)
    f_open                                   0x08005f11   Thumb Code   326  ff.o(i.f_open)
    f_puts                                   0x08006061   Thumb Code    70  ff.o(i.f_puts)
    f_read                                   0x080060a7   Thumb Code   314  ff.o(i.f_read)
    f_stat                                   0x080061e1   Thumb Code    68  ff.o(i.f_stat)
    f_sync                                   0x08006229   Thumb Code   138  ff.o(i.f_sync)
    f_unlink                                 0x080062b9   Thumb Code   156  ff.o(i.f_unlink)
    f_write                                  0x08006359   Thumb Code   368  ff.o(i.f_write)
    ff_convert                               0x080064c9   Thumb Code    52  unicode.o(i.ff_convert)
    ff_wtoupper                              0x08006501   Thumb Code   120  unicode.o(i.ff_wtoupper)
    main                                     0x08006adf   Thumb Code    18  main.o(i.main)
    _get_lc_ctype                            0x080071e9   Thumb Code    44  lc_ctype_c.o(locale$$code)
    _fp_init                                 0x08007215   Thumb Code    10  fpinit.o(x$fpl$fpinit)
    __fplib_config_fpu_vfp                   0x0800721d   Thumb Code     0  fpinit.o(x$fpl$fpinit)
    __fplib_config_pureend_doubles           0x0800721d   Thumb Code     0  fpinit.o(x$fpl$fpinit)
    AHBPrescTable                            0x0800721e   Data          16  system_stm32f4xx.o(.constdata)
    APBPrescTable                            0x0800722e   Data           8  system_stm32f4xx.o(.constdata)
    Region$$Table$$Base                      0x08007738   Number         0  anon$$obj.o(Region$$Table)
    Region$$Table$$Limit                     0x08007758   Number         0  anon$$obj.o(Region$$Table)
    __ctype                                  0x08007765   Data           0  lc_ctype_c.o(locale$$data)
    uwTickFreq                               0x2000000c   Data           1  stm32f4xx_hal.o(.data)
    uwTickPrio                               0x20000010   Data           4  stm32f4xx_hal.o(.data)
    uwTick                                   0x20000014   Data           4  stm32f4xx_hal.o(.data)
    SystemCoreClock                          0x20000018   Data           4  system_stm32f4xx.o(.data)
    USBD_Bulk_CfgFSDesc                      0x20000038   Data          32  usbd_bulk.o(.data)
    USBD_Bulk                                0x20000058   Data          56  usbd_bulk.o(.data)
    FS_Desc                                  0x20000090   Data          28  usbd_desc.o(.data)
    USBD_LangIDDesc                          0x200000ac   Data           4  usbd_desc.o(.data)
    USBD_FS_DeviceDesc                       0x200000b0   Data          18  usbd_desc.o(.data)
    pFlash                                   0x200000fc   Data          32  stm32f4xx_hal_flash.o(.bss)
    USB_Rx_Buffer                            0x20000348   Data          64  usbd_bulk.o(.bss)
    hpcd_USB_OTG_FS                          0x20000388   Data        1032  usbd_conf.o(.bss)
    USBD_StrDesc                             0x20000790   Data         512  usbd_desc.o(.bss)
    __libspace_start                         0x20001a04   Data          96  libspace.o(.bss)
    __temporary_stack_top$libspace           0x20001a64   Data           0  libspace.o(.bss)



==============================================================================

Memory Map of the image

  Image Entry point : 0x08000189

  Load Region LR_IROM1 (Base: 0x08000000, Size: 0x00007964, Max: 0x00008000, ABSOLUTE)

    Execution Region ER_IROM1 (Exec base: 0x08000000, Load base: 0x08000000, Size: 0x00007868, Max: 0x00008000, ABSOLUTE)

    Exec Addr    Load Addr    Size         Type   Attr      Idx    E Section Name        Object

    0x08000000   0x08000000   0x00000188   Data   RO         3703    RESET               startup_stm32f405xx.o
    0x08000188   0x08000188   0x00000008   Code   RO         4780  * !!!main             c_w.l(__main.o)
    0x08000190   0x08000190   0x00000034   Code   RO         4959    !!!scatter          c_w.l(__scatter.o)
    0x080001c4   0x080001c4   0x0000001a   Code   RO         4961    !!handler_copy      c_w.l(__scatter_copy.o)
    0x080001de   0x080001de   0x00000002   PAD
    0x080001e0   0x080001e0   0x0000001c   Code   RO         4963    !!handler_zi        c_w.l(__scatter_zi.o)
    0x080001fc   0x080001fc   0x00000002   Code   RO         4877    .ARM.Collect$$libinit$$00000000  c_w.l(libinit.o)
    0x080001fe   0x080001fe   0x00000004   Code   RO         4817    .ARM.Collect$$libinit$$00000001  c_w.l(libinit2.o)
    0x08000202   0x08000202   0x00000000   Code   RO         4820    .ARM.Collect$$libinit$$00000004  c_w.l(libinit2.o)
    0x08000202   0x08000202   0x00000000   Code   RO         4823    .ARM.Collect$$libinit$$0000000A  c_w.l(libinit2.o)
    0x08000202   0x08000202   0x00000000   Code   RO         4825    .ARM.Collect$$libinit$$0000000C  c_w.l(libinit2.o)
    0x08000202   0x08000202   0x00000000   Code   RO         4827    .ARM.Collect$$libinit$$0000000E  c_w.l(libinit2.o)
    0x08000202   0x08000202   0x00000006   Code   RO         4828    .ARM.Collect$$libinit$$0000000F  c_w.l(libinit2.o)
    0x08000208   0x08000208   0x00000000   Code   RO         4830    .ARM.Collect$$libinit$$00000011  c_w.l(libinit2.o)
    0x08000208   0x08000208   0x0000000c   Code   RO         4831    .ARM.Collect$$libinit$$00000012  c_w.l(libinit2.o)
    0x08000214   0x08000214   0x00000000   Code   RO         4832    .ARM.Collect$$libinit$$00000013  c_w.l(libinit2.o)
    0x08000214   0x08000214   0x00000000   Code   RO         4834    .ARM.Collect$$libinit$$00000015  c_w.l(libinit2.o)
    0x08000214   0x08000214   0x00000000   Code   RO         4836    .ARM.Collect$$libinit$$00000017  c_w.l(libinit2.o)
    0x08000214   0x08000214   0x00000000   Code   RO         4838    .ARM.Collect$$libinit$$00000019  c_w.l(libinit2.o)
    0x08000214   0x08000214   0x00000000   Code   RO         4840    .ARM.Collect$$libinit$$0000001B  c_w.l(libinit2.o)
    0x08000214   0x08000214   0x00000000   Code   RO         4842    .ARM.Collect$$libinit$$0000001D  c_w.l(libinit2.o)
    0x08000214   0x08000214   0x00000000   Code   RO         4844    .ARM.Collect$$libinit$$0000001F  c_w.l(libinit2.o)
    0x08000214   0x08000214   0x00000000   Code   RO         4846    .ARM.Collect$$libinit$$00000021  c_w.l(libinit2.o)
    0x08000214   0x08000214   0x00000000   Code   RO         4848    .ARM.Collect$$libinit$$00000023  c_w.l(libinit2.o)
    0x08000214   0x08000214   0x00000000   Code   RO         4850    .ARM.Collect$$libinit$$00000025  c_w.l(libinit2.o)
    0x08000214   0x08000214   0x00000000   Code   RO         4854    .ARM.Collect$$libinit$$0000002C  c_w.l(libinit2.o)
    0x08000214   0x08000214   0x00000000   Code   RO         4856    .ARM.Collect$$libinit$$0000002E  c_w.l(libinit2.o)
    0x08000214   0x08000214   0x00000000   Code   RO         4858    .ARM.Collect$$libinit$$00000030  c_w.l(libinit2.o)
    0x08000214   0x08000214   0x00000000   Code   RO         4860    .ARM.Collect$$libinit$$00000032  c_w.l(libinit2.o)
    0x08000214   0x08000214   0x00000002   Code   RO         4861    .ARM.Collect$$libinit$$00000033  c_w.l(libinit2.o)
    0x08000216   0x08000216   0x00000002   Code   RO         4924    .ARM.Collect$$libshutdown$$00000000  c_w.l(libshutdown.o)
    0x08000218   0x08000218   0x00000000   Code   RO         4940    .ARM.Collect$$libshutdown$$00000002  c_w.l(libshutdown2.o)
    0x08000218   0x08000218   0x00000000   Code   RO         4942    .ARM.Collect$$libshutdown$$00000004  c_w.l(libshutdown2.o)
    0x08000218   0x08000218   0x00000000   Code   RO         4944    .ARM.Collect$$libshutdown$$00000006  c_w.l(libshutdown2.o)
    0x08000218   0x08000218   0x00000000   Code   RO         4947    .ARM.Collect$$libshutdown$$00000009  c_w.l(libshutdown2.o)
    0x08000218   0x08000218   0x00000000   Code   RO         4950    .ARM.Collect$$libshutdown$$0000000C  c_w.l(libshutdown2.o)
    0x08000218   0x08000218   0x00000000   Code   RO         4952    .ARM.Collect$$libshutdown$$0000000E  c_w.l(libshutdown2.o)
    0x08000218   0x08000218   0x00000000   Code   RO         4955    .ARM.Collect$$libshutdown$$00000011  c_w.l(libshutdown2.o)
    0x08000218   0x08000218   0x00000002   Code   RO         4956    .ARM.Collect$$libshutdown$$00000012  c_w.l(libshutdown2.o)
    0x0800021a   0x0800021a   0x00000000   Code   RO         4782    .ARM.Collect$$rtentry$$00000000  c_w.l(__rtentry.o)
    0x0800021a   0x0800021a   0x00000000   Code   RO         4799    .ARM.Collect$$rtentry$$00000002  c_w.l(__rtentry2.o)
    0x0800021a   0x0800021a   0x00000006   Code   RO         4811    .ARM.Collect$$rtentry$$00000004  c_w.l(__rtentry4.o)
    0x08000220   0x08000220   0x00000000   Code   RO         4801    .ARM.Collect$$rtentry$$00000009  c_w.l(__rtentry2.o)
    0x08000220   0x08000220   0x00000004   Code   RO         4802    .ARM.Collect$$rtentry$$0000000A  c_w.l(__rtentry2.o)
    0x08000224   0x08000224   0x00000000   Code   RO         4804    .ARM.Collect$$rtentry$$0000000C  c_w.l(__rtentry2.o)
    0x08000224   0x08000224   0x00000008   Code   RO         4805    .ARM.Collect$$rtentry$$0000000D  c_w.l(__rtentry2.o)
    0x0800022c   0x0800022c   0x00000002   Code   RO         4880    .ARM.Collect$$rtexit$$00000000  c_w.l(rtexit.o)
    0x0800022e   0x0800022e   0x00000000   Code   RO         4897    .ARM.Collect$$rtexit$$00000002  c_w.l(rtexit2.o)
    0x0800022e   0x0800022e   0x00000004   Code   RO         4898    .ARM.Collect$$rtexit$$00000003  c_w.l(rtexit2.o)
    0x08000232   0x08000232   0x00000006   Code   RO         4899    .ARM.Collect$$rtexit$$00000004  c_w.l(rtexit2.o)
    0x08000238   0x08000238   0x00000040   Code   RO         3704    .text               startup_stm32f405xx.o
    0x08000278   0x08000278   0x00000010   Code   RO         4768    .text               c_w.l(rt_ctype_table.o)
    0x08000288   0x08000288   0x0000001e   Code   RO         4772    .text               c_w.l(toupper.o)
    0x080002a6   0x080002a6   0x00000064   Code   RO         4774    .text               c_w.l(rt_memcpy_w.o)
    0x0800030a   0x0800030a   0x0000004e   Code   RO         4776    .text               c_w.l(rt_memclr_w.o)
    0x08000358   0x08000358   0x00000006   Code   RO         4778    .text               c_w.l(heapauxi.o)
    0x0800035e   0x0800035e   0x00000002   PAD
    0x08000360   0x08000360   0x00000008   Code   RO         4790    .text               c_w.l(rt_locale_intlibspace.o)
    0x08000368   0x08000368   0x00000008   Code   RO         4795    .text               c_w.l(libspace.o)
    0x08000370   0x08000370   0x00000080   Code   RO         4815    .text               c_w.l(strcmpv7m.o)
    0x080003f0   0x080003f0   0x0000004a   Code   RO         4862    .text               c_w.l(sys_stackheap_outer.o)
    0x0800043a   0x0800043a   0x00000012   Code   RO         4864    .text               c_w.l(exit.o)
    0x0800044c   0x0800044c   0x0000000c   Code   RO         4894    .text               c_w.l(sys_exit.o)
    0x08000458   0x08000458   0x00000002   Code   RO         4915    .text               c_w.l(use_no_semi.o)
    0x0800045a   0x0800045a   0x00000000   Code   RO         4917    .text               c_w.l(indicate_semi.o)
    0x0800045a   0x0800045a   0x00000006   Code   RO         3708    i.AssertFailure     asserts.o
    0x08000460   0x08000460   0x00000048   Code   RO         3720    i.BackDoorCheck     backdoor.o
    0x080004a8   0x080004a8   0x0000000c   Code   RO         3721    i.BackDoorGetExtension  backdoor.o
    0x080004b4   0x080004b4   0x00000018   Code   RO         3722    i.BackDoorInit      backdoor.o
    0x080004cc   0x080004cc   0x00000018   Code   RO         3723    i.BackDoorRestartTimer  backdoor.o
    0x080004e4   0x080004e4   0x0000000c   Code   RO         3724    i.BackDoorSetExtension  backdoor.o
    0x080004f0   0x080004f0   0x00000022   Code   RO         3758    i.BootInit          boot.o
    0x08000512   0x08000512   0x0000001a   Code   RO         3759    i.BootTask          boot.o
    0x0800052c   0x0800052c   0x0000007c   Code   RO         3985    i.CanGetSpeedConfig  can.o
    0x080005a8   0x080005a8   0x000000c4   Code   RO         3986    i.CanInit           can.o
    0x0800066c   0x0800066c   0x00000034   Code   RO         3987    i.CanReceivePacket  can.o
    0x080006a0   0x080006a0   0x0000004c   Code   RO         3988    i.CanTransmitPacket  can.o
    0x080006ec   0x080006ec   0x00000004   Code   RO         3776    i.ComFree           com.o
    0x080006f0   0x080006f0   0x00000028   Code   RO         3777    i.ComGetActiveInterfaceMaxRxLen  com.o
    0x08000718   0x08000718   0x00000028   Code   RO         3778    i.ComGetActiveInterfaceMaxTxLen  com.o
    0x08000740   0x08000740   0x00000028   Code   RO         3779    i.ComInit           com.o
    0x08000768   0x08000768   0x00000010   Code   RO         3780    i.ComIsConnected    com.o
    0x08000778   0x08000778   0x0000005c   Code   RO         3781    i.ComTask           com.o
    0x080007d4   0x080007d4   0x0000003c   Code   RO         3782    i.ComTransmitPacket  com.o
    0x08000810   0x08000810   0x00000004   Code   RO         3833    i.CopInit           cop.o
    0x08000814   0x08000814   0x00000006   Code   RO         3053    i.CopInitHook       hooks.o
    0x0800081a   0x0800081a   0x00000004   Code   RO         3834    i.CopService        cop.o
    0x0800081e   0x0800081e   0x00000004   Code   RO         3054    i.CopServiceHook    hooks.o
    0x08000822   0x08000822   0x00000004   Code   RO         4029    i.CpuInit           cpu.o
    0x08000826   0x08000826   0x00000004   Code   RO         4408    i.CpuIrqDisable     cpu_comp.o
    0x0800082a   0x0800082a   0x00000004   Code   RO         4409    i.CpuIrqEnable      cpu_comp.o
    0x0800082e   0x0800082e   0x0000001e   Code   RO         4030    i.CpuMemCopy        cpu.o
    0x0800084c   0x0800084c   0x00000048   Code   RO         4032    i.CpuStartUserProgram  cpu.o
    0x08000894   0x08000894   0x00000018   Code   RO         3055    i.CpuUserProgramStartHook  hooks.o
    0x080008ac   0x080008ac   0x00000050   Code   RO         1479    i.FLASH_Erase_Sector  stm32f4xx_hal_flash_ex.o
    0x080008fc   0x080008fc   0x00000054   Code   RO         1480    i.FLASH_FlushCaches  stm32f4xx_hal_flash_ex.o
    0x08000950   0x08000950   0x00000028   Code   RO         1481    i.FLASH_MassErase   stm32f4xx_hal_flash_ex.o
    0x08000978   0x08000978   0x00000020   Code   RO         1361    i.FLASH_Program_Byte  stm32f4xx_hal_flash.o
    0x08000998   0x08000998   0x00000028   Code   RO         1362    i.FLASH_Program_DoubleWord  stm32f4xx_hal_flash.o
    0x080009c0   0x080009c0   0x00000024   Code   RO         1363    i.FLASH_Program_HalfWord  stm32f4xx_hal_flash.o
    0x080009e4   0x080009e4   0x00000024   Code   RO         1364    i.FLASH_Program_Word  stm32f4xx_hal_flash.o
    0x08000a08   0x08000a08   0x00000068   Code   RO         1365    i.FLASH_SetErrorCode  stm32f4xx_hal_flash.o
    0x08000a70   0x08000a70   0x00000050   Code   RO         1366    i.FLASH_WaitForLastOperation  stm32f4xx_hal_flash.o
    0x08000ac0   0x08000ac0   0x00000048   Code   RO         3056    i.FileFirmwareUpdateCompletedHook  hooks.o
    0x08000b08   0x08000b08   0x00000018   Code   RO         3057    i.FileFirmwareUpdateErrorHook  hooks.o
    0x08000b20   0x08000b20   0x00000060   Code   RO         3058    i.FileFirmwareUpdateLogHook  hooks.o
    0x08000b80   0x08000b80   0x00000034   Code   RO         3059    i.FileFirmwareUpdateStartedHook  hooks.o
    0x08000bb4   0x08000bb4   0x00000008   Code   RO         3060    i.FileGetFirmwareFilenameHook  hooks.o
    0x08000bbc   0x08000bbc   0x00000028   Code   RO         3851    i.FileHandleFirmwareUpdateRequest  file.o
    0x08000be4   0x08000be4   0x0000004c   Code   RO         3852    i.FileInit          file.o
    0x08000c30   0x08000c30   0x00000034   Code   RO         3061    i.FileIsFirmwareUpdateRequestedHook  hooks.o
    0x08000c64   0x08000c64   0x00000014   Code   RO         3853    i.FileIsIdle        file.o
    0x08000c78   0x08000c78   0x0000001a   Code   RO         3854    i.FileLibByteNibbleToChar  file.o
    0x08000c92   0x08000c92   0x00000020   Code   RO         3855    i.FileLibByteToHexString  file.o
    0x08000cb2   0x08000cb2   0x0000003e   Code   RO         3856    i.FileLibHexStringToByte  file.o
    0x08000cf0   0x08000cf0   0x0000002a   Code   RO         3857    i.FileLibLongToIntString  file.o
    0x08000d1a   0x08000d1a   0x00000038   Code   RO         3858    i.FileSrecGetLineType  file.o
    0x08000d52   0x08000d52   0x00000002   PAD
    0x08000d54   0x08000d54   0x00000168   Code   RO         3859    i.FileSrecParseLine  file.o
    0x08000ebc   0x08000ebc   0x0000003a   Code   RO         3860    i.FileSrecVerifyChecksum  file.o
    0x08000ef6   0x08000ef6   0x00000002   PAD
    0x08000ef8   0x08000ef8   0x000004f0   Code   RO         3861    i.FileTask          file.o
    0x080013e8   0x080013e8   0x0000007a   Code   RO         4071    i.FlashAddToBlock   flash.o
    0x08001462   0x08001462   0x00000002   PAD
    0x08001464   0x08001464   0x00000034   Code   RO         4072    i.FlashDone         flash.o
    0x08001498   0x08001498   0x00000084   Code   RO         4073    i.FlashErase        flash.o
    0x0800151c   0x0800151c   0x00000048   Code   RO         4074    i.FlashGetSector    flash.o
    0x08001564   0x08001564   0x00000008   Code   RO         4075    i.FlashGetUserProgBaseAddress  flash.o
    0x0800156c   0x0800156c   0x00000014   Code   RO         4076    i.FlashInit         flash.o
    0x08001580   0x08001580   0x0000001e   Code   RO         4077    i.FlashInitBlock    flash.o
    0x0800159e   0x0800159e   0x00000002   PAD
    0x080015a0   0x080015a0   0x00000040   Code   RO         4079    i.FlashSwitchBlock  flash.o
    0x080015e0   0x080015e0   0x00000030   Code   RO         4080    i.FlashVerifyChecksum  flash.o
    0x08001610   0x08001610   0x0000005c   Code   RO         4081    i.FlashWrite        flash.o
    0x0800166c   0x0800166c   0x0000004a   Code   RO         4082    i.FlashWriteBlock   flash.o
    0x080016b6   0x080016b6   0x00000002   PAD
    0x080016b8   0x080016b8   0x00000048   Code   RO         4083    i.FlashWriteChecksum  flash.o
    0x08001700   0x08001700   0x000000dc   Code   RO          775    i.HAL_CAN_AddTxMessage  stm32f4xx_hal_can.o
    0x080017dc   0x080017dc   0x0000010c   Code   RO          776    i.HAL_CAN_ConfigFilter  stm32f4xx_hal_can.o
    0x080018e8   0x080018e8   0x000000e8   Code   RO          782    i.HAL_CAN_GetRxMessage  stm32f4xx_hal_can.o
    0x080019d0   0x080019d0   0x0000011a   Code   RO          787    i.HAL_CAN_Init      stm32f4xx_hal_can.o
    0x08001aea   0x08001aea   0x0000001e   Code   RO          789    i.HAL_CAN_IsTxMessagePending  stm32f4xx_hal_can.o
    0x08001b08   0x08001b08   0x00000002   Code   RO          791    i.HAL_CAN_MspInit   stm32f4xx_hal_can.o
    0x08001b0a   0x08001b0a   0x00000056   Code   RO          799    i.HAL_CAN_Start     stm32f4xx_hal_can.o
    0x08001b60   0x08001b60   0x00000034   Code   RO          571    i.HAL_DeInit        stm32f4xx_hal.o
    0x08001b94   0x08001b94   0x00000024   Code   RO          572    i.HAL_Delay         stm32f4xx_hal.o
    0x08001bb8   0x08001bb8   0x00000098   Code   RO         1482    i.HAL_FLASHEx_Erase  stm32f4xx_hal_flash_ex.o
    0x08001c50   0x08001c50   0x00000014   Code   RO         1370    i.HAL_FLASH_Lock    stm32f4xx_hal_flash.o
    0x08001c64   0x08001c64   0x0000007c   Code   RO         1375    i.HAL_FLASH_Program  stm32f4xx_hal_flash.o
    0x08001ce0   0x08001ce0   0x0000002c   Code   RO         1377    i.HAL_FLASH_Unlock  stm32f4xx_hal_flash.o
    0x08001d0c   0x08001d0c   0x00000004   Code   RO         4267    i.HAL_GetTick       timer.o
    0x08001d10   0x08001d10   0x00000034   Code   RO          585    i.HAL_Init          stm32f4xx_hal.o
    0x08001d44   0x08001d44   0x00000040   Code   RO          586    i.HAL_InitTick      stm32f4xx_hal.o
    0x08001d84   0x08001d84   0x0000007c   Code   RO         3212    i.HAL_MspDeInit     main.o
    0x08001e00   0x08001e00   0x000000fc   Code   RO         3213    i.HAL_MspInit       main.o
    0x08001efc   0x08001efc   0x00000040   Code   RO         1018    i.HAL_NVIC_SetPriority  stm32f4xx_hal_cortex.o
    0x08001f3c   0x08001f3c   0x00000024   Code   RO         1019    i.HAL_NVIC_SetPriorityGrouping  stm32f4xx_hal_cortex.o
    0x08001f60   0x08001f60   0x00000002   Code   RO         1844    i.HAL_PCDEx_LPM_Callback  stm32f4xx_hal_pcd_ex.o
    0x08001f62   0x08001f62   0x00000008   Code   RO         1845    i.HAL_PCDEx_SetRxFiFo  stm32f4xx_hal_pcd_ex.o
    0x08001f6a   0x08001f6a   0x00000044   Code   RO         1846    i.HAL_PCDEx_SetTxFiFo  stm32f4xx_hal_pcd_ex.o
    0x08001fae   0x08001fae   0x00000016   Code   RO         3369    i.HAL_PCD_ConnectCallback  usbd_conf.o
    0x08001fc4   0x08001fc4   0x00000012   Code   RO         3370    i.HAL_PCD_DataInStageCallback  usbd_conf.o
    0x08001fd6   0x08001fd6   0x00000014   Code   RO         3371    i.HAL_PCD_DataOutStageCallback  usbd_conf.o
    0x08001fea   0x08001fea   0x00000024   Code   RO         1628    i.HAL_PCD_DeInit    stm32f4xx_hal_pcd.o
    0x0800200e   0x0800200e   0x0000003c   Code   RO         1629    i.HAL_PCD_DevConnect  stm32f4xx_hal_pcd.o
    0x0800204a   0x0800204a   0x00000024   Code   RO         1630    i.HAL_PCD_DevDisconnect  stm32f4xx_hal_pcd.o
    0x0800206e   0x0800206e   0x00000016   Code   RO         3372    i.HAL_PCD_DisconnectCallback  usbd_conf.o
    0x08002084   0x08002084   0x0000004c   Code   RO         1632    i.HAL_PCD_EP_Close  stm32f4xx_hal_pcd.o
    0x080020d0   0x080020d0   0x0000005c   Code   RO         1633    i.HAL_PCD_EP_ClrStall  stm32f4xx_hal_pcd.o
    0x0800212c   0x0800212c   0x00000012   Code   RO         1635    i.HAL_PCD_EP_GetRxCount  stm32f4xx_hal_pcd.o
    0x0800213e   0x0800213e   0x00000060   Code   RO         1636    i.HAL_PCD_EP_Open   stm32f4xx_hal_pcd.o
    0x0800219e   0x0800219e   0x00000048   Code   RO         1637    i.HAL_PCD_EP_Receive  stm32f4xx_hal_pcd.o
    0x080021e6   0x080021e6   0x00000074   Code   RO         1638    i.HAL_PCD_EP_SetStall  stm32f4xx_hal_pcd.o
    0x0800225a   0x0800225a   0x00000040   Code   RO         1639    i.HAL_PCD_EP_Transmit  stm32f4xx_hal_pcd.o
    0x0800229a   0x0800229a   0x00000002   PAD
    0x0800229c   0x0800229c   0x00000448   Code   RO         1641    i.HAL_PCD_IRQHandler  stm32f4xx_hal_pcd.o
    0x080026e4   0x080026e4   0x00000008   Code   RO         3373    i.HAL_PCD_ISOINIncompleteCallback  usbd_conf.o
    0x080026ec   0x080026ec   0x00000008   Code   RO         3374    i.HAL_PCD_ISOOUTIncompleteCallback  usbd_conf.o
    0x080026f4   0x080026f4   0x000000e2   Code   RO         1644    i.HAL_PCD_Init      stm32f4xx_hal_pcd.o
    0x080027d6   0x080027d6   0x00000002   Code   RO         1645    i.HAL_PCD_MspDeInit  stm32f4xx_hal_pcd.o
    0x080027d8   0x080027d8   0x00000002   Code   RO         1646    i.HAL_PCD_MspInit   stm32f4xx_hal_pcd.o
    0x080027da   0x080027da   0x00000020   Code   RO         3375    i.HAL_PCD_ResetCallback  usbd_conf.o
    0x080027fa   0x080027fa   0x00000014   Code   RO         3376    i.HAL_PCD_ResumeCallback  usbd_conf.o
    0x0800280e   0x0800280e   0x00000008   Code   RO         3377    i.HAL_PCD_SOFCallback  usbd_conf.o
    0x08002816   0x08002816   0x00000028   Code   RO         1650    i.HAL_PCD_SetAddress  stm32f4xx_hal_pcd.o
    0x0800283e   0x0800283e   0x0000000e   Code   RO         3378    i.HAL_PCD_SetupStageCallback  usbd_conf.o
    0x0800284c   0x0800284c   0x00000042   Code   RO         1652    i.HAL_PCD_Start     stm32f4xx_hal_pcd.o
    0x0800288e   0x0800288e   0x0000003c   Code   RO         1653    i.HAL_PCD_Stop      stm32f4xx_hal_pcd.o
    0x080028ca   0x080028ca   0x00000002   PAD
    0x080028cc   0x080028cc   0x00000034   Code   RO         3379    i.HAL_PCD_SuspendCallback  usbd_conf.o
    0x08002900   0x08002900   0x0000000c   Code   RO         2065    i.HAL_RCC_GetHCLKFreq  stm32f4xx_hal_rcc.o
    0x0800290c   0x0800290c   0x00000028   Code   RO         1023    i.HAL_SYSTICK_Config  stm32f4xx_hal_cortex.o
    0x08002934   0x08002934   0x00000010   Code   RO         3214    i.LL_AHB1_GRP1_DisableClock  main.o
    0x08002944   0x08002944   0x00000018   Code   RO         3215    i.LL_AHB1_GRP1_EnableClock  main.o
    0x0800295c   0x0800295c   0x00000010   Code   RO         2339    i.LL_AHB1_GRP1_ForceReset  stm32f4xx_ll_gpio.o
    0x0800296c   0x0800296c   0x00000010   Code   RO         2340    i.LL_AHB1_GRP1_ReleaseReset  stm32f4xx_ll_gpio.o
    0x0800297c   0x0800297c   0x00000018   Code   RO         3216    i.LL_APB1_GRP1_EnableClock  main.o
    0x08002994   0x08002994   0x000000c4   Code   RO         2341    i.LL_GPIO_DeInit    stm32f4xx_ll_gpio.o
    0x08002a58   0x08002a58   0x0000011a   Code   RO         2342    i.LL_GPIO_Init      stm32f4xx_ll_gpio.o
    0x08002b72   0x08002b72   0x00000002   PAD
    0x08002b74   0x08002b74   0x00000094   Code   RO         2388    i.LL_RCC_DeInit     stm32f4xx_ll_rcc.o
    0x08002c08   0x08002c08   0x00000020   Code   RO         2392    i.LL_RCC_GetSystemClocksFreq  stm32f4xx_ll_rcc.o
    0x08002c28   0x08002c28   0x00000010   Code   RO         2394    i.LL_RCC_PLL_IsReady  stm32f4xx_ll_rcc.o
    0x08002c38   0x08002c38   0x00000064   Code   RO         2495    i.LL_SPI_Init       stm32f4xx_ll_spi.o
    0x08002c9c   0x08002c9c   0x0000000c   Code   RO         2934    i.LL_SetSystemCoreClock  stm32f4xx_ll_utils.o
    0x08002ca8   0x08002ca8   0x000000a0   Code   RO         2569    i.LL_USART_Init     stm32f4xx_ll_usart.o
    0x08002d48   0x08002d48   0x000000c0   Code   RO         2570    i.LL_USART_SetBaudRate  stm32f4xx_ll_usart.o
    0x08002e08   0x08002e08   0x00000018   Code   RO         3174    i.LedBlinkExit      led.o
    0x08002e20   0x08002e20   0x0000000c   Code   RO         3175    i.LedBlinkInit      led.o
    0x08002e2c   0x08002e2c   0x00000044   Code   RO         3176    i.LedBlinkTask      led.o
    0x08002e70   0x08002e70   0x00000014   Code   RO         4162    i.NvmDone           nvm.o
    0x08002e84   0x08002e84   0x00000004   Code   RO         4163    i.NvmErase          nvm.o
    0x08002e88   0x08002e88   0x00000004   Code   RO         4164    i.NvmGetUserProgBaseAddress  nvm.o
    0x08002e8c   0x08002e8c   0x00000004   Code   RO         4165    i.NvmInit           nvm.o
    0x08002e90   0x08002e90   0x00000004   Code   RO         4167    i.NvmVerifyChecksum  nvm.o
    0x08002e94   0x08002e94   0x00000004   Code   RO         4168    i.NvmWrite          nvm.o
    0x08002e98   0x08002e98   0x000000d8   Code   RO         1655    i.PCD_EP_OutXfrComplete_int  stm32f4xx_hal_pcd.o
    0x08002f70   0x08002f70   0x00000098   Code   RO         1656    i.PCD_WriteEmptyTxFifo  stm32f4xx_hal_pcd.o
    0x08003008   0x08003008   0x0000001c   Code   RO         2395    i.RCC_GetHCLKClockFreq  stm32f4xx_ll_rcc.o
    0x08003024   0x08003024   0x0000001c   Code   RO         2396    i.RCC_GetPCLK1ClockFreq  stm32f4xx_ll_rcc.o
    0x08003040   0x08003040   0x0000001c   Code   RO         2397    i.RCC_GetPCLK2ClockFreq  stm32f4xx_ll_rcc.o
    0x0800305c   0x0800305c   0x0000002c   Code   RO         2398    i.RCC_GetSystemClockFreq  stm32f4xx_ll_rcc.o
    0x08003088   0x08003088   0x0000004c   Code   RO         2401    i.RCC_PLL_GetFreqDomain_SYS  stm32f4xx_ll_rcc.o
    0x080030d4   0x080030d4   0x0000003c   Code   RO         4216    i.Rs232Init         rs232.o
    0x08003110   0x08003110   0x0000001c   Code   RO         4217    i.Rs232ReceiveByte  rs232.o
    0x0800312c   0x0800312c   0x0000007c   Code   RO         4218    i.Rs232ReceivePacket  rs232.o
    0x080031a8   0x080031a8   0x0000002c   Code   RO         4219    i.Rs232TransmitByte  rs232.o
    0x080031d4   0x080031d4   0x0000005c   Code   RO         4220    i.Rs232TransmitPacket  rs232.o
    0x08003230   0x08003230   0x00000002   Code   RO         4268    i.SysTick_Handler   timer.o
    0x08003232   0x08003232   0x00000002   PAD
    0x08003234   0x08003234   0x000000e8   Code   RO         3217    i.SystemClock_Config  main.o
    0x0800331c   0x0800331c   0x00000054   Code   RO         3016    i.SystemInit        system_stm32f4xx.o
    0x08003370   0x08003370   0x00000010   Code   RO         4269    i.TimerGet          timer.o
    0x08003380   0x08003380   0x00000024   Code   RO         4270    i.TimerInit         timer.o
    0x080033a4   0x080033a4   0x0000000e   Code   RO         4271    i.TimerReset        timer.o
    0x080033b2   0x080033b2   0x00000002   PAD
    0x080033b4   0x080033b4   0x00000018   Code   RO         4272    i.TimerUpdate       timer.o
    0x080033cc   0x080033cc   0x0000000a   Code   RO         3292    i.USBD_Bulk_DataIn  usbd_bulk.o
    0x080033d6   0x080033d6   0x0000000c   Code   RO         3293    i.USBD_Bulk_DataOut  usbd_bulk.o
    0x080033e2   0x080033e2   0x00000018   Code   RO         3294    i.USBD_Bulk_DeInit  usbd_bulk.o
    0x080033fa   0x080033fa   0x00000002   PAD
    0x080033fc   0x080033fc   0x0000000c   Code   RO         3295    i.USBD_Bulk_GetDeviceQualifierDescriptor  usbd_bulk.o
    0x08003408   0x08003408   0x0000000c   Code   RO         3296    i.USBD_Bulk_GetFSCfgDesc  usbd_bulk.o
    0x08003414   0x08003414   0x00000008   Code   RO         3297    i.USBD_Bulk_GetRxBufferPtr  usbd_bulk.o
    0x0800341c   0x0800341c   0x00000030   Code   RO         3298    i.USBD_Bulk_Init    usbd_bulk.o
    0x0800344c   0x0800344c   0x00000012   Code   RO         3299    i.USBD_Bulk_SOF     usbd_bulk.o
    0x0800345e   0x0800345e   0x00000002   PAD
    0x08003460   0x08003460   0x00000064   Code   RO         3300    i.USBD_Bulk_Setup   usbd_bulk.o
    0x080034c4   0x080034c4   0x0000000e   Code   RO          262    i.USBD_ClrClassConfig  usbd_core.o
    0x080034d2   0x080034d2   0x00000010   Code   RO          502    i.USBD_CtlContinueRx  usbd_ioreq.o
    0x080034e2   0x080034e2   0x00000010   Code   RO          503    i.USBD_CtlContinueSendData  usbd_ioreq.o
    0x080034f2   0x080034f2   0x00000016   Code   RO          428    i.USBD_CtlError     usbd_ctlreq.o
    0x08003508   0x08003508   0x00000016   Code   RO          505    i.USBD_CtlReceiveStatus  usbd_ioreq.o
    0x0800351e   0x0800351e   0x0000001a   Code   RO          506    i.USBD_CtlSendData  usbd_ioreq.o
    0x08003538   0x08003538   0x00000016   Code   RO          507    i.USBD_CtlSendStatus  usbd_ioreq.o
    0x0800354e   0x0800354e   0x00000026   Code   RO          263    i.USBD_DeInit       usbd_core.o
    0x08003574   0x08003574   0x0000001c   Code   RO         3633    i.USBD_FS_ConfigStrDescriptor  usbd_desc.o
    0x08003590   0x08003590   0x0000000c   Code   RO         3634    i.USBD_FS_DeviceDescriptor  usbd_desc.o
    0x0800359c   0x0800359c   0x0000002c   Code   RO         3635    i.USBD_FS_InterfaceStrDescriptor  usbd_desc.o
    0x080035c8   0x080035c8   0x0000000c   Code   RO         3636    i.USBD_FS_LangIDStrDescriptor  usbd_desc.o
    0x080035d4   0x080035d4   0x00000024   Code   RO         3637    i.USBD_FS_ManufacturerStrDescriptor  usbd_desc.o
    0x080035f8   0x080035f8   0x00000028   Code   RO         3638    i.USBD_FS_ProductStrDescriptor  usbd_desc.o
    0x08003620   0x08003620   0x00000024   Code   RO         3639    i.USBD_FS_SerialStrDescriptor  usbd_desc.o
    0x08003644   0x08003644   0x000000e0   Code   RO          429    i.USBD_GetDescriptor  usbd_ctlreq.o
    0x08003724   0x08003724   0x00000046   Code   RO          430    i.USBD_GetString    usbd_ctlreq.o
    0x0800376a   0x0800376a   0x0000002a   Code   RO          264    i.USBD_Init         usbd_core.o
    0x08003794   0x08003794   0x00000020   Code   RO         3380    i.USBD_LL_ClearStallEP  usbd_conf.o
    0x080037b4   0x080037b4   0x00000020   Code   RO         3381    i.USBD_LL_CloseEP   usbd_conf.o
    0x080037d4   0x080037d4   0x000000aa   Code   RO          265    i.USBD_LL_DataInStage  usbd_core.o
    0x0800387e   0x0800387e   0x0000006a   Code   RO          266    i.USBD_LL_DataOutStage  usbd_core.o
    0x080038e8   0x080038e8   0x00000020   Code   RO         3382    i.USBD_LL_DeInit    usbd_conf.o
    0x08003908   0x08003908   0x00000004   Code   RO          267    i.USBD_LL_DevConnected  usbd_core.o
    0x0800390c   0x0800390c   0x00000016   Code   RO          268    i.USBD_LL_DevDisconnected  usbd_core.o
    0x08003922   0x08003922   0x00000008   Code   RO         3385    i.USBD_LL_GetRxDataSize  usbd_conf.o
    0x0800392a   0x0800392a   0x00000002   PAD
    0x0800392c   0x0800392c   0x00000078   Code   RO         3386    i.USBD_LL_Init      usbd_conf.o
    0x080039a4   0x080039a4   0x00000020   Code   RO         3387    i.USBD_LL_IsStallEP  usbd_conf.o
    0x080039c4   0x080039c4   0x00000004   Code   RO          269    i.USBD_LL_IsoINIncomplete  usbd_core.o
    0x080039c8   0x080039c8   0x00000004   Code   RO          270    i.USBD_LL_IsoOUTIncomplete  usbd_core.o
    0x080039cc   0x080039cc   0x00000026   Code   RO         3388    i.USBD_LL_OpenEP    usbd_conf.o
    0x080039f2   0x080039f2   0x00000020   Code   RO         3389    i.USBD_LL_PrepareReceive  usbd_conf.o
    0x08003a12   0x08003a12   0x0000003e   Code   RO          271    i.USBD_LL_Reset     usbd_core.o
    0x08003a50   0x08003a50   0x0000000c   Code   RO          272    i.USBD_LL_Resume    usbd_core.o
    0x08003a5c   0x08003a5c   0x00000018   Code   RO          273    i.USBD_LL_SOF       usbd_core.o
    0x08003a74   0x08003a74   0x00000006   Code   RO          274    i.USBD_LL_SetSpeed  usbd_core.o
    0x08003a7a   0x08003a7a   0x00000020   Code   RO         3390    i.USBD_LL_SetUSBAddress  usbd_conf.o
    0x08003a9a   0x08003a9a   0x0000005a   Code   RO          275    i.USBD_LL_SetupStage  usbd_core.o
    0x08003af4   0x08003af4   0x00000020   Code   RO         3391    i.USBD_LL_StallEP   usbd_conf.o
    0x08003b14   0x08003b14   0x00000020   Code   RO         3392    i.USBD_LL_Start     usbd_conf.o
    0x08003b34   0x08003b34   0x00000020   Code   RO         3393    i.USBD_LL_Stop      usbd_conf.o
    0x08003b54   0x08003b54   0x00000012   Code   RO          276    i.USBD_LL_Suspend   usbd_core.o
    0x08003b66   0x08003b66   0x00000020   Code   RO         3394    i.USBD_LL_Transmit  usbd_conf.o
    0x08003b86   0x08003b86   0x00000028   Code   RO          431    i.USBD_ParseSetupRequest  usbd_ctlreq.o
    0x08003bae   0x08003bae   0x00000010   Code   RO          277    i.USBD_RegisterClass  usbd_core.o
    0x08003bbe   0x08003bbe   0x00000016   Code   RO          279    i.USBD_SetClassConfig  usbd_core.o
    0x08003bd4   0x08003bd4   0x00000074   Code   RO          432    i.USBD_SetConfig    usbd_ctlreq.o
    0x08003c48   0x08003c48   0x0000000a   Code   RO          280    i.USBD_Start        usbd_core.o
    0x08003c52   0x08003c52   0x000000f2   Code   RO          433    i.USBD_StdDevReq    usbd_ctlreq.o
    0x08003d44   0x08003d44   0x000000dc   Code   RO          434    i.USBD_StdEPReq     usbd_ctlreq.o
    0x08003e20   0x08003e20   0x00000034   Code   RO          435    i.USBD_StdItfReq    usbd_ctlreq.o
    0x08003e54   0x08003e54   0x00000080   Code   RO         2631    i.USB_ActivateEndpoint  stm32f4xx_ll_usb.o
    0x08003ed4   0x08003ed4   0x00000034   Code   RO         2633    i.USB_ActivateSetup  stm32f4xx_ll_usb.o
    0x08003f08   0x08003f08   0x00000074   Code   RO         2635    i.USB_CoreInit      stm32f4xx_ll_usb.o
    0x08003f7c   0x08003f7c   0x00000034   Code   RO         2636    i.USB_CoreReset     stm32f4xx_ll_usb.o
    0x08003fb0   0x08003fb0   0x00000080   Code   RO         2639    i.USB_DeactivateEndpoint  stm32f4xx_ll_usb.o
    0x08004030   0x08004030   0x00000018   Code   RO         2640    i.USB_DevConnect    stm32f4xx_ll_usb.o
    0x08004048   0x08004048   0x00000018   Code   RO         2641    i.USB_DevDisconnect  stm32f4xx_ll_usb.o
    0x08004060   0x08004060   0x00000188   Code   RO         2642    i.USB_DevInit       stm32f4xx_ll_usb.o
    0x080041e8   0x080041e8   0x0000000c   Code   RO         2643    i.USB_DisableGlobalInt  stm32f4xx_ll_usb.o
    0x080041f4   0x080041f4   0x00000118   Code   RO         2646    i.USB_EP0StartXfer  stm32f4xx_ll_usb.o
    0x0800430c   0x0800430c   0x00000058   Code   RO         2647    i.USB_EP0_OutStart  stm32f4xx_ll_usb.o
    0x08004364   0x08004364   0x00000058   Code   RO         2648    i.USB_EPClearStall  stm32f4xx_ll_usb.o
    0x080043bc   0x080043bc   0x00000058   Code   RO         2649    i.USB_EPSetStall    stm32f4xx_ll_usb.o
    0x08004414   0x08004414   0x000001e4   Code   RO         2650    i.USB_EPStartXfer   stm32f4xx_ll_usb.o
    0x080045f8   0x080045f8   0x0000000c   Code   RO         2651    i.USB_EnableGlobalInt  stm32f4xx_ll_usb.o
    0x08004604   0x08004604   0x00000020   Code   RO         2652    i.USB_FlushRxFifo   stm32f4xx_ll_usb.o
    0x08004624   0x08004624   0x00000024   Code   RO         2653    i.USB_FlushTxFifo   stm32f4xx_ll_usb.o
    0x08004648   0x08004648   0x0000001a   Code   RO         2655    i.USB_GetDevSpeed   stm32f4xx_ll_usb.o
    0x08004662   0x08004662   0x00000008   Code   RO         2657    i.USB_GetMode       stm32f4xx_ll_usb.o
    0x0800466a   0x0800466a   0x0000000e   Code   RO         2664    i.USB_ReadDevAllInEpInterrupt  stm32f4xx_ll_usb.o
    0x08004678   0x08004678   0x0000000e   Code   RO         2665    i.USB_ReadDevAllOutEpInterrupt  stm32f4xx_ll_usb.o
    0x08004686   0x08004686   0x00000024   Code   RO         2666    i.USB_ReadDevInEPInterrupt  stm32f4xx_ll_usb.o
    0x080046aa   0x080046aa   0x00000010   Code   RO         2667    i.USB_ReadDevOutEPInterrupt  stm32f4xx_ll_usb.o
    0x080046ba   0x080046ba   0x00000008   Code   RO         2668    i.USB_ReadInterrupts  stm32f4xx_ll_usb.o
    0x080046c2   0x080046c2   0x0000001e   Code   RO         2669    i.USB_ReadPacket    stm32f4xx_ll_usb.o
    0x080046e0   0x080046e0   0x0000002e   Code   RO         2671    i.USB_SetCurrentMode  stm32f4xx_ll_usb.o
    0x0800470e   0x0800470e   0x00000022   Code   RO         2672    i.USB_SetDevAddress  stm32f4xx_ll_usb.o
    0x08004730   0x08004730   0x000000e8   Code   RO         2674    i.USB_SetTurnaroundTime  stm32f4xx_ll_usb.o
    0x08004818   0x08004818   0x00000042   Code   RO         2675    i.USB_StopDevice    stm32f4xx_ll_usb.o
    0x0800485a   0x0800485a   0x00000024   Code   RO         2677    i.USB_WritePacket   stm32f4xx_ll_usb.o
    0x0800487e   0x0800487e   0x00000002   PAD
    0x08004880   0x08004880   0x00000060   Code   RO         3062    i.UsbConnectHook    hooks.o
    0x080048e0   0x080048e0   0x00000002   Code   RO         3063    i.UsbEnterLowPowerModeHook  hooks.o
    0x080048e2   0x080048e2   0x00000002   PAD
    0x080048e4   0x080048e4   0x0000002c   Code   RO         4321    i.UsbFifoMgrCreate  usb.o
    0x08004910   0x08004910   0x00000074   Code   RO         4322    i.UsbFifoMgrRead    usb.o
    0x08004984   0x08004984   0x00000078   Code   RO         4323    i.UsbFifoMgrWrite   usb.o
    0x080049fc   0x080049fc   0x00000020   Code   RO         4324    i.UsbFree           usb.o
    0x08004a1c   0x08004a1c   0x000000d4   Code   RO         4325    i.UsbInit           usb.o
    0x08004af0   0x08004af0   0x00000002   Code   RO         3064    i.UsbLeaveLowPowerModeHook  hooks.o
    0x08004af2   0x08004af2   0x00000002   PAD
    0x08004af4   0x08004af4   0x00000010   Code   RO         4326    i.UsbReceiveByte    usb.o
    0x08004b04   0x08004b04   0x00000078   Code   RO         4327    i.UsbReceivePacket  usb.o
    0x08004b7c   0x08004b7c   0x00000080   Code   RO         4328    i.UsbReceivePipeBulkOUT  usb.o
    0x08004bfc   0x08004bfc   0x00000010   Code   RO         4329    i.UsbTransmitByte   usb.o
    0x08004c0c   0x08004c0c   0x00000070   Code   RO         4330    i.UsbTransmitPacket  usb.o
    0x08004c7c   0x08004c7c   0x0000009c   Code   RO         4331    i.UsbTransmitPipeBulkIN  usb.o
    0x08004d18   0x08004d18   0x00000050   Code   RO         3934    i.XcpCmdConnect     xcp.o
    0x08004d68   0x08004d68   0x00000050   Code   RO         3935    i.XcpCmdProgram     xcp.o
    0x08004db8   0x08004db8   0x0000001c   Code   RO         3936    i.XcpInit           xcp.o
    0x08004dd4   0x08004dd4   0x00000010   Code   RO         3937    i.XcpIsConnected    xcp.o
    0x08004de4   0x08004de4   0x00000200   Code   RO         3938    i.XcpPacketReceived  xcp.o
    0x08004fe4   0x08004fe4   0x00000010   Code   RO         3939    i.XcpPacketTransmitted  xcp.o
    0x08004ff4   0x08004ff4   0x00000014   Code   RO         3940    i.XcpSetCtoError    xcp.o
    0x08005008   0x08005008   0x00000020   Code   RO         1025    i.__NVIC_SetPriority  stm32f4xx_hal_cortex.o
    0x08005028   0x08005028   0x00000058   Code   RO         4426    i.check_fs          ff.o
    0x08005080   0x08005080   0x00000010   Code   RO         4427    i.chk_chr           ff.o
    0x08005090   0x08005090   0x00000018   Code   RO         4428    i.clust2sect        ff.o
    0x080050a8   0x080050a8   0x00000084   Code   RO         4429    i.cmp_lfn           ff.o
    0x0800512c   0x0800512c   0x000000a4   Code   RO         4430    i.create_chain      ff.o
    0x080051d0   0x080051d0   0x000001dc   Code   RO         4431    i.create_name       ff.o
    0x080053ac   0x080053ac   0x00000014   Code   RO            4    i.deselect_card     mmc.o
    0x080053c0   0x080053c0   0x000000c8   Code   RO         4432    i.dir_find          ff.o
    0x08005488   0x08005488   0x000000ee   Code   RO         4433    i.dir_next          ff.o
    0x08005576   0x08005576   0x000000b2   Code   RO         4434    i.dir_read          ff.o
    0x08005628   0x08005628   0x000001d0   Code   RO         4435    i.dir_register      ff.o
    0x080057f8   0x080057f8   0x0000004e   Code   RO         4436    i.dir_remove        ff.o
    0x08005846   0x08005846   0x00000082   Code   RO         4437    i.dir_sdi           ff.o
    0x080058c8   0x080058c8   0x00000174   Code   RO            5    i.disk_initialize   mmc.o
    0x08005a3c   0x08005a3c   0x000001c8   Code   RO            6    i.disk_ioctl        mmc.o
    0x08005c04   0x08005c04   0x0000007c   Code   RO            7    i.disk_read         mmc.o
    0x08005c80   0x08005c80   0x00000010   Code   RO            8    i.disk_status       mmc.o
    0x08005c90   0x08005c90   0x00000098   Code   RO            9    i.disk_write        mmc.o
    0x08005d28   0x08005d28   0x0000001e   Code   RO         4438    i.f_close           ff.o
    0x08005d46   0x08005d46   0x00000048   Code   RO         4441    i.f_gets            ff.o
    0x08005d8e   0x08005d8e   0x00000134   Code   RO         4442    i.f_lseek           ff.o
    0x08005ec2   0x08005ec2   0x00000002   PAD
    0x08005ec4   0x08005ec4   0x0000004c   Code   RO         4444    i.f_mount           ff.o
    0x08005f10   0x08005f10   0x00000150   Code   RO         4445    i.f_open            ff.o
    0x08006060   0x08006060   0x00000046   Code   RO         4449    i.f_puts            ff.o
    0x080060a6   0x080060a6   0x0000013a   Code   RO         4450    i.f_read            ff.o
    0x080061e0   0x080061e0   0x00000048   Code   RO         4453    i.f_stat            ff.o
    0x08006228   0x08006228   0x00000090   Code   RO         4454    i.f_sync            ff.o
    0x080062b8   0x080062b8   0x000000a0   Code   RO         4456    i.f_unlink          ff.o
    0x08006358   0x08006358   0x00000170   Code   RO         4457    i.f_write           ff.o
    0x080064c8   0x080064c8   0x00000038   Code   RO         4737    i.ff_convert        unicode.o
    0x08006500   0x08006500   0x00000080   Code   RO         4738    i.ff_wtoupper       unicode.o
    0x08006580   0x08006580   0x00000248   Code   RO         4458    i.find_volume       ff.o
    0x080067c8   0x080067c8   0x00000076   Code   RO         4459    i.follow_path       ff.o
    0x0800683e   0x0800683e   0x00000002   PAD
    0x08006840   0x08006840   0x0000007c   Code   RO         4460    i.gen_numname       ff.o
    0x080068bc   0x080068bc   0x000000be   Code   RO         4461    i.get_fat           ff.o
    0x0800697a   0x0800697a   0x000000e2   Code   RO         4462    i.get_fileinfo      ff.o
    0x08006a5c   0x08006a5c   0x0000003c   Code   RO         4463    i.get_ldnumber      ff.o
    0x08006a98   0x08006a98   0x00000026   Code   RO         4464    i.ld_clust          ff.o
    0x08006abe   0x08006abe   0x00000016   Code   RO         4465    i.ld_dword          ff.o
    0x08006ad4   0x08006ad4   0x0000000a   Code   RO         4466    i.ld_word           ff.o
    0x08006ade   0x08006ade   0x00000012   Code   RO         3218    i.main              main.o
    0x08006af0   0x08006af0   0x00000012   Code   RO         4467    i.mem_cpy           ff.o
    0x08006b02   0x08006b02   0x0000000c   Code   RO         4468    i.mem_set           ff.o
    0x08006b0e   0x08006b0e   0x00000032   Code   RO         4469    i.move_window       ff.o
    0x08006b40   0x08006b40   0x00000070   Code   RO         4470    i.pick_lfn          ff.o
    0x08006bb0   0x08006bb0   0x000000b4   Code   RO           10    i.power_on          mmc.o
    0x08006c64   0x08006c64   0x000000ea   Code   RO         4471    i.put_fat           ff.o
    0x08006d4e   0x08006d4e   0x00000046   Code   RO         4472    i.putc_bfd          ff.o
    0x08006d94   0x08006d94   0x0000005c   Code   RO           11    i.rcvr_datablock    mmc.o
    0x08006df0   0x08006df0   0x0000000e   Code   RO           12    i.rcvr_spi_m        mmc.o
    0x08006dfe   0x08006dfe   0x00000072   Code   RO         4473    i.remove_chain      ff.o
    0x08006e70   0x08006e70   0x00000028   Code   RO           13    i.select_card       mmc.o
    0x08006e98   0x08006e98   0x00000088   Code   RO           14    i.send_cmd          mmc.o
    0x08006f20   0x08006f20   0x000000a4   Code   RO           15    i.send_initial_clock_train  mmc.o
    0x08006fc4   0x08006fc4   0x00000028   Code   RO         4474    i.st_clust          ff.o
    0x08006fec   0x08006fec   0x00000010   Code   RO         4475    i.st_dword          ff.o
    0x08006ffc   0x08006ffc   0x00000008   Code   RO         4476    i.st_word           ff.o
    0x08007004   0x08007004   0x0000001a   Code   RO         4477    i.sum_sfn           ff.o
    0x0800701e   0x0800701e   0x00000002   PAD
    0x08007020   0x08007020   0x00000088   Code   RO         4478    i.sync_fs           ff.o
    0x080070a8   0x080070a8   0x00000052   Code   RO         4479    i.sync_window       ff.o
    0x080070fa   0x080070fa   0x00000032   Code   RO         4480    i.validate          ff.o
    0x0800712c   0x0800712c   0x0000002a   Code   RO           16    i.wait_ready        mmc.o
    0x08007156   0x08007156   0x00000002   PAD
    0x08007158   0x08007158   0x0000003c   Code   RO           17    i.xchg_spi          mmc.o
    0x08007194   0x08007194   0x00000054   Code   RO           18    i.xmit_datablock    mmc.o
    0x080071e8   0x080071e8   0x0000002c   Code   RO         4793    locale$$code        c_w.l(lc_ctype_c.o)
    0x08007214   0x08007214   0x0000000a   Code   RO         4878    x$fpl$fpinit        fz_wm.l(fpinit.o)
    0x0800721e   0x0800721e   0x00000010   Data   RO         3017    .constdata          system_stm32f4xx.o
    0x0800722e   0x0800722e   0x00000008   Data   RO         3018    .constdata          system_stm32f4xx.o
    0x08007236   0x08007236   0x00000020   Data   RO         3066    .constdata          hooks.o
    0x08007256   0x08007256   0x00000008   Data   RO         3942    .constdata          xcp.o
    0x0800725e   0x0800725e   0x00000024   Data   RO         3990    .constdata          can.o
    0x08007282   0x08007282   0x00000002   PAD
    0x08007284   0x08007284   0x00000078   Data   RO         4085    .constdata          flash.o
    0x080072fc   0x080072fc   0x0000008d   Data   RO         4482    .constdata          ff.o
    0x08007389   0x08007389   0x00000001   PAD
    0x0800738a   0x0800738a   0x000003ae   Data   RO         4739    .constdata          unicode.o
    0x08007738   0x08007738   0x00000020   Data   RO         4957    Region$$Table       anon$$obj.o
    0x08007758   0x08007758   0x00000110   Data   RO         4792    locale$$data        c_w.l(lc_ctype_c.o)


    Execution Region RW_IRAM2 (Exec base: 0x10000000, Load base: 0x08007964, Size: 0x00000000, Max: 0x00010000, ABSOLUTE)

    **** No section assigned to this execution region ****


    Execution Region RW_IRAM1 (Exec base: 0x20000000, Load base: 0x08007868, Size: 0x00002468, Max: 0x00020000, ABSOLUTE)

    Exec Addr    Load Addr    Size         Type   Attr      Idx    E Section Name        Object

    0x20000000   0x08007868   0x00000008   Data   RW           19    .data               mmc.o
    0x20000008   0x08007870   0x00000001   Data   RW          436    .data               usbd_ctlreq.o
    0x20000009   0x08007871   0x00000003   PAD
    0x2000000c   0x08007874   0x0000000c   Data   RW          592    .data               stm32f4xx_hal.o
    0x20000018   0x08007880   0x00000004   Data   RW         3019    .data               system_stm32f4xx.o
    0x2000001c   0x08007884   0x00000001   Data   RW         3067    .data               hooks.o
    0x2000001d   0x08007885   0x00000003   PAD
    0x20000020   0x08007888   0x00000008   Data   RW         3177    .data               led.o
    0x20000028   0x08007890   0x00000030   Data   RW         3302    .data               usbd_bulk.o
    0x20000058   0x080078c0   0x00000038   Data   RW         3303    .data               usbd_bulk.o
    0x20000090   0x080078f8   0x0000001c   Data   RW         3641    .data               usbd_desc.o
    0x200000ac   0x08007914   0x00000016   Data   RW         3642    .data               usbd_desc.o
    0x200000c2   0x0800792a   0x00000002   PAD
    0x200000c4   0x0800792c   0x0000000c   Data   RW         3725    .data               backdoor.o
    0x200000d0   0x08007938   0x00000001   Data   RW         3784    .data               com.o
    0x200000d1   0x08007939   0x00000003   PAD
    0x200000d4   0x0800793c   0x0000000c   Data   RW         3863    .data               file.o
    0x200000e0   0x08007948   0x00000008   Data   RW         4222    .data               rs232.o
    0x200000e8   0x08007950   0x00000004   Data   RW         4273    .data               timer.o
    0x200000ec   0x08007954   0x00000008   Data   RW         4333    .data               usb.o
    0x200000f4   0x0800795c   0x00000008   Data   RW         4483    .data               ff.o
    0x200000fc        -       0x00000020   Zero   RW         1378    .bss                stm32f4xx_hal_flash.o
    0x2000011c        -       0x0000022c   Zero   RW         3065    .bss                hooks.o
    0x20000348        -       0x00000040   Zero   RW         3301    .bss                usbd_bulk.o
    0x20000388        -       0x00000408   Zero   RW         3395    .bss                usbd_conf.o
    0x20000790        -       0x00000200   Zero   RW         3640    .bss                usbd_desc.o
    0x20000990        -       0x00000040   Zero   RW         3783    .bss                com.o
    0x200009d0        -       0x0000061c   Zero   RW         3862    .bss                file.o
    0x20000fec        -       0x0000004c   Zero   RW         3941    .bss                xcp.o
    0x20001038        -       0x00000028   Zero   RW         3989    .bss                can.o
    0x20001060        -       0x00000408   Zero   RW         4084    .bss                flash.o
    0x20001468        -       0x00000041   Zero   RW         4221    .bss                rs232.o
    0x200014a9   0x08007964   0x00000003   PAD
    0x200014ac        -       0x00000358   Zero   RW         4332    .bss                usb.o
    0x20001804        -       0x00000200   Zero   RW         4481    .bss                ff.o
    0x20001a04        -       0x00000060   Zero   RW         4796    .bss                c_w.l(libspace.o)
    0x20001a64   0x08007964   0x00000004   PAD
    0x20001a68        -       0x00000200   Zero   RW         3702    HEAP                startup_stm32f405xx.o
    0x20001c68        -       0x00000800   Zero   RW         3701    STACK               startup_stm32f405xx.o


==============================================================================

Image component sizes


      Code (inc. data)   RO Data    RW Data    ZI Data      Debug   Object Name

         6          0          0          0          0        888   asserts.o
       144         28          0         12          0       3624   backdoor.o
        60          0          0          0          0       1130   boot.o
       448         62         36          0         40       4525   can.o
       292         32          0          1         64       4995   com.o
         8          0          0          0          0       1007   cop.o
       106         10          0          0          0       2565   cpu.o
         8          0          0          0          0       1119   cpu_comp.o
      6478        100        141          8        512      49849   ff.o
      2036        524          0         12       1564       9904   file.o
       786         68        120          0       1032      10795   flash.o
       438         76         32          1        556      33898   hooks.o
       104         30          0          8          0       2173   led.o
       690        104          0          0          0      43613   main.o
      1952         84          0          8          0     647398   mmc.o
        40          0          0          0          0       4022   nvm.o
       348         66          0          8         65      16943   rs232.o
        64         28        392          0       2560        844   startup_stm32f405xx.o
       204         22          0         12          0     534130   stm32f4xx_hal.o
      1120          6          0          0          0       7035   stm32f4xx_hal_can.o
       172         14          0          0          0      33458   stm32f4xx_hal_cortex.o
       516         66          0          0         32       7194   stm32f4xx_hal_flash.o
       356         24          0          0          0       4322   stm32f4xx_hal_flash_ex.o
      2526         18          0          0          0      18096   stm32f4xx_hal_pcd.o
        78          0          0          0          0       2681   stm32f4xx_hal_pcd_ex.o
        12          6          0          0          0       1294   stm32f4xx_hal_rcc.o
         0          0          0          0          0       5476   stm32f4xx_ll_dma.o
       510         48          0          0          0       9424   stm32f4xx_ll_gpio.o
       400         72          0          0          0      29567   stm32f4xx_ll_rcc.o
       100          0          0          0          0      37322   stm32f4xx_ll_spi.o
       352         24          0          0          0      16224   stm32f4xx_ll_usart.o
      2602        138          0          0          0      25276   stm32f4xx_ll_usb.o
        12          6          0          0          0      14288   stm32f4xx_ll_utils.o
        84         18         24          4          0       1323   system_stm32f4xx.o
        96         16          0          4          0       4122   timer.o
       184         22        942          0          0       3171   unicode.o
      1072        310          0          8        856       9623   usb.o
       244         22          0        104         64       6306   usbd_bulk.o
       710         24          0          0       1032     544932   usbd_conf.o
       664          0          0          0          0      17951   usbd_core.o
       986         30          0          1          0      12892   usbd_ctlreq.o
       208        112          0         50        512      10119   usbd_desc.o
       102          0          0          0          0       4000   usbd_ioreq.o
       752         48          8          0         76       6766   xcp.o

    ----------------------------------------------------------------------
     28110       2258       1730        252       8968    2206284   Object Totals
         0          0         32          0          0          0   (incl. Generated)
        40          0          3         11          3          0   (incl. Padding)

    ----------------------------------------------------------------------

      Code (inc. data)   RO Data    RW Data    ZI Data      Debug   Library Member Name

         8          0          0          0          0         68   __main.o
         0          0          0          0          0          0   __rtentry.o
        12          0          0          0          0          0   __rtentry2.o
         6          0          0          0          0          0   __rtentry4.o
        52          8          0          0          0          0   __scatter.o
        26          0          0          0          0          0   __scatter_copy.o
        28          0          0          0          0          0   __scatter_zi.o
        18          0          0          0          0         80   exit.o
         6          0          0          0          0        152   heapauxi.o
         0          0          0          0          0          0   indicate_semi.o
        44         10        272          0          0         76   lc_ctype_c.o
         2          0          0          0          0          0   libinit.o
        24          0          0          0          0          0   libinit2.o
         2          0          0          0          0          0   libshutdown.o
         2          0          0          0          0          0   libshutdown2.o
         8          4          0          0         96         68   libspace.o
        16          4          0          0          0         76   rt_ctype_table.o
         8          4          0          0          0         68   rt_locale_intlibspace.o
        78          0          0          0          0         80   rt_memclr_w.o
       100          0          0          0          0         80   rt_memcpy_w.o
         2          0          0          0          0          0   rtexit.o
        10          0          0          0          0          0   rtexit2.o
       128          0          0          0          0         68   strcmpv7m.o
        12          4          0          0          0         68   sys_exit.o
        74          0          0          0          0         80   sys_stackheap_outer.o
        30          0          0          0          0         76   toupper.o
         2          0          0          0          0         68   use_no_semi.o
        10          0          0          0          0        116   fpinit.o

    ----------------------------------------------------------------------
       712         34        272          0        100       1224   Library Totals
         4          0          0          0          4          0   (incl. Padding)

    ----------------------------------------------------------------------

      Code (inc. data)   RO Data    RW Data    ZI Data      Debug   Library Name

       698         34        272          0         96       1108   c_w.l
        10          0          0          0          0        116   fz_wm.l

    ----------------------------------------------------------------------
       712         34        272          0        100       1224   Library Totals

    ----------------------------------------------------------------------

==============================================================================


      Code (inc. data)   RO Data    RW Data    ZI Data      Debug   

     28822       2292       2002        252       9068    2174088   Grand Totals
     28822       2292       2002        252       9068    2174088   ELF Image Totals
     28822       2292       2002        252          0          0   ROM Totals

==============================================================================

    Total RO  Size (Code + RO Data)                30824 (  30.10kB)
    Total RW  Size (RW Data + ZI Data)              9320 (   9.10kB)
    Total ROM Size (Code + RO Data + RW Data)      31076 (  30.35kB)

==============================================================================

